06-24 05:59:28.687 I/SystemServer(  590): StartCountryDetectorService
06-24 05:59:28.688 I/SystemServer(  590): StartSearchManagerService
06-24 05:59:28.688 I/SystemServiceManager(  590): Starting com.android.server.search.SearchManagerService$Lifecycle
06-24 05:59:28.688 I/SystemServiceManager(  590): Starting com.android.server.DropBoxManagerService
06-24 05:59:28.697 I/SystemServer(  590): StartWallpaperManagerService
06-24 05:59:28.697 I/SystemServiceManager(  590): Starting com.android.server.wallpaper.WallpaperManagerService$Lifecycle
06-24 05:59:28.699 E/BitmapFactory(  590): Unable to decode stream: java.io.FileNotFoundException: /data/system/users/0/wallpaper_orig (No such file or directory)
06-24 05:59:28.699 E/WallpaperManagerService(  590): Invalid wallpaper data
06-24 05:59:28.699 E/WallpaperManagerService(  590): Unable to apply new wallpaper
06-24 05:59:28.699 I/SystemServer(  590): StartAudioService
06-24 05:59:28.699 I/SystemServiceManager(  590): Starting com.android.server.audio.AudioService$Lifecycle
06-24 05:59:28.702 W/TelecomManager(  590): Telecom Service not found.
06-24 05:59:28.703 W/AudioFlinger(  278): no wake lock to update, system not ready yet
06-24 05:59:28.706 I/SystemServiceManager(  590): Starting com.android.server.DockObserver
06-24 05:59:28.706 W/DockObserver(  590): This kernel does not have dock station support
06-24 05:59:28.706 I/SystemServer(  590): StartWiredAccessoryManager
06-24 05:59:28.706 W/WiredAccessoryManager(  590): This kernel does not have wired headset support
06-24 05:59:28.706 W/WiredAccessoryManager(  590): This kernel does not have usb audio support
06-24 05:59:28.706 W/WiredAccessoryManager(  590): This kernel does not have HDMI audio support
06-24 05:59:28.706 I/SystemServiceManager(  590): Starting com.android.server.usb.UsbService$Lifecycle
06-24 05:59:28.749 E/UsbDeviceManager(  590): failed to write to /sys/class/android_usb/android0/f_rndis/ethaddr
06-24 05:59:28.751 E/UsbDeviceManager(  590): Error initializing UsbHandler
06-24 05:59:28.751 E/UsbDeviceManager(  590): java.io.FileNotFoundException: /sys/class/android_usb/android0/state (No such file or directory)
06-24 05:59:28.751 E/UsbDeviceManager(  590): 	at java.io.FileInputStream.open(Native Method)
06-24 05:59:28.751 E/UsbDeviceManager(  590): 	at java.io.FileInputStream.<init>(FileInputStream.java:146)
06-24 05:59:28.751 E/UsbDeviceManager(  590): 	at android.os.FileUtils.readTextFile(FileUtils.java:263)
06-24 05:59:28.751 E/UsbDeviceManager(  590): 	at com.android.server.usb.UsbDeviceManager$UsbHandler.<init>(UsbDeviceManager.java:352)
06-24 05:59:28.751 E/UsbDeviceManager(  590): 	at com.android.server.usb.UsbDeviceManager.<init>(UsbDeviceManager.java:204)
06-24 05:59:28.751 E/UsbDeviceManager(  590): 	at com.android.server.usb.UsbService.<init>(UsbService.java:116)
06-24 05:59:28.751 E/UsbDeviceManager(  590): 	at com.android.server.usb.UsbService$Lifecycle.onStart(UsbService.java:65)
06-24 05:59:28.751 E/UsbDeviceManager(  590): 	at com.android.server.SystemServiceManager.startService(SystemServiceManager.java:112)
06-24 05:59:28.751 E/UsbDeviceManager(  590): 	at com.android.server.SystemServiceManager.startService(SystemServiceManager.java:66)
06-24 05:59:28.751 E/UsbDeviceManager(  590): 	at com.android.server.SystemServer.startOtherServices(SystemServer.java:971)
06-24 05:59:28.751 E/UsbDeviceManager(  590): 	at com.android.server.SystemServer.run(SystemServer.java:324)
06-24 05:59:28.751 E/UsbDeviceManager(  590): 	at com.android.server.SystemServer.main(SystemServer.java:209)
06-24 05:59:28.751 E/UsbDeviceManager(  590): 	at java.lang.reflect.Method.invoke(Native Method)
06-24 05:59:28.751 E/UsbDeviceManager(  590): 	at com.android.internal.os.ZygoteInit$MethodAndArgsCaller.run(ZygoteInit.java:865)
06-24 05:59:28.751 E/UsbDeviceManager(  590): 	at com.android.internal.os.ZygoteInit.main(ZygoteInit.java:755)
06-24 05:59:28.751 E/UsbDeviceManagerJNI(  590): could not open /dev/usb_accessory
06-24 05:59:28.752 I/SystemServer(  590): StartSerialService
06-24 05:59:28.752 E/HardwarePropertiesManagerService-JNI(  590): Couldn't load thermal module (No such file or directory)
06-24 05:59:28.753 I/SystemServiceManager(  590): Starting com.android.server.twilight.TwilightService
06-24 05:59:28.753 I/SystemServiceManager(  590): Starting com.android.server.job.JobSchedulerService
06-24 05:59:28.755 I/SystemServiceManager(  590): Starting com.android.server.soundtrigger.SoundTriggerService
06-24 05:59:28.755 I/SystemServiceManager(  590): Starting com.android.server.backup.BackupManagerService$Lifecycle
06-24 05:59:28.756 I/SystemServiceManager(  590): Starting com.android.server.appwidget.AppWidgetService
06-24 05:59:28.763 I/SystemServiceManager(  590): Starting com.android.server.voiceinteraction.VoiceInteractionManagerService
06-24 05:59:28.763 I/SystemServer(  590): Gesture Launcher Service
06-24 05:59:28.763 I/SystemServiceManager(  590): Starting com.android.server.GestureLauncherService
06-24 05:59:28.763 I/SystemServiceManager(  590): Starting com.android.server.SensorNotificationService
06-24 05:59:28.763 I/SystemServiceManager(  590): Starting com.android.server.ContextHubSystemService
06-24 05:59:28.764 E/ContextHubService(  590): ** Could not load context_hub module : err No such file or directory
06-24 05:59:28.764 W/ContextHubService(  590): No Context Hub Module present
06-24 05:59:28.764 I/SystemServer(  590): StartDiskStatsService
06-24 05:59:28.764 I/SystemServer(  590): StartSamplingProfilerService
06-24 05:59:28.767 I/SystemServer(  590): StartNetworkTimeUpdateService
06-24 05:59:28.767 I/SystemServer(  590): StartCommonTimeManagementService
06-24 05:59:28.768 I/SystemServer(  590): CertBlacklister
06-24 05:59:28.768 I/SystemServiceManager(  590): Starting com.android.server.dreams.DreamManagerService
06-24 05:59:28.769 I/SystemServer(  590): StartAssetAtlasService
06-24 05:59:28.770 I/SystemServiceManager(  590): Starting com.android.server.print.PrintManagerService
06-24 05:59:28.789 I/SystemServiceManager(  590): Starting com.android.server.restrictions.RestrictionsManagerService
06-24 05:59:28.789 I/SystemServiceManager(  590): Starting com.android.server.media.MediaSessionService
06-24 05:59:28.796 I/SystemServer(  590): StartMediaRouterService
06-24 05:59:28.796 I/SystemServiceManager(  590): Starting com.android.server.trust.TrustManagerService
06-24 05:59:28.797 I/SystemServer(  590): StartBackgroundDexOptService
06-24 05:59:28.797 I/SystemServiceManager(  590): Starting com.android.server.pm.ShortcutService$Lifecycle
06-24 05:59:28.798 I/SystemServiceManager(  590): Starting com.android.server.pm.LauncherAppsService
06-24 05:59:28.798 I/SystemServiceManager(  590): Starting com.android.server.media.projection.MediaProjectionManagerService
06-24 05:59:28.801 I/WindowManager(  590): SAFE MODE not enabled
06-24 05:59:28.801 I/SystemServiceManager(  590): Starting com.android.server.MmsServiceBroker
06-24 05:59:28.801 W/VibratorService(  590): Tried to stop vibrating but there is no vibrator device.
06-24 05:59:28.815 E/LockSettingsStorage(  590): Cannot read file java.io.FileNotFoundException: /data/system/gatekeeper.password.key: open failed: ENOENT (No such file or directory)
06-24 05:59:28.815 E/LockSettingsStorage(  590): Cannot read file java.io.FileNotFoundException: /data/system/password.key: open failed: ENOENT (No such file or directory)
06-24 05:59:28.815 E/LockSettingsStorage(  590): Cannot read file java.io.FileNotFoundException: /data/system/gatekeeper.pattern.key: open failed: ENOENT (No such file or directory)
06-24 05:59:28.815 E/LockSettingsStorage(  590): Cannot read file java.io.FileNotFoundException: /data/system/gatekeeper.gesture.key: open failed: ENOENT (No such file or directory)
06-24 05:59:28.815 E/LockSettingsStorage(  590): Cannot read file java.io.FileNotFoundException: /data/system/gesture.key: open failed: ENOENT (No such file or directory)
06-24 05:59:28.815 I/SystemServiceManager(  590): Starting phase 480
06-24 05:59:28.817 I/DevicePolicyManagerService(  590): Set ro.device_owner property to false
06-24 05:59:28.817 I/SystemServiceManager(  590): Starting phase 500
06-24 05:59:28.820 I/WifiService(  590): WifiService starting up with Wi-Fi enabled
06-24 05:59:28.820 I/WifiScanningService(  590): Starting wifiscanner
06-24 05:59:28.823 I/RttService(  590): Registering rttmanager
06-24 05:59:28.823 I/EthernetServiceImpl(  590): Starting Ethernet service
06-24 05:59:28.829 W/SoundTriggerHelper(  590): listModules status=0, # of modules=0
06-24 05:59:28.834 I/DefaultPermGrantPolicy(  590): Granting permissions to default platform handlers for user 0
06-24 05:59:28.834 W/VoiceInteractionManagerService(  590): no available voice interaction services found for user 0
06-24 05:59:28.834 W/VoiceInteractionManagerService(  590): no available voice recognition services found for user 0
06-24 05:59:28.834 W/KeyguardServiceDelegate(  590): onScreenTurningOn(): no keyguard service!
06-24 05:59:28.838 I/ActivityManager(  590): System now ready
06-24 05:59:28.838 I/SystemServer(  590): Making services ready
06-24 05:59:28.838 I/SystemServiceManager(  590): Starting phase 550
06-24 05:59:28.839 E/InputMethodManagerService(  590): Ignoring updateSystemUiLocked due to an invalid token. uid:1000 token:null
06-24 05:59:28.857 I/Zygote  (  590): Process: zygote socket opened, supported ABIS: x86_64
06-24 05:59:28.857 I/art     (  276): Starting a blocking GC HeapTrim
06-24 05:59:28.867 I/ActivityManager(  590): Start proc 665:com.android.inputmethod.latin/u0a48 for service com.android.inputmethod.latin/.LatinIME
06-24 05:59:28.869 I/ActivityManager(  590): Force stopping com.android.providers.media appid=10010 user=-1: vold reset
06-24 05:59:28.869 E/BitmapFactory(  590): Unable to decode stream: java.io.FileNotFoundException: /data/system/users/0/wallpaper_orig (No such file or directory)
06-24 05:59:28.869 E/WallpaperManagerService(  590): Invalid wallpaper data
06-24 05:59:28.869 E/WallpaperManagerService(  590): Unable to apply new wallpaper
06-24 05:59:28.871 W/art     (  665): Unexpected CPU variant for X86 using defaults: x86_64
06-24 05:59:28.877 W/sdcard  (  670): Device explicitly disabled sdcardfs
06-24 05:59:28.881 I/ActivityManager(  590): Start proc 671:com.android.systemui/u0a23 for service com.android.systemui/.ImageWallpaper
06-24 05:59:28.883 W/art     (  671): Unexpected CPU variant for X86 using defaults: x86_64
06-24 05:59:28.886 E/BluetoothAdapter(  590): Bluetooth binder is null
06-24 05:59:28.887 I/SystemServer(  590): WebViewFactory preparation
06-24 05:59:28.888 E/BluetoothAdapter(  590): Bluetooth binder is null
06-24 05:59:28.894 I/AudioFlinger(  278): systemReady
06-24 05:59:28.897 I/Zygote  (  590): Process: zygote socket opened, supported ABIS: x86
06-24 05:59:28.897 I/art     (  277): Starting a blocking GC Background
06-24 05:59:28.905 W/System  (  671): ClassLoader referenced unknown path: /system/priv-app/SystemUI/lib/x86_64
06-24 05:59:28.908 E/WVMExtractor(  590): Failed to open libwvm.so: dlopen failed: library "libwvm.so" not found
06-24 05:59:28.916 I/mediaextractor(  286): type=1400 audit(0.0:280): avc: denied { sendto } for path="/dev/socket/logdw" scontext=u:r:mediaextractor:s0 tcontext=u:r:init:s0 tclass=unix_dgram_socket permissive=1
06-24 05:59:28.916 I/mediaextractor(  286): type=1400 audit(0.0:281): avc: denied { execmod } for path="/system/lib/libavcodec.so" dev="xvda5" ino=2166 scontext=u:r:mediaextractor:s0 tcontext=u:object_r:system_file:s0 tclass=file permissive=1
06-24 05:59:28.916 I/main    (  277): type=1400 audit(0.0:282): avc: denied { getattr } for path="/sys/kernel/debug/tracing/trace_marker" dev="tracefs" ino=40 scontext=u:r:zygote:s0 tcontext=u:object_r:debugfs_tracing:s0 tclass=file permissive=1
06-24 05:59:28.917 E/linker  (  286): library /system/lib/libavcodec.so with text relocation is whitelisted
06-24 05:59:28.917 W/linker  (  286): /system/lib/libavcodec.so has text relocations. This is wasting memory and prevents security hardening. Please fix.
06-24 05:59:28.917 E/linker  (  286): library /system/lib/libavcodec.so with text relocation is whitelisted
06-24 05:59:28.918 E/linker  (  286): library /system/lib/libswresample.so with text relocation is whitelisted
06-24 05:59:28.918 W/linker  (  286): /system/lib/libswresample.so has text relocations. This is wasting memory and prevents security hardening. Please fix.
06-24 05:59:28.918 E/linker  (  286): library /system/lib/libswresample.so with text relocation is whitelisted
06-24 05:59:28.920 I/main    (  703): type=1400 audit(0.0:283): avc: denied { write } for name="trace_marker" dev="tracefs" ino=40 scontext=u:r:zygote:s0 tcontext=u:object_r:debugfs_tracing:s0 tclass=file permissive=1
06-24 05:59:28.920 I/main    (  703): type=1400 audit(0.0:284): avc: denied { open } for path="/sys/kernel/debug/tracing/trace_marker" dev="tracefs" ino=40 scontext=u:r:zygote:s0 tcontext=u:object_r:debugfs_tracing:s0 tclass=file permissive=1
06-24 05:59:28.920 I/WebViewLoader-(  703): type=1400 audit(0.0:285): avc: denied { sendto } for path="/dev/socket/logdw" scontext=u:r:shared_relro:s0 tcontext=u:r:init:s0 tclass=unix_dgram_socket permissive=1
06-24 05:59:28.922 W/art     (  703): Unexpected CPU variant for X86 using defaults: x86
06-24 05:59:28.924 I/vold    (  127): type=1400 audit(0.0:286): avc: denied { write } for path="socket:[11718]" dev="sockfs" ino=11718 scontext=u:r:vold:s0 tcontext=u:r:init:s0 tclass=unix_stream_socket permissive=1
06-24 05:59:28.924 I/VoldConnector(  631): type=1400 audit(0.0:287): avc: denied { sendto } for path="/dev/socket/logdw" scontext=u:r:system_server:s0 tcontext=u:r:init:s0 tclass=unix_dgram_socket permissive=1
06-24 05:59:28.928 I/JDWP    (  710): type=1400 audit(0.0:288): avc: denied { connectto } for path=006A6477702D636F6E74726F6C scontext=u:r:shared_relro:s0 tcontext=u:r:init:s0 tclass=unix_stream_socket permissive=1
06-24 05:59:28.928 I/ActivityManager(  590): Start proc 703:WebViewLoader-x86/1037 [android.webkit.WebViewFactory$RelroFileCreator] for 
06-24 05:59:28.934 W/art     (  717): Unexpected CPU variant for X86 using defaults: x86_64
06-24 05:59:28.938 I/ActivityManager(  590): Start proc 717:WebViewLoader-x86_64/1037 [android.webkit.WebViewFactory$RelroFileCreator] for 
06-24 05:59:28.940 I/NetworkManagement(  590): not enabling bandwidth control
06-24 05:59:28.941 I/FFmpegExtractor(  286): android-source:0xe8cdc000
06-24 05:59:28.985 I/LatinIME(  665): Hardware accelerated drawing: true
06-24 05:59:28.995 W/NetworkManagement(  590): setDataSaverMode(): already false
06-24 05:59:28.997 W/NetworkStats(  590): bandwidth controls disabled, unable to track stats
06-24 05:59:28.997 W/NetworkPolicy(  590): bandwidth controls disabled, unable to enforce policy
06-24 05:59:29.000 I/SystemServiceManager(  590): Starting phase 600
06-24 05:59:29.002 I/FFMPEG  (  286): Input #0, ogg, from 'android-source:0xe8cdc000':
06-24 05:59:29.002 I/FFMPEG  (  286):   Duration: 00:00:00.09, start: 0.000000, bitrate: 437 kb/s
06-24 05:59:29.003 I/FFMPEG  (  286):     Stream #0:0: Audio: vorbis, 48000 Hz, stereo, fltp, 96 kb/s
06-24 05:59:29.003 I/FFmpegExtractor(  286): FFmpegExtrator, url: android-source:0xe8cdc000, format_name: ogg, format_long_name: Ogg
06-24 05:59:29.003 I/FFmpegExtractor(  286): list the formats suppoted by ffmpeg: 
06-24 05:59:29.003 I/FFmpegExtractor(  286): ========================================
06-24 05:59:29.003 I/FFmpegExtractor(  286): ========================================
06-24 05:59:29.003 I/FFmpegExtractor(  286): adjust mime(application/ogg -> audio/vorbis)
06-24 05:59:29.003 I/FFmpegExtractor(  286): sniff through BetterSniffFFMPEG success
06-24 05:59:29.004 I/mediaserver(  287): type=1400 audit(0.0:289): avc: denied { sendto } for path="/dev/socket/logdw" scontext=u:r:mediaserver:s0 tcontext=u:r:init:s0 tclass=unix_dgram_socket permissive=1
06-24 05:59:29.006 I/MediaPlayerService(  287): MediaPlayerService::getOMX
06-24 05:59:29.014 I/OMXClient(  287): MuxOMX ctor
06-24 05:59:29.015 I/MediaPlayerService(  287): MediaPlayerService::getOMX
06-24 05:59:29.021 I/GnssLocationProvider(  590): WakeLock acquired by sendMessage(13, 0, null)
06-24 05:59:29.022 E/GnssLocationProvider(  590): no AGPS interface in set_agps_server
06-24 05:59:29.025 W/ServiceWatcher(  590): com.google.android.gms not found
06-24 05:59:29.025 W/ServiceWatcher(  590): com.google.android.gms not found
06-24 05:59:29.025 W/LocationProviderProxy-network(  590): Odd, no component found for service com.android.location.service.v3.NetworkLocationProvider
06-24 05:59:29.026 W/ServiceWatcher(  590): com.google.android.gms not found
06-24 05:59:29.027 W/ServiceWatcher(  590): com.google.android.gms not found
06-24 05:59:29.027 W/GeocoderProxy(  590): Odd, no component found for service com.android.location.service.GeocodeProvider
06-24 05:59:29.027 E/FlpHardwareProvider(  590): Error hw_get_module 'flp': -2
06-24 05:59:29.028 W/ServiceWatcher(  590): com.google.android.gms not found
06-24 05:59:29.028 W/GeofenceProxy(  590): Odd, no component found for service com.android.location.service.GeofenceProvider
06-24 05:59:29.028 E/ActivityRecognitionHardware(  590): Error hw_get_module: -2
06-24 05:59:29.028 W/ServiceWatcher(  590): com.google.android.gms not found
06-24 05:59:29.029 W/ActivityRecognitionProxy(  590): Odd, no component found for service com.android.location.service.ActivityRecognitionProvider
06-24 05:59:29.029 I/GnssLocationProvider(  590): WakeLock acquired by sendMessage(2, 1, null)
06-24 05:59:29.029 I/GnssLocationProvider(  590): WakeLock released by handleMessage(13, 0, null)
06-24 05:59:29.030 E/GnssLocationProvider(  590): no AGPS interface in set_agps_server
06-24 05:59:29.030 I/GnssLocationProvider(  590): WakeLock released by handleMessage(2, 1, null)
06-24 05:59:29.031 I/CommonTimeManagementService(  590): No common time service detected on this platform.  Common time services will be unavailable.
06-24 05:59:29.032 I/mediacodec(  284): type=1400 audit(0.0:290): avc: denied { sendto } for path="/dev/socket/logdw" scontext=u:r:mediacodec:s0 tcontext=u:r:init:s0 tclass=unix_dgram_socket permissive=1
06-24 05:59:29.032 I/MmsServiceBroker(  590): Delay connecting to MmsService until an API is called
06-24 05:59:29.032 I/OMXClient(  287): MuxOMX ctor
06-24 05:59:29.032 I/OMXMaster(  284): makeComponentInstance(OMX.google.mp3.decoder) in mediacodec process
06-24 05:59:29.040 I/InputReader(  590): Reconfiguring input devices.  changes=0x00000020
06-24 05:59:29.042 W/VoiceInteractionManagerService(  590): no available voice interaction services found for user 0
06-24 05:59:29.042 W/VoiceInteractionManagerService(  590): no available voice recognition services found for user 0
06-24 05:59:29.048 I/InputReader(  590): Reconfiguring input devices.  changes=0x00000010
06-24 05:59:29.053 I/ActivityManager(  590): Start proc 743:com.android.phone/1001 for added application com.android.phone
06-24 05:59:29.056 I/m.android.phon(  743): type=1400 audit(0.0:291): avc: denied { sendto } for path="/dev/socket/logdw" scontext=u:r:radio:s0 tcontext=u:r:init:s0 tclass=unix_dgram_socket permissive=1
06-24 05:59:29.057 W/art     (  743): Unexpected CPU variant for X86 using defaults: x86_64
06-24 05:59:29.113 W/ActivityManager(  590): Slow operation: 59ms so far, now at startProcess: returned from zygote!
06-24 05:59:29.113 W/ActivityManager(  590): Slow operation: 59ms so far, now at startProcess: done updating battery stats
06-24 05:59:29.113 W/ActivityManager(  590): Slow operation: 59ms so far, now at startProcess: building log message
06-24 05:59:29.113 I/ActivityManager(  590): Start proc 760:com.genymobile.webrtcd/1000 for added application com.genymobile.webrtcd
06-24 05:59:29.113 W/ActivityManager(  590): Slow operation: 59ms so far, now at startProcess: starting to update pids map
06-24 05:59:29.113 W/ActivityManager(  590): Slow operation: 59ms so far, now at startProcess: done updating pids map
06-24 05:59:29.113 I/ActivityManager(  590): START u0 {act=android.intent.action.MAIN cat=[android.intent.category.HOME] flg=0x10000100 cmp=com.android.settings/.FallbackHome} from uid 0 on display 0
06-24 05:59:29.113 W/System  (  590): ClassLoader referenced unknown path: 
06-24 05:59:29.113 W/System  (  590): ClassLoader referenced unknown path: /system/priv-app/Settings/lib/x86_64
06-24 05:59:29.115 I/ActivityManager(  590): Loaded persisted task ids for user 0
06-24 05:59:29.132 I/ymobile.webrtc(  760): type=1400 audit(0.0:292): avc: denied { sendto } for path="/dev/socket/logdw" scontext=u:r:system_app:s0 tcontext=u:r:init:s0 tclass=unix_dgram_socket permissive=1
06-24 05:59:29.132 I/main    (  276): type=1400 audit(0.0:293): avc: denied { read } for path="/dev/socket/zygote" scontext=u:r:zygote:s0 tcontext=u:r:init:s0 tclass=unix_stream_socket permissive=1
06-24 05:59:29.132 I/main    (  276): type=1400 audit(0.0:294): avc: denied { getattr } for path="socket:[13438]" dev="sockfs" ino=13438 scontext=u:r:zygote:s0 tcontext=u:r:init:s0 tclass=unix_stream_socket permissive=1
06-24 05:59:29.132 W/art     (  760): Unexpected CPU variant for X86 using defaults: x86_64
06-24 05:59:29.136 I/bViewLoader-x86(  703): type=1400 audit(0.0:295): avc: denied { sendto } for path="/dev/socket/logdw" scontext=u:r:shared_relro:s0 tcontext=u:r:init:s0 tclass=unix_dgram_socket permissive=1
06-24 05:59:29.137 I/art     (  703): System.exit called, status: 0
06-24 05:59:29.137 I/AndroidRuntime(  703): VM exiting with result code 0, cleanup skipped.
06-24 05:59:29.156 I/main    (  276): type=1400 audit(0.0:296): avc: denied { write } for path="/dev/socket/zygote" scontext=u:r:zygote:s0 tcontext=u:r:init:s0 tclass=unix_stream_socket permissive=1
06-24 05:59:29.156 I/MediaPlayerService(  287): MediaPlayerService::getOMX
06-24 05:59:29.161 W/art     (  779): Unexpected CPU variant for X86 using defaults: x86_64
06-24 05:59:29.184 I/OMXClient(  287): MuxOMX ctor
06-24 05:59:29.184 I/OMXMaster(  284): makeComponentInstance(OMX.google.amrnb.decoder) in mediacodec process
06-24 05:59:29.184 W/ActivityManager(  590): Slow operation: 51ms so far, now at startProcess: returned from zygote!
06-24 05:59:29.184 W/ActivityManager(  590): Slow operation: 51ms so far, now at startProcess: done updating battery stats
06-24 05:59:29.184 W/ActivityManager(  590): Slow operation: 51ms so far, now at startProcess: building log message
06-24 05:59:29.184 I/ActivityManager(  590): Start proc 779:com.android.settings/1000 for activity com.android.settings/.FallbackHome
06-24 05:59:29.184 W/ActivityManager(  590): Slow operation: 51ms so far, now at startProcess: starting to update pids map
06-24 05:59:29.184 W/ActivityManager(  590): Slow operation: 51ms so far, now at startProcess: done updating pids map
06-24 05:59:29.184 W/ActivityManager(  590): Slow operation: 51ms so far, now at startProcess: done starting proc!
06-24 05:59:29.204 I/SystemServer(  590): Enabled StrictMode for system server main thread.
06-24 05:59:29.205 W/ContextImpl(  590): Calling a method in the system process without a qualified user: android.app.ContextImpl.startService:1385 com.android.server.content.SyncManager$13.run:631 android.os.Handler.handleCallback:751 android.os.Handler.dispatchMessage:95 android.os.Looper.loop:154 
06-24 05:59:29.210 I/MediaPlayerService(  287): MediaPlayerService::getOMX
06-24 05:59:29.210 I/OMXClient(  287): MuxOMX ctor
06-24 05:59:29.210 I/OMXMaster(  284): makeComponentInstance(OMX.google.amrwb.decoder) in mediacodec process
06-24 05:59:29.210 I/MediaPlayerService(  287): MediaPlayerService::getOMX
06-24 05:59:29.211 I/OMXClient(  287): MuxOMX ctor
06-24 05:59:29.211 I/OMXMaster(  284): makeComponentInstance(OMX.google.aac.decoder) in mediacodec process
06-24 05:59:29.262 W/LocationProviderProxy-network(  590): Odd, no component found for service com.android.location.service.v3.NetworkLocationProvider
06-24 05:59:29.262 W/GeocoderProxy(  590): Odd, no component found for service com.android.location.service.GeocodeProvider
06-24 05:59:29.262 W/GeofenceProxy(  590): Odd, no component found for service com.android.location.service.GeofenceProvider
06-24 05:59:29.262 W/ActivityRecognitionProxy(  590): Odd, no component found for service com.android.location.service.ActivityRecognitionProvider
06-24 05:59:29.268 I/ndroid.systemui(  671): type=1400 audit(0.0:297): avc: denied { sendto } for path="/dev/socket/logdw" scontext=u:r:platform_app:s0:c512,c768 tcontext=u:r:init:s0 tclass=unix_dgram_socket permissive=1
06-24 05:59:29.274 I/MediaPlayerService(  287): MediaPlayerService::getOMX
06-24 05:59:29.275 I/OMXClient(  287): MuxOMX ctor
06-24 05:59:29.275 I/OMXMaster(  284): makeComponentInstance(OMX.google.g711.alaw.decoder) in mediacodec process
06-24 05:59:29.300 W/System  (  779): ClassLoader referenced unknown path: /system/priv-app/Settings/lib/x86_64
06-24 05:59:29.305 W/System  (  743): ClassLoader referenced unknown path: /system/priv-app/TeleService/lib/x86_64
06-24 05:59:29.316 I/putmethod.latin(  665): type=1400 audit(0.0:298): avc: denied { sendto } for path="/dev/socket/logdw" scontext=u:r:untrusted_app:s0:c512,c768 tcontext=u:r:init:s0 tclass=unix_dgram_socket permissive=1
06-24 05:59:29.316 W/InputAttributes(  665): No editor info for this field. Bug?
06-24 05:59:29.320 I/WifiScanningService(  590): wifi driver unloaded
06-24 05:59:29.324 I/Binder:288_2(  579): type=1400 audit(0.0:299): avc: denied { read } for path="socket:[11750]" dev="sockfs" ino=11750 scontext=u:r:netd:s0 tcontext=u:r:init:s0 tclass=unix_stream_socket permissive=1
06-24 05:59:29.326 E/SoftapController(  288): Softap fwReload - NULL path for STA
06-24 05:59:29.328 E/WifiMonitor(  590): killSupplicant p2pfalse init.svc.wpa_supplicant=unknown init.svc.p2p_supplicant=unknown
06-24 05:59:29.328 E/wifi    (  590): Can not initialize the vendor function pointer table
06-24 05:59:29.328 E/WifiNative-HAL(  590): Could not start hal
06-24 05:59:29.328 E/WifiStateMachine(  590): Failed to start HAL
06-24 05:59:29.344 W/System  (  590): ClassLoader referenced unknown path: /system/priv-app/Telecom/lib/x86_64
06-24 05:59:29.358 W/FingerprintManager(  671): isFingerprintHardwareDetected(): Service not connected!
06-24 05:59:29.358 W/FingerprintManager(  671): addLockoutResetCallback(): Service not connected!
06-24 05:59:29.361 I/art     (  717): System.exit called, status: 0
06-24 05:59:29.361 I/AndroidRuntime(  717): VM exiting with result code 0, cleanup skipped.
06-24 05:59:29.365 I/LatinIME:LogUtils(  665): Dictionary info: dictionary = userunigram.en_US ; version = 1687600769 ; date = ?
06-24 05:59:29.392 E/ActivityThread(  665): Failed to find provider info for user_dictionary
06-24 05:59:29.392 I/LatinIME:LogUtils(  665): Dictionary info: dictionary = UserHistoryDictionary.en_US ; version = 1687600769 ; date = ?
06-24 05:59:29.401 W/ContextImpl(  760): Calling a method in the system process without a qualified user: android.app.ContextImpl.startService:1385 android.content.ContextWrapper.startService:613 com.genymobile.webrtcd.WebrtcdApp.onCreate:19 android.app.Instrumentation.callApplicationOnCreate:1024 android.app.ActivityThread.handleBindApplication:5361 
06-24 05:59:29.403 I/Webrtcd.Service(  760): Received start id 1: Intent { cmp=com.genymobile.webrtcd/.LifecycleService }
06-24 05:59:29.403 I/Webrtcd.Service(  760): Starting server
06-24 05:59:29.406 W/System  (  743): ClassLoader referenced unknown path: /system/priv-app/TelephonyProvider/lib/x86_64
06-24 05:59:29.425 E/BluetoothAdapter(  590): Bluetooth binder is null
06-24 05:59:29.432 I/Telecom (  590): SystemStateProvider: Registering car mode receiver: android.content.IntentFilter@941207e: TS.init@AAA
06-24 05:59:29.442 I/LatinIME:LogUtils(  665): Dictionary info: dictionary = main:en ; version = 54 ; date = 1414726273
06-24 05:59:29.443 I/MediaPlayerService(  287): MediaPlayerService::getOMX
06-24 05:59:29.443 I/OMXClient(  287): MuxOMX ctor
06-24 05:59:29.451 I/OMXMaster(  284): makeComponentInstance(OMX.google.g711.mlaw.decoder) in mediacodec process
06-24 05:59:29.455 E/WVMExtractor(  671): Failed to open libwvm.so: dlopen failed: library "libwvm.so" not found
06-24 05:59:29.464 I/MediaPlayerService(  287): MediaPlayerService::getOMX
06-24 05:59:29.464 I/OMXClient(  287): MuxOMX ctor
06-24 05:59:29.464 I/OMXMaster(  284): makeComponentInstance(OMX.google.vorbis.decoder) in mediacodec process
06-24 05:59:29.472 I/Telecom (  590): Telecom: Non-call EVENT: AUDIO_ROUTE, Entering state QuiescentEarpieceRoute
06-24 05:59:29.473 I/FFmpegExtractor(  286): android-source:0xe74ac000
06-24 05:59:29.477 I/FFMPEG  (  286): Input #0, ogg, from 'android-source:0xe74ac000':
06-24 05:59:29.477 I/FFMPEG  (  286):   Duration: 00:00:00.23, start: 0.000000, bitrate: 293 kb/s
06-24 05:59:29.477 I/FFMPEG  (  286):     Stream #0:0: Audio: vorbis, 44100 Hz, stereo, fltp, 160 kb/s
06-24 05:59:29.477 I/FFmpegExtractor(  286): FFmpegExtrator, url: android-source:0xe74ac000, format_name: ogg, format_long_name: Ogg
06-24 05:59:29.477 I/FFmpegExtractor(  286): list the formats suppoted by ffmpeg: 
06-24 05:59:29.477 I/FFmpegExtractor(  286): ========================================
06-24 05:59:29.477 I/FFmpegExtractor(  286): ========================================
06-24 05:59:29.477 I/FFmpegExtractor(  286): adjust mime(application/ogg -> audio/vorbis)
06-24 05:59:29.478 I/FFmpegExtractor(  286): sniff through BetterSniffFFMPEG success
06-24 05:59:29.481 I/wpa_supplicant(  810): Successfully initialized wpa_supplicant
06-24 05:59:29.493 I/Telecom (  590): CallAudioModeStateMachine: Message received: null.: TS.init->CAMSM.pM_1@AAA_0
06-24 05:59:29.521 E/BluetoothAdapter(  590): Bluetooth binder is null
06-24 05:59:29.521 E/ActivityThread(  590): Failed to find provider info for call_log
06-24 05:59:29.522 I/Telecom (  590): Class: TelecomSystem.INSTANCE being set
06-24 05:59:29.522 E/BluetoothAdapter(  590): Bluetooth binder is null
06-24 05:59:29.524 E/wpa_supplicant(  810): global ctrl interface @android:wpa_wlan0 matches ctrl interface wlan0 - do not open per-interface ctrl interface
06-24 05:59:29.527 W/WifiNetworkHistory(  590): Upgrading network 0 to android.uid.system:1000
06-24 05:59:29.528 E/IpConfigStore(  590): Error parsing configuration: java.io.FileNotFoundException: /data/misc/wifi/ipconfig.txt (No such file or directory)
06-24 05:59:29.528 W/System  (  590): ClassLoader referenced unknown path: /system/priv-app/FusedLocation/lib/x86_64
06-24 05:59:29.530 I/WifiConnectivityManager(  590): PNO settings: min5GHzRssi -82 min24GHzRssi -85 currentConnectionBonus 16 sameNetworkBonus 24 secureNetworkBonus 80 initialScoreMax 100
06-24 05:59:29.530 I/WifiConnectivityManager(  590): ConnectivityScanManager initialized 
06-24 05:59:29.530 E/WifiLogger(  590): no ring buffers found
06-24 05:59:29.530 E/WifiLogger(  590): Failed to start packet fate monitoring
06-24 05:59:29.532 I/WifiConnectivityManager(  590): Set WiFi enabled
06-24 05:59:29.532 I/WifiConnectivityManager(  590): scheduleWatchdogTimer
06-24 05:59:29.532 W/AlarmManager(  590): Unrecognized alarm listener com.android.server.wifi.WifiConnectivityManager$3@89164bb
06-24 05:59:29.532 E/WifiScanner(  590): listener cannot be found
06-24 05:59:29.536 E/WifiConnectivityManager(  590): SingleScanListener onFailure: reason: -1 description: not available
06-24 05:59:29.541 I/SyncManager(  590): Got SyncJobService instance.
06-24 05:59:29.557 I/vol.Events(  671): writeEvent collection_started
06-24 05:59:29.571 I/vol.Events(  671): writeEvent external_ringer_mode_changed normal
06-24 05:59:29.571 I/vol.Events(  671): writeEvent internal_ringer_mode_changed normal
06-24 05:59:29.574 E/BatteryStatsService(  590): no controller energy info supplied
06-24 05:59:29.578 W/VibratorService(  590): Tried to stop vibrating but there is no vibrator device.
06-24 05:59:29.583 E/BatteryStatsService(  590): no controller energy info supplied
06-24 05:59:29.587 I/MediaPlayerService(  287): MediaPlayerService::getOMX
06-24 05:59:29.587 I/OMXClient(  287): MuxOMX ctor
06-24 05:59:29.587 I/OMXMaster(  284): makeComponentInstance(OMX.google.gsm.decoder) in mediacodec process
06-24 05:59:29.603 E/ActivityThread(  590): Failed to find provider info for com.android.calendar
06-24 05:59:29.603 E/ActivityThread(  590): Failed to find provider info for com.android.calendar
06-24 05:59:29.604 I/Telecom (  590): WiredHeadsetManager: ACTION_HEADSET_PLUG event, plugged in: false, : WHC.oADA@AAE
06-24 05:59:29.607 I/ActivityManager(  590): user 0 is still locked. Cannot load recents
06-24 05:59:29.617 I/OpenGLRenderer(  779): Initialized EGL, version 1.4
06-24 05:59:29.622 I/DefaultPermGrantPolicy(  590): Granting permissions to default dialer app for user:0
06-24 05:59:29.633 I/SystemServiceManager(  590): Starting phase 1000
06-24 05:59:29.643 I/ActivityManager(  590): Start proc 856:android.ext.services/u0a12 for on-hold
06-24 05:59:29.653 W/art     (  856): Unexpected CPU variant for X86 using defaults: x86_64
06-24 05:59:29.661 I/MediaPlayerService(  287): MediaPlayerService::getOMX
06-24 05:59:29.662 I/OMXClient(  287): MuxOMX ctor
06-24 05:59:29.662 I/OMXMaster(  284): makeComponentInstance(OMX.google.opus.decoder) in mediacodec process
06-24 05:59:29.704 I/MediaPlayerService(  287): MediaPlayerService::getOMX
06-24 05:59:29.704 I/OMXClient(  287): MuxOMX ctor
06-24 05:59:29.704 I/OMXMaster(  284): makeComponentInstance(OMX.google.raw.decoder) in mediacodec process
06-24 05:59:29.706 I/MediaPlayerService(  287): MediaPlayerService::getOMX
06-24 05:59:29.706 I/OMXClient(  287): MuxOMX ctor
06-24 05:59:29.707 I/OMXMaster(  284): makeComponentInstance(OMX.google.flac.decoder) in mediacodec process
06-24 05:59:29.707 E/OMX     (  284): FAILED to allocate omx component 'OMX.google.flac.decoder' err=InvalidComponentName(0x80001002)
06-24 05:59:29.707 I/MediaPlayerService(  287): MediaPlayerService::getOMX
06-24 05:59:29.707 I/OMXClient(  287): MuxOMX ctor
06-24 05:59:29.707 I/OMXMaster(  284): makeComponentInstance(OMX.google.mp2.decoder) in mediacodec process
06-24 05:59:29.707 E/OMX     (  284): FAILED to allocate omx component 'OMX.google.mp2.decoder' err=InvalidComponentName(0x80001002)
06-24 05:59:29.707 I/MediaPlayerService(  287): MediaPlayerService::getOMX
06-24 05:59:29.707 I/OMXClient(  287): MuxOMX ctor
06-24 05:59:29.707 I/OMXMaster(  284): makeComponentInstance(OMX.google.ac3.decoder) in mediacodec process
06-24 05:59:29.707 E/OMX     (  284): FAILED to allocate omx component 'OMX.google.ac3.decoder' err=InvalidComponentName(0x80001002)
06-24 05:59:29.707 I/MediaPlayerService(  287): MediaPlayerService::getOMX
06-24 05:59:29.707 I/OMXClient(  287): MuxOMX ctor
06-24 05:59:29.707 I/OMXMaster(  284): makeComponentInstance(OMX.ffmpeg.pcm.decoder) in mediacodec process
06-24 05:59:29.709 E/linker  (  284): library /system/lib/libavcodec.so with text relocation is whitelisted
06-24 05:59:29.709 W/linker  (  284): /system/lib/libavcodec.so has text relocations. This is wasting memory and prevents security hardening. Please fix.
06-24 05:59:29.709 E/linker  (  284): library /system/lib/libavcodec.so with text relocation is whitelisted
06-24 05:59:29.709 E/linker  (  284): library /system/lib/libswresample.so with text relocation is whitelisted
06-24 05:59:29.709 W/linker  (  284): /system/lib/libswresample.so has text relocations. This is wasting memory and prevents security hardening. Please fix.
06-24 05:59:29.710 E/linker  (  284): library /system/lib/libswresample.so with text relocation is whitelisted
06-24 05:59:29.739 I/ActivityManager(  590): Displayed com.android.settings/.FallbackHome: +606ms
06-24 05:59:29.744 I/Telecom (  590): PhoneAccountRegistrar: SimCallManager queried, returning: null: TSI.gSCM@AAM
06-24 05:59:29.744 W/KeyguardServiceDelegate(  590): onScreenTurningOn(): no keyguard service!
06-24 05:59:29.746 I/WifiScanningService(  590): wifi driver loaded with scan capabilities: max buckets=16
06-24 05:59:29.748 W/System  (  856): ClassLoader referenced unknown path: /system/priv-app/ExtServices/lib/x86_64
06-24 05:59:29.751 I/FusedLocation(  590): engine started (com.android.location.fused)
06-24 05:59:29.767 I/org.webrtc.Logging(  760): EglBase14Impl: SDK version: 24. isEGL14Supported: true
06-24 05:59:29.767 I/org.webrtc.Logging(  760): EglBase14Impl: Using OpenGL ES version 2
06-24 05:59:29.774 I/ActivityManager(  590): Start proc 890:com.android.deskclock/u0a38 for broadcast com.android.deskclock/.AlarmInitReceiver
06-24 05:59:29.788 I/vol.Events(  671): writeEvent level_changed STREAM_ALARM 6
06-24 05:59:29.789 I/vol.Events(  671): writeEvent level_changed STREAM_BLUETOOTH_SCO 7
06-24 05:59:29.790 I/vol.Events(  671): writeEvent level_changed STREAM_MUSIC 11
06-24 05:59:29.798 I/vol.Events(  671): writeEvent level_changed STREAM_RING 5
06-24 05:59:29.798 I/vol.Events(  671): writeEvent level_changed STREAM_SYSTEM 5
06-24 05:59:29.799 I/org.webrtc.Logging(  760): NativeLibrary: Loading native library: jingle_peerconnection_so
06-24 05:59:29.799 I/org.webrtc.Logging(  760): NativeLibrary: Loading library: jingle_peerconnection_so
06-24 05:59:29.799 I/vol.Events(  671): writeEvent level_changed STREAM_VOICE_CALL 4
06-24 05:59:29.803 I/MediaPlayerService(  287): MediaPlayerService::getOMX
06-24 05:59:29.803 I/OMXClient(  287): MuxOMX ctor
06-24 05:59:29.803 I/OMXMaster(  284): makeComponentInstance(OMX.google.h263.decoder) in mediacodec process
06-24 05:59:29.807 W/art     (  890): Unexpected CPU variant for X86 using defaults: x86_64
06-24 05:59:29.818 W/InputAttributes(  665): No editor info for this field. Bug?
06-24 05:59:29.818 I/ActivityManager(  590): Start proc 902:com.android.smspush/u0a58 for service com.android.smspush/.WapPushManager
06-24 05:59:29.837 W/art     (  902): Unexpected CPU variant for X86 using defaults: x86_64
06-24 05:59:29.848 E/OMXNodeInstance(  284): getExtensionIndex(11c000c:google.h263.decoder, OMX.google.android.index.configureVideoTunnelMode) ERROR: UnsupportedIndex(0x8000101a)
06-24 05:59:29.848 W/OMXNodeInstance(  284): [11c000c:google.h263.decoder] component does not support metadata mode; using fallback
06-24 05:59:29.848 W/System  (  890): ClassLoader referenced unknown path: /system/app/DeskClock/lib/x86_64
06-24 05:59:29.849 I/MediaPlayerService(  287): MediaPlayerService::getOMX
06-24 05:59:29.849 I/OMXClient(  287): MuxOMX ctor
06-24 05:59:29.849 I/OMXMaster(  284): makeComponentInstance(OMX.google.h264.decoder) in mediacodec process
06-24 05:59:29.918 W/System  (  902): ClassLoader referenced unknown path: /system/app/WAPPushManager/lib/x86_64
06-24 05:59:29.920 I/rild    (  292): type=1400 audit(0.0:330): avc: denied { sendto } for path="/dev/socket/logdw" scontext=u:r:rild:s0 tcontext=u:r:init:s0 tclass=unix_dgram_socket permissive=1
06-24 05:59:29.923 I/org.webrtc.Logging(  760): PeerConnectionFactory: PeerConnectionFactory was initialized without an injected Loggable. Any existing Loggable will be deleted.
06-24 05:59:29.935 I/org.webrtc.Logging(  760): WebRtcAudioManagerExternal: Sample rate is set to 44100 Hz
06-24 05:59:29.935 I/org.webrtc.Logging(  760): WebRtcAudioManagerExternal: Sample rate is set to 44100 Hz
06-24 05:59:29.935 I/org.webrtc.Logging(  760): JavaAudioDeviceModule: createAudioDeviceModule
06-24 05:59:29.935 I/org.webrtc.Logging(  760): JavaAudioDeviceModule: HW NS will not be used.
06-24 05:59:29.935 I/org.webrtc.Logging(  760): JavaAudioDeviceModule: HW AEC will not be used.
06-24 05:59:29.936 I/org.webrtc.Logging(  760): WebRtcAudioEffectsExternal: ctor@[name=Thread-2, id=36]
06-24 05:59:29.936 I/org.webrtc.Logging(  760): WebRtcAudioRecordExternal: ctor@[name=Thread-2, id=36]
06-24 05:59:29.936 I/org.webrtc.Logging(  760): WebRtcAudioTrackExternal: ctor@[name=Thread-2, id=36]
06-24 05:59:29.944 I/audioserver(  278): type=1400 audit(0.0:331): avc: denied { sendto } for path="/dev/socket/logdw" scontext=u:r:audioserver:s0 tcontext=u:r:init:s0 tclass=unix_dgram_socket permissive=1
06-24 05:59:29.944 W/ACodec  (  287): [OMX.google.h264.decoder] stopping checking profiles after 32: 2/8000
06-24 05:59:29.944 E/OMXNodeInstance(  284): getExtensionIndex(11c000d:google.h264.decoder, OMX.google.android.index.configureVideoTunnelMode) ERROR: UnsupportedIndex(0x8000101a)
06-24 05:59:29.944 W/OMXNodeInstance(  284): [11c000d:google.h264.decoder] component does not support metadata mode; using fallback
06-24 05:59:29.947 I/MediaPlayerService(  287): MediaPlayerService::getOMX
06-24 05:59:29.947 I/OMXClient(  287): MuxOMX ctor
06-24 05:59:29.947 I/OMXMaster(  284): makeComponentInstance(OMX.google.vp8.decoder) in mediacodec process
06-24 05:59:29.974 I/AlarmClock(  890): AlarmInitReceiver android.intent.action.LOCKED_BOOT_COMPLETED
06-24 05:59:29.984 I/BackupManagerService(  590): Found stale backup journal, scheduling
06-24 05:59:29.987 I/BackupManagerService(  590): Backup enabled => false
06-24 05:59:30.004 I/droid.deskclock(  890): type=1400 audit(0.0:332): avc: denied { sendto } for path="/dev/socket/logdw" scontext=u:r:untrusted_app:s0:c512,c768 tcontext=u:r:init:s0 tclass=unix_dgram_socket permissive=1
06-24 05:59:30.012 I/Thread-2(  944): type=1400 audit(0.0:333): avc: denied { write } for name="audio_out" dev="tmpfs" ino=1990 scontext=u:r:system_app:s0 tcontext=u:object_r:socket_device:s0 tclass=sock_file permissive=1
06-24 05:59:30.012 I/audioserver(  360): type=1400 audit(0.0:334): avc: denied { getopt } for path="/dev/socket/audio_out" scontext=u:r:audioserver:s0 tcontext=u:r:init:s0 tclass=unix_stream_socket permissive=1
06-24 05:59:30.012 I/audioserver(  360): type=1400 audit(0.0:335): avc: denied { setopt } for path="/dev/socket/audio_out" scontext=u:r:audioserver:s0 tcontext=u:r:init:s0 tclass=unix_stream_socket permissive=1
06-24 05:59:30.012 I/genymotion_audio(  278): pcm server connected
06-24 05:59:30.012 I/genymotion_audio(  278): pcm server starting
06-24 05:59:30.013 E/OMXNodeInstance(  284): getExtensionIndex(11c000e:google.vp8.decoder, OMX.google.android.index.configureVideoTunnelMode) ERROR: UnsupportedIndex(0x8000101a)
06-24 05:59:30.013 W/OMXNodeInstance(  284): [11c000e:google.vp8.decoder] component does not support metadata mode; using fallback
06-24 05:59:30.022 I/MediaPlayerService(  287): MediaPlayerService::getOMX
06-24 05:59:30.022 I/OMXClient(  287): MuxOMX ctor
06-24 05:59:30.022 I/OMXMaster(  284): makeComponentInstance(OMX.google.vp9.decoder) in mediacodec process
06-24 05:59:30.049 W/VoiceInteractionManagerService(  590): no available voice interaction services found for user 0
06-24 05:59:30.049 W/VoiceInteractionManagerService(  590): no available voice recognition services found for user 0
06-24 05:59:30.050 I/ActivityManager(  590): Loading recents for user 0 into memory.
06-24 05:59:30.069 I/ActivityManager(  590): Start proc 957:com.genymotion.systempatcher/1000 for added application com.genymotion.systempatcher
06-24 05:59:30.069 E/OMXNodeInstance(  284): getExtensionIndex(11c000f:google.vp9.decoder, OMX.google.android.index.configureVideoTunnelMode) ERROR: UnsupportedIndex(0x8000101a)
06-24 05:59:30.070 W/OMXNodeInstance(  284): [11c000f:google.vp9.decoder] component does not support metadata mode; using fallback
06-24 05:59:30.070 I/MediaPlayerService(  287): MediaPlayerService::getOMX
06-24 05:59:30.070 I/OMXClient(  287): MuxOMX ctor
06-24 05:59:30.070 I/OMXMaster(  284): makeComponentInstance(OMX.google.hevc.decoder) in mediacodec process
06-24 05:59:30.083 I/ActivityManager(  590): Start proc 964:com.genymotion.genyd/1000 for added application com.genymotion.genyd
06-24 05:59:30.084 W/art     (  957): Unexpected CPU variant for X86 using defaults: x86_64
06-24 05:59:30.099 I/AccountManagerService(  590): User 0 is unlocked - opening CE database
06-24 05:59:30.105 W/art     (  964): Unexpected CPU variant for X86 using defaults: x86_64
06-24 05:59:30.111 E/OMXNodeInstance(  284): getExtensionIndex(11c0010:google.hevc.decoder, OMX.google.android.index.configureVideoTunnelMode) ERROR: UnsupportedIndex(0x8000101a)
06-24 05:59:30.111 W/OMXNodeInstance(  284): [11c0010:google.hevc.decoder] component does not support metadata mode; using fallback
06-24 05:59:30.111 I/MediaPlayerService(  287): MediaPlayerService::getOMX
06-24 05:59:30.111 I/OMXClient(  287): MuxOMX ctor
06-24 05:59:30.111 I/OMXMaster(  284): makeComponentInstance(OMX.google.mpeg2v.decoder) in mediacodec process
06-24 05:59:30.112 E/OMX     (  284): FAILED to allocate omx component 'OMX.google.mpeg2v.decoder' err=InvalidComponentName(0x80001002)
06-24 05:59:30.112 I/MediaPlayerService(  287): MediaPlayerService::getOMX
06-24 05:59:30.112 I/OMXClient(  287): MuxOMX ctor
06-24 05:59:30.112 I/OMXMaster(  284): makeComponentInstance(OMX.ffmpeg.mpeg4.decoder) in mediacodec process
06-24 05:59:30.113 W/art     (  999): Unexpected CPU variant for X86 using defaults: x86_64
06-24 05:59:30.114 E/linker  (  284): library /system/lib/libavcodec.so with text relocation is whitelisted
06-24 05:59:30.114 W/linker  (  284): /system/lib/libavcodec.so has text relocations. This is wasting memory and prevents security hardening. Please fix.
06-24 05:59:30.114 E/linker  (  284): library /system/lib/libavcodec.so with text relocation is whitelisted
06-24 05:59:30.115 E/linker  (  284): library /system/lib/libswscale.so with text relocation is whitelisted
06-24 05:59:30.115 W/linker  (  284): /system/lib/libswscale.so has text relocations. This is wasting memory and prevents security hardening. Please fix.
06-24 05:59:30.115 E/linker  (  284): library /system/lib/libswscale.so with text relocation is whitelisted
06-24 05:59:30.122 E/linker  (  284): library /system/lib/libswresample.so with text relocation is whitelisted
06-24 05:59:30.122 W/linker  (  284): /system/lib/libswresample.so has text relocations. This is wasting memory and prevents security hardening. Please fix.
06-24 05:59:30.122 E/linker  (  284): library /system/lib/libswresample.so with text relocation is whitelisted
06-24 05:59:30.128 E/OMXNodeInstance(  284): getParameter(11c0011:ffmpeg.mpeg4.decoder, ParamVideoProfileLevelQuerySupported(0x600000f)) ERROR: UnsupportedIndex(0x8000101a)
06-24 05:59:30.128 I/ActivityManager(  590): Start proc 999:com.android.printspooler/u0a56 for service com.android.printspooler/.model.PrintSpoolerService
06-24 05:59:30.129 E/OMXNodeInstance(  284): getExtensionIndex(11c0011:ffmpeg.mpeg4.decoder, OMX.google.android.index.configureVideoTunnelMode) ERROR: UnsupportedIndex(0x8000101a)
06-24 05:59:30.136 W/OMXNodeInstance(  284): [11c0011:ffmpeg.mpeg4.decoder] component does not support metadata mode; using fallback
06-24 05:59:30.137 E/OMXNodeInstance(  284): getExtensionIndex(11c0011:ffmpeg.mpeg4.decoder, OMX.google.android.index.prepareForAdaptivePlayback) ERROR: UnsupportedIndex(0x8000101a)
06-24 05:59:30.144 I/d.process.acor( 1011): type=1400 audit(0.0:336): avc: denied { sendto } for path="/dev/socket/logdw" scontext=u:r:priv_app:s0:c512,c768 tcontext=u:r:init:s0 tclass=unix_dgram_socket permissive=1
06-24 05:59:30.144 I/JDWP    ( 1012): type=1400 audit(0.0:337): avc: denied { connectto } for path=006A6477702D636F6E74726F6C scontext=u:r:untrusted_app:s0:c512,c768 tcontext=u:r:init:s0 tclass=unix_stream_socket permissive=1
06-24 05:59:30.144 W/art     ( 1011): Unexpected CPU variant for X86 using defaults: x86_64
06-24 05:59:30.148 I/JDWP    ( 1026): type=1400 audit(0.0:338): avc: denied { connectto } for path=006A6477702D636F6E74726F6C scontext=u:r:priv_app:s0:c512,c768 tcontext=u:r:init:s0 tclass=unix_stream_socket permissive=1
06-24 05:59:30.148 I/ActivityManager(  590): Start proc 1011:android.process.acore/u0a1 for content provider com.android.providers.contacts/.ContactsProvider2
06-24 05:59:30.156 I/ndroid.settings(  779): type=1400 audit(0.0:339): avc: denied { sendto } for path="/dev/socket/logdw" scontext=u:r:system_app:s0 tcontext=u:r:init:s0 tclass=unix_dgram_socket permissive=1
06-24 05:59:30.157 I/MediaPlayerService(  287): MediaPlayerService::getOMX
06-24 05:59:30.157 I/OMXClient(  287): MuxOMX ctor
06-24 05:59:30.157 I/OMXMaster(  284): makeComponentInstance(OMX.google.aac.encoder) in mediacodec process
06-24 05:59:30.164 I/MediaPlayerService(  287): MediaPlayerService::getOMX
06-24 05:59:30.164 I/OMXClient(  287): MuxOMX ctor
06-24 05:59:30.164 I/OMXMaster(  284): makeComponentInstance(OMX.google.amrnb.encoder) in mediacodec process
06-24 05:59:30.165 W/art     ( 1045): Unexpected CPU variant for X86 using defaults: x86_64
06-24 05:59:30.168 I/MediaPlayerService(  287): MediaPlayerService::getOMX
06-24 05:59:30.168 I/OMXClient(  287): MuxOMX ctor
06-24 05:59:30.168 I/OMXMaster(  284): makeComponentInstance(OMX.google.amrwb.encoder) in mediacodec process
06-24 05:59:30.170 I/MediaPlayerService(  287): MediaPlayerService::getOMX
06-24 05:59:30.170 I/OMXClient(  287): MuxOMX ctor
06-24 05:59:30.170 I/OMXMaster(  284): makeComponentInstance(OMX.google.h263.encoder) in mediacodec process
06-24 05:59:30.170 I/ActivityManager(  590): Start proc 1045:com.android.keychain/1000 for service com.android.keychain/.KeyChainService
06-24 05:59:30.182 I/SoftMPEG4Encoder(  284): Construct SoftMPEG4Encoder
06-24 05:59:30.183 W/ACodec  (  287): do not know color format 0x7f000789 = 2130708361
06-24 05:59:30.183 E/OMXNodeInstance(  284): getConfig(11c0015:google.h263.encoder, ConfigAndroidIntraRefresh(0x6f60000a)) ERROR: Undefined(0x80001001)
06-24 05:59:30.184 I/lmkd    (  270): type=1400 audit(0.0:340): avc: denied { read } for path="socket:[13361]" dev="sockfs" ino=13361 scontext=u:r:lmkd:s0 tcontext=u:r:init:s0 tclass=unix_stream_socket permissive=1
06-24 05:59:30.186 I/MediaPlayerService(  287): MediaPlayerService::getOMX
06-24 05:59:30.186 I/OMXClient(  287): MuxOMX ctor
