06-24 05:59:30.186 I/OMXMaster(  284): makeComponentInstance(OMX.google.h264.encoder) in mediacodec process
06-24 05:59:30.204 I/ActivityManager(  590): START u0 {act=android.intent.action.MAIN cat=[android.intent.category.HOME] flg=0x10000100 cmp=com.android.launcher3/.Launcher} from uid 0 on display 0
06-24 05:59:30.209 W/System  (  964): ClassLoader referenced unknown path: /system/app/GenydService/lib/x86_64
06-24 05:59:30.213 W/System  (  957): ClassLoader referenced unknown path: /system/app/SystemPatcher/lib/x86_64
06-24 05:59:30.217 W/System  ( 1011): ClassLoader referenced unknown path: /system/priv-app/ContactsProvider/lib/x86_64
06-24 05:59:30.220 W/System  ( 1045): ClassLoader referenced unknown path: /system/app/KeyChain/lib/x86_64
06-24 05:59:30.236 W/ACodec  (  287): do not know color format 0x7f000789 = 2130708361
06-24 05:59:30.238 I/MediaPlayerService(  287): MediaPlayerService::getOMX
06-24 05:59:30.238 I/OMXClient(  287): MuxOMX ctor
06-24 05:59:30.238 I/OMXMaster(  284): makeComponentInstance(OMX.google.mpeg4.encoder) in mediacodec process
06-24 05:59:30.240 I/main    (  276): type=1400 audit(0.0:341): avc: denied { read } for path="/dev/socket/zygote" scontext=u:r:zygote:s0 tcontext=u:r:init:s0 tclass=unix_stream_socket permissive=1
06-24 05:59:30.240 I/main    (  276): type=1400 audit(0.0:342): avc: denied { getattr } for path="socket:[13438]" dev="sockfs" ino=13438 scontext=u:r:zygote:s0 tcontext=u:r:init:s0 tclass=unix_stream_socket permissive=1
06-24 05:59:30.240 W/ContextImpl(  964): Calling a method in the system process without a qualified user: android.app.ContextImpl.startService:1385 android.content.ContextWrapper.startService:613 com.genymotion.genyd.GenydServiceApp.onCreate:16 android.app.Instrumentation.callApplicationOnCreate:1024 android.app.ActivityThread.handleBindApplication:5361 
06-24 05:59:30.243 I/SystemPatcherService(  957): Starting up
06-24 05:59:30.244 I/main    (  276): type=1400 audit(0.0:343): avc: denied { write } for path="/dev/socket/zygote" scontext=u:r:zygote:s0 tcontext=u:r:init:s0 tclass=unix_stream_socket permissive=1
06-24 05:59:30.248 W/art     ( 1068): Unexpected CPU variant for X86 using defaults: x86_64
06-24 05:59:30.256 I/servicemanager(  272): type=1400 audit(0.0:344): avc: denied { sendto } for path="/dev/socket/logdw" scontext=u:r:servicemanager:s0 tcontext=u:r:init:s0 tclass=unix_dgram_socket permissive=1
06-24 05:59:30.256 E/SELinux (  272): avc:  denied  { add } for service=SystemPatcher pid=957 uid=1000 scontext=u:r:system_app:s0 tcontext=u:object_r:default_android_service:s0 tclass=service_manager permissive=1
06-24 05:59:30.264 I/netd    (  574): type=1400 audit(0.0:345): avc: denied { accept } for path="/dev/socket/dnsproxyd" scontext=u:r:netd:s0 tcontext=u:r:init:s0 tclass=unix_stream_socket permissive=1
06-24 05:59:30.264 I/netd    (  574): type=1400 audit(0.0:346): avc: denied { getopt } for path="/dev/socket/dnsproxyd" scontext=u:r:netd:s0 tcontext=u:r:init:s0 tclass=unix_stream_socket permissive=1
06-24 05:59:30.264 I/netd    ( 1086): type=1400 audit(0.0:347): avc: denied { write } for path="socket:[14584]" dev="sockfs" ino=14584 scontext=u:r:netd:s0 tcontext=u:r:init:s0 tclass=unix_stream_socket permissive=1
06-24 05:59:30.264 I/netd    (  574): type=1400 audit(0.0:348): avc: denied { read } for path="socket:[14584]" dev="sockfs" ino=14584 scontext=u:r:netd:s0 tcontext=u:r:init:s0 tclass=unix_stream_socket permissive=1
06-24 05:59:30.264 I/netd    (  577): type=1400 audit(0.0:349): avc: denied { accept } for path="/dev/socket/fwmarkd" scontext=u:r:netd:s0 tcontext=u:r:init:s0 tclass=unix_stream_socket permissive=1
06-24 05:59:30.265 I/SoftMPEG4Encoder(  284): Construct SoftMPEG4Encoder
06-24 05:59:30.265 W/ACodec  (  287): do not know color format 0x7f000789 = 2130708361
06-24 05:59:30.265 E/OMXNodeInstance(  284): getConfig(11c0017:google.mpeg4.encoder, ConfigAndroidIntraRefresh(0x6f60000a)) ERROR: Undefined(0x80001001)
06-24 05:59:30.266 I/MediaPlayerService(  287): MediaPlayerService::getOMX
06-24 05:59:30.266 I/OMXClient(  287): MuxOMX ctor
06-24 05:59:30.266 I/OMXMaster(  284): makeComponentInstance(OMX.google.flac.encoder) in mediacodec process
06-24 05:59:30.266 I/SystemPatcherApp(  957): Registered com.genymotion.systempatcher.SystemPatcherService as SystemPatcher
06-24 05:59:30.269 I/ActivityManager(  590): Start proc 1068:com.android.launcher3/u0a14 for activity com.android.launcher3/.Launcher
06-24 05:59:30.294 I/MediaPlayerService(  287): MediaPlayerService::getOMX
06-24 05:59:30.294 I/OMXClient(  287): MuxOMX ctor
06-24 05:59:30.294 I/OMXMaster(  284): makeComponentInstance(OMX.google.vp8.encoder) in mediacodec process
06-24 05:59:30.295 I/WindowManager(  590): Destroying surface Surface(name=com.android.settings/com.android.settings.FallbackHome) called by com.android.server.wm.WindowStateAnimator.destroySurface:2016 com.android.server.wm.WindowStateAnimator.destroySurfaceLocked:882 com.android.server.wm.WindowState.destroyOrSaveSurface:2100 com.android.server.wm.WindowManagerService.tryStartExitingAnimation:3030 com.android.server.wm.WindowManagerService.relayoutWindow:2910 com.android.server.wm.Session.relayout:224 android.view.IWindowSession$Stub.onTransact:286 com.android.server.wm.Session.onTransact:145 
06-24 05:59:30.345 W/ACodec  (  287): do not know color format 0x7f000789 = 2130708361
06-24 05:59:30.345 E/OMXNodeInstance(  284): getConfig(11c0019:google.vp8.encoder, ConfigAndroidIntraRefresh(0x6f60000a)) ERROR: Undefined(0x80001001)
06-24 05:59:30.357 I/MediaPlayerService(  287): MediaPlayerService::getOMX
06-24 05:59:30.357 I/OMXClient(  287): MuxOMX ctor
06-24 05:59:30.357 W/MediaCodecList(  287): unable to open media codecs configuration xml file: /etc/media_codecs_performance.xml
06-24 05:59:30.357 I/MediaPlayerService(  287): MediaPlayerService::getOMX
06-24 05:59:30.357 I/OMXClient(  287): MuxOMX ctor
06-24 05:59:30.357 W/MediaCodecList(  287): unable to open media codecs configuration xml file: /data/misc/media/media_codecs_profiling_results.xml
06-24 05:59:30.358 I/MediaPlayerService(  287): MediaPlayerService::getOMX
06-24 05:59:30.358 I/OMXClient(  590): MuxOMX ctor
06-24 05:59:30.358 I/OMXMaster(  284): makeComponentInstance(OMX.google.vorbis.decoder) in mediacodec process
06-24 05:59:30.362 I/MediaPlayerService(  287): MediaPlayerService::getOMX
06-24 05:59:30.363 I/OMXClient(  671): MuxOMX ctor
06-24 05:59:30.366 W/art     ( 1093): Unexpected CPU variant for X86 using defaults: x86_64
06-24 05:59:30.366 W/System  ( 1068): ClassLoader referenced unknown path: /system/priv-app/Launcher3/lib/x86_64
06-24 05:59:30.369 I/ActivityManager(  590): Start proc 1093:com.genymobile.genymotionacme/1000 for broadcast com.genymobile.genymotionacme/.BootBroadcastReceiver
06-24 05:59:30.375 E/BluetoothAdapter(  743): Bluetooth binder is null
06-24 05:59:30.387 W/AudioCapabilities(  760): Unsupported mime audio/x-pcm
06-24 05:59:30.388 W/LocationProviderProxy-network(  590): Odd, no component found for service com.android.location.service.v3.NetworkLocationProvider
06-24 05:59:30.388 W/GeocoderProxy(  590): Odd, no component found for service com.android.location.service.GeocodeProvider
06-24 05:59:30.388 W/GeofenceProxy(  590): Odd, no component found for service com.android.location.service.GeofenceProvider
06-24 05:59:30.388 W/ActivityRecognitionProxy(  590): Odd, no component found for service com.android.location.service.ActivityRecognitionProvider
06-24 05:59:30.404 I/StatusBarManagerService(  590): registerStatusBar bar=com.android.internal.statusbar.IStatusBar$Stub$Proxy@81ab1ab
06-24 05:59:30.425 W/System  ( 1093): ClassLoader referenced unknown path: /system/priv-app/GenymotionAcme/lib/x86_64
06-24 05:59:30.426 I/OMXMaster(  284): makeComponentInstance(OMX.google.vorbis.decoder) in mediacodec process
06-24 05:59:30.434 W/System  ( 1011): ClassLoader referenced unknown path: /system/priv-app/BlockedNumberProvider/lib/x86_64
06-24 05:59:30.435 I/Telephony(  743): TtyManager: updateUiTtyMode -1 -> 0
06-24 05:59:30.448 I/GnssLocationProvider(  590): WakeLock acquired by sendMessage(12, 0, null)
06-24 05:59:30.448 I/GnssLocationProvider(  590): WakeLock released by handleMessage(12, 0, null)
06-24 05:59:30.453 W/System  ( 1011): ClassLoader referenced unknown path: /system/app/UserDictionaryProvider/lib/x86_64
06-24 05:59:30.471 I/VideoCapabilities(  760): Unsupported profile 4 for video/mp4v-es
06-24 05:59:30.491 I/org.webrtc.Logging(  760): PeerConnectionFactory: onNetworkThreadReady
06-24 05:59:30.491 I/org.webrtc.Logging(  760): PeerConnectionFactory: onWorkerThreadReady
06-24 05:59:30.491 I/org.webrtc.Logging(  760): PeerConnectionFactory: onSignalingThreadReady
06-24 05:59:30.495 I/FFmpegExtractor(  286): android-source:0xe8cdca00
06-24 05:59:30.497 I/FFMPEG  (  286): Input #0, ogg, from 'android-source:0xe8cdca00':
06-24 05:59:30.497 I/FFMPEG  (  286):   Duration: 00:00:00.19, start: 0.000000, bitrate: 332 kb/s
06-24 05:59:30.497 I/FFMPEG  (  286):     Stream #0:0: Audio: vorbis, 44100 Hz, stereo, fltp, 160 kb/s
06-24 05:59:30.497 I/FFmpegExtractor(  286): FFmpegExtrator, url: android-source:0xe8cdca00, format_name: ogg, format_long_name: Ogg
06-24 05:59:30.497 I/FFmpegExtractor(  286): list the formats suppoted by ffmpeg: 
06-24 05:59:30.497 I/FFmpegExtractor(  286): ========================================
06-24 05:59:30.497 I/FFmpegExtractor(  286): ========================================
06-24 05:59:30.497 I/FFmpegExtractor(  286): adjust mime(application/ogg -> audio/vorbis)
06-24 05:59:30.497 I/FFmpegExtractor(  286): sniff through BetterSniffFFMPEG success
06-24 05:59:30.502 I/FFmpegExtractor(  286): android-source:0xe74ac000
06-24 05:59:30.503 I/FFMPEG  (  286): Input #0, ogg, from 'android-source:0xe74ac000':
06-24 05:59:30.503 I/FFMPEG  (  286):   Duration: 00:00:00.11, start: 0.000000, bitrate: 431 kb/s
06-24 05:59:30.503 I/FFMPEG  (  286):     Stream #0:0: Audio: vorbis, 48000 Hz, mono, fltp, 140 kb/s
06-24 05:59:30.503 I/FFmpegExtractor(  286): FFmpegExtrator, url: android-source:0xe74ac000, format_name: ogg, format_long_name: Ogg
06-24 05:59:30.503 I/FFmpegExtractor(  286): list the formats suppoted by ffmpeg: 
06-24 05:59:30.503 I/FFmpegExtractor(  286): ========================================
06-24 05:59:30.503 I/FFmpegExtractor(  286): ========================================
06-24 05:59:30.503 I/FFmpegExtractor(  286): adjust mime(application/ogg -> audio/vorbis)
06-24 05:59:30.503 I/FFmpegExtractor(  286): sniff through BetterSniffFFMPEG success
06-24 05:59:30.505 I/MediaPlayerService(  287): MediaPlayerService::getOMX
06-24 05:59:30.505 I/OMXClient(  671): MuxOMX ctor
06-24 05:59:30.505 I/OMXMaster(  284): makeComponentInstance(OMX.google.vorbis.decoder) in mediacodec process
06-24 05:59:30.523 I/MediaPlayerService(  287): MediaPlayerService::getOMX
06-24 05:59:30.530 I/OMXClient(  590): MuxOMX ctor
06-24 05:59:30.530 I/OMXMaster(  284): makeComponentInstance(OMX.google.vorbis.decoder) in mediacodec process
06-24 05:59:30.542 I/ActivityManager(  590): Start proc 1135:android.process.media/u0a10 for broadcast com.android.providers.downloads/.DownloadReceiver
06-24 05:59:30.562 I/FFmpegExtractor(  286): android-source:0xe74ad400
06-24 05:59:30.563 I/FFMPEG  (  286): Input #0, ogg, from 'android-source:0xe74ad400':
06-24 05:59:30.563 I/FFMPEG  (  286):   Duration: 00:00:00.11, start: 0.000000, bitrate: 440 kb/s
06-24 05:59:30.563 I/FFMPEG  (  286):     Stream #0:0: Audio: vorbis, 48000 Hz, mono, fltp, 140 kb/s
06-24 05:59:30.563 I/FFmpegExtractor(  286): FFmpegExtrator, url: android-source:0xe74ad400, format_name: ogg, format_long_name: Ogg
06-24 05:59:30.563 I/FFmpegExtractor(  286): list the formats suppoted by ffmpeg: 
06-24 05:59:30.563 I/FFmpegExtractor(  286): ========================================
06-24 05:59:30.563 I/FFmpegExtractor(  286): ========================================
06-24 05:59:30.563 I/FFmpegExtractor(  286): adjust mime(application/ogg -> audio/vorbis)
06-24 05:59:30.563 I/FFmpegExtractor(  286): sniff through BetterSniffFFMPEG success
06-24 05:59:30.565 W/art     ( 1135): Unexpected CPU variant for X86 using defaults: x86_64
06-24 05:59:30.569 E/PhoneInterfaceManager(  743): [PhoneIntfMgr] getCarrierPackageNamesForIntent: No UICC
06-24 05:59:30.570 E/PhoneInterfaceManager(  743): [PhoneIntfMgr] getIccId: No UICC
06-24 05:59:30.572 I/Telecom (  590): PhoneAccountRegistrar: New phone account registered: [[ ] PhoneAccount: ComponentInfo{com.android.phone/com.android.services.telephony.TelephonyConnectionService}, [e0184adedf913b076626646d3f52c3b49c39ad6d], UserHandle{0} Capabilities: CallProvider MultiUser PlaceEmerg SimSub  Schemes: tel voicemail  Extras: null]: TSI.rPA@AAU
06-24 05:59:30.572 I/Telecom (  590): : Sending phone-account registered intent as user: TSI.rPA@AAU
06-24 05:59:30.573 I/Telephony(  743): AccountEntry: Registered phoneAccount: [[ ] PhoneAccount: ComponentInfo{com.android.phone/com.android.services.telephony.TelephonyConnectionService}, [e0184adedf913b076626646d3f52c3b49c39ad6d], UserHandle{0} Capabilities: CallProvider MultiUser PlaceEmerg SimSub  Schemes: tel voicemail  Extras: null] with handle: ComponentInfo{com.android.phone/com.android.services.telephony.TelephonyConnectionService}, [e0184adedf913b076626646d3f52c3b49c39ad6d], UserHandle{0}
06-24 05:59:30.575 I/Telephony(  743): PstnIncomingCallNotifier: Registering: Handler (com.android.internal.telephony.GsmCdmaPhone) {2f9ea1d}
06-24 05:59:30.577 I/Telephony(  743): TelecomAccountRegistry: Unregistering phone account ComponentInfo{com.android.phone/com.android.services.telephony.TelephonyConnectionService}, [5fef04621e9a9b41849c3df35e75799299008300], UserHandle{0}.
06-24 05:59:30.577 I/Telecom (  590): : Sending phone-account unregistered intent as user: TSI.uPA@AAc
06-24 05:59:30.581 I/FFmpegExtractor(  286): android-source:0xe8cdd400
06-24 05:59:30.582 I/FFMPEG  (  286): Input #0, ogg, from 'android-source:0xe8cdd400':
06-24 05:59:30.582 I/FFMPEG  (  286):   Duration: 00:00:00.08, start: 0.000000, bitrate: 571 kb/s
06-24 05:59:30.582 I/FFMPEG  (  286):     Stream #0:0: Audio: vorbis, 48000 Hz, stereo, fltp, 160 kb/s
06-24 05:59:30.582 I/FFmpegExtractor(  286): FFmpegExtrator, url: android-source:0xe8cdd400, format_name: ogg, format_long_name: Ogg
06-24 05:59:30.582 I/FFmpegExtractor(  286): list the formats suppoted by ffmpeg: 
06-24 05:59:30.582 I/FFmpegExtractor(  286): ========================================
06-24 05:59:30.582 I/FFmpegExtractor(  286): ========================================
06-24 05:59:30.582 I/FFmpegExtractor(  286): adjust mime(application/ogg -> audio/vorbis)
06-24 05:59:30.582 I/FFmpegExtractor(  286): sniff through BetterSniffFFMPEG success
06-24 05:59:30.589 E/AcmeService( 1093): Failed to parse userdata json
06-24 05:59:30.589 E/AcmeService( 1093): org.json.JSONException: End of input at character 0 of 
06-24 05:59:30.589 E/AcmeService( 1093): 	at org.json.JSONTokener.syntaxError(JSONTokener.java:449)
06-24 05:59:30.589 E/AcmeService( 1093): 	at org.json.JSONTokener.nextValue(JSONTokener.java:97)
06-24 05:59:30.589 E/AcmeService( 1093): 	at org.json.JSONObject.<init>(JSONObject.java:156)
06-24 05:59:30.589 E/AcmeService( 1093): 	at org.json.JSONObject.<init>(JSONObject.java:173)
06-24 05:59:30.589 E/AcmeService( 1093): 	at com.genymobile.genymotionacme.AcmeService.grabDomainNamesJsonFromUserData(AcmeService.java:308)
06-24 05:59:30.589 E/AcmeService( 1093): 	at com.genymobile.genymotionacme.AcmeService.grabDomainNamesJson(AcmeService.java:268)
06-24 05:59:30.589 E/AcmeService( 1093): 	at com.genymobile.genymotionacme.AcmeService.onHandleIntent(AcmeService.java:94)
06-24 05:59:30.589 E/AcmeService( 1093): 	at android.app.IntentService$ServiceHandler.handleMessage(IntentService.java:67)
06-24 05:59:30.589 E/AcmeService( 1093): 	at android.os.Handler.dispatchMessage(Handler.java:102)
06-24 05:59:30.589 E/AcmeService( 1093): 	at android.os.Looper.loop(Looper.java:154)
06-24 05:59:30.589 E/AcmeService( 1093): 	at android.os.HandlerThread.run(HandlerThread.java:61)
06-24 05:59:30.592 I/org.webrtc.Logging(  760): EglBase14Impl: Using OpenGL ES version 2
06-24 05:59:30.596 I/MediaPlayerService(  287): MediaPlayerService::getOMX
06-24 05:59:30.596 I/OMXClient(  590): MuxOMX ctor
06-24 05:59:30.596 I/OMXMaster(  284): makeComponentInstance(OMX.google.vorbis.decoder) in mediacodec process
06-24 05:59:30.641 I/MediaPlayerService(  287): MediaPlayerService::getOMX
06-24 05:59:30.642 I/OMXClient(  671): MuxOMX ctor
06-24 05:59:30.642 I/OMXMaster(  284): makeComponentInstance(OMX.google.vorbis.decoder) in mediacodec process
06-24 05:59:30.697 I/DisplayManagerService(  590): Display device added: DisplayDeviceInfo{"WebRTC_ScreenCapture": uniqueId="virtual:com.genymobile.webrtcd,1000,WebRTC_ScreenCapture,0", 600 x 1024, modeId 2, defaultModeId 2, supportedModes [{id=2, width=600, height=1024, fps=60.0}], colorTransformId 0, defaultColorTransformId 0, supportedColorTransforms [], HdrCapabilities null, density 400, 400.0 x 400.0 dpi, appVsyncOff 0, presDeadline 16666666, touch NONE, rotation 0, type VIRTUAL, state ON, owner com.genymobile.webrtcd (uid 1000), FLAG_SECURE, FLAG_PRIVATE}
06-24 05:59:30.698 I/org.webrtc.Logging(  760): SurfaceTextureHelper: Setting listener to org.webrtc.ScreenCapturerAndroid@aa399f7
06-24 05:59:30.706 I/GnssLocationProvider(  590): WakeLock acquired by sendMessage(12, 0, null)
06-24 05:59:30.706 I/GnssLocationProvider(  590): WakeLock released by handleMessage(12, 0, null)
06-24 05:59:30.733 I/Webrtcd.Screencapturer(  760): Start frame loop
06-24 05:59:30.788 E/EventHub(  590): could not get driver version for /dev/input/mouse1, Not a typewriter
06-24 05:59:30.790 I/WifiService(  590): WifiService trying to set country code to us with persist set to true
06-24 05:59:30.799 I/AndroidLoggerFactory(  760): Logger name 'io.swagger.v3.parser.OpenAPIV3Parser' exceeds maximum length of 23 characters, using 'i*.s*.v*.p*.OpenAPIV3P*' instead.
06-24 05:59:30.805 W/WindowManager(  590): Keyguard drawn timeout. Setting mKeyguardDrawComplete
06-24 05:59:30.809 W/System  ( 1068): ClassLoader referenced unknown path: 
06-24 05:59:30.809 W/System  ( 1068): ClassLoader referenced unknown path: /system/app/QuickSearchBox/lib/x86_64
06-24 05:59:30.814 I/FFmpegExtractor(  286): android-source:0xe8cdca00
06-24 05:59:30.815 W/System  ( 1135): ClassLoader referenced unknown path: /system/priv-app/DownloadProvider/lib/x86_64
06-24 05:59:30.818 W/Java7Support(  760): Unable to load JDK7 types (annotations, java.nio.file.Path): no Java7 support added
06-24 05:59:30.818 W/EventHub(  590): Unable to disable kernel key repeat for /dev/input/event4: Function not implemented
06-24 05:59:30.818 I/EventHub(  590): New device: id=4, fd=175, path='/dev/input/event4', name='Genymotion Virtual Input', classes=0x17, configuration='/system/usr/idc/Genymotion_Virtual_Input.idc', keyLayout='/system/usr/keylayout/Genymotion_Virtual_Input.kl', keyCharacterMap='/system/usr/keychars/Genymotion_Virtual_Input.kcm', builtinKeyboard=false, wakeMechanism=EPOLLWAKEUP, usingClockIoctl=true
06-24 05:59:30.818 I/InputReader(  590): Device reconfigured: id=4, name='Genymotion Virtual Input', size 600x1024, orientation 0, mode 1, display id 0
06-24 05:59:30.818 I/InputReader(  590): Device added: id=4, name='Genymotion Virtual Input', sources=0x00001103
06-24 05:59:30.824 W/System  (  671): ClassLoader referenced unknown path: 
06-24 05:59:30.829 I/FFMPEG  (  286): Input #0, ogg, from 'android-source:0xe8cdca00':
06-24 05:59:30.829 I/FFMPEG  (  286):   Duration: 00:00:00.11, start: 0.000000, bitrate: 431 kb/s
06-24 05:59:30.829 I/FFMPEG  (  286):     Stream #0:0: Audio: vorbis, 48000 Hz, mono, fltp, 140 kb/s
06-24 05:59:30.829 I/FFmpegExtractor(  286): FFmpegExtrator, url: android-source:0xe8cdca00, format_name: ogg, format_long_name: Ogg
06-24 05:59:30.829 I/FFmpegExtractor(  286): list the formats suppoted by ffmpeg: 
06-24 05:59:30.829 I/FFmpegExtractor(  286): ========================================
06-24 05:59:30.829 I/FFmpegExtractor(  286): ========================================
06-24 05:59:30.829 I/FFmpegExtractor(  286): adjust mime(application/ogg -> audio/vorbis)
06-24 05:59:30.829 I/FFmpegExtractor(  286): sniff through BetterSniffFFMPEG success
06-24 05:59:30.833 I/ActivityManager(  590): Config changes=8 {1.0 ?mcc?mnc [en_US] ldltr sw600dp w600dp h952dp 160dpi lrg port finger qwerty/v/v -nav/h s.6}
06-24 05:59:30.847 I/MediaPlayerService(  287): MediaPlayerService::getOMX
06-24 05:59:30.847 I/OMXClient(  590): MuxOMX ctor
06-24 05:59:30.848 I/OMXMaster(  284): makeComponentInstance(OMX.google.vorbis.decoder) in mediacodec process
06-24 05:59:30.875 I/Telephony(  743): PstnIncomingCallNotifier: Unregistering: Handler (com.android.internal.telephony.GsmCdmaPhone) {2f9ea1d}
06-24 05:59:30.876 E/PhoneInterfaceManager(  743): [PhoneIntfMgr] getIccId: No UICC
06-24 05:59:30.877 I/Telecom (  590): PhoneAccountRegistrar: [ComponentInfo{com.android.phone/com.android.services.telephony.TelephonyConnectionService}, [e0184adedf913b076626646d3f52c3b49c39ad6d], UserHandle{0}(icon: Icon(typ=BITMAP size=19x24) -> Icon(typ=BITMAP size=19x24))]: TSI.rPA@AAo
06-24 05:59:30.878 I/Telecom (  590): : Sending phone-account registered intent as user: TSI.rPA@AAo
06-24 05:59:30.878 I/Telephony(  743): AccountEntry: Registered phoneAccount: [[ ] PhoneAccount: ComponentInfo{com.android.phone/com.android.services.telephony.TelephonyConnectionService}, [e0184adedf913b076626646d3f52c3b49c39ad6d], UserHandle{0} Capabilities: CallProvider MultiUser PlaceEmerg SimSub  Schemes: tel voicemail  Extras: null] with handle: ComponentInfo{com.android.phone/com.android.services.telephony.TelephonyConnectionService}, [e0184adedf913b076626646d3f52c3b49c39ad6d], UserHandle{0}
06-24 05:59:30.878 I/Telephony(  743): PstnIncomingCallNotifier: Registering: Handler (com.android.internal.telephony.GsmCdmaPhone) {2f9ea1d}
06-24 05:59:30.884 W/System  ( 1135): ClassLoader referenced unknown path: /system/priv-app/MediaProvider/lib/x86_64
06-24 05:59:30.986 I/FFmpegExtractor(  286): android-source:0xe74ae800
06-24 05:59:30.987 I/art     (  590): Background partial concurrent mark sweep GC freed 29191(2MB) AllocSpace objects, 15(708KB) LOS objects, 33% free, 7MB/11MB, paused 216us total 115.349ms
06-24 05:59:30.991 I/FFMPEG  (  286): Input #0, ogg, from 'android-source:0xe74ae800':
06-24 05:59:30.991 I/FFMPEG  (  286):   Duration: 00:00:00.11, start: 0.000000, bitrate: 462 kb/s
06-24 05:59:30.991 I/FFMPEG  (  286):     Stream #0:0: Audio: vorbis, 48000 Hz, mono, fltp, 140 kb/s
06-24 05:59:30.991 I/FFmpegExtractor(  286): FFmpegExtrator, url: android-source:0xe74ae800, format_name: ogg, format_long_name: Ogg
06-24 05:59:30.991 I/FFmpegExtractor(  286): list the formats suppoted by ffmpeg: 
06-24 05:59:30.991 I/FFmpegExtractor(  286): ========================================
06-24 05:59:30.991 I/FFmpegExtractor(  286): ========================================
06-24 05:59:30.991 I/FFmpegExtractor(  286): adjust mime(application/ogg -> audio/vorbis)
06-24 05:59:30.991 I/FFmpegExtractor(  286): sniff through BetterSniffFFMPEG success
06-24 05:59:31.001 I/MediaPlayerService(  287): MediaPlayerService::getOMX
06-24 05:59:31.002 I/OMXClient(  590): MuxOMX ctor
06-24 05:59:31.002 I/OMXMaster(  284): makeComponentInstance(OMX.google.vorbis.decoder) in mediacodec process
06-24 05:59:31.044 I/ContactsProvide( 1106): type=1400 audit(0.0:381): avc: denied { sendto } for path="/dev/socket/logdw" scontext=u:r:priv_app:s0:c512,c768 tcontext=u:r:init:s0 tclass=unix_dgram_socket permissive=1
06-24 05:59:31.048 I/ContactLocale( 1011): AddressBook Labels [[en_US]]: [, A, B, C, D, E, F, G, H, I, J, K, L, M, N, O, P, Q, R, S, T, U, V, W, X, Y, Z, , , , , , , , , , , , , , , , , , , , , , , , , , , , , , , , , , , , , , , , , , , , , , , , , , , , , , , , , , , , , , , , , , , , , , , , , , , , , , , , , , , , , , , , , , , , , , , , , , , , , , , , , , , , , , , , , , , , , , , , , , , , , , , , , , , , , , , , , , , , , , , , , , , , , , , , , , , , , , , , , , , , , , , , , , , , , , , , , , , , , , , , , , , #, ]
06-24 05:59:31.085 E/BluetoothAdapter(  671): Bluetooth binder is null
06-24 05:59:31.094 I/FFmpegExtractor(  286): android-source:0xe74aca00
06-24 05:59:31.095 I/FFMPEG  (  286): Input #0, ogg, from 'android-source:0xe74aca00':
06-24 05:59:31.095 I/FFMPEG  (  286):   Duration: 00:00:00.18, start: 0.000000, bitrate: 431 kb/s
06-24 05:59:31.095 I/FFMPEG  (  286):     Stream #0:0: Audio: vorbis, 44100 Hz, mono, fltp, 239 kb/s
06-24 05:59:31.095 I/FFMPEG  (  286):     Metadata:
06-24 05:59:31.095 I/FFMPEG  (  286):       ARTIST          : Copyright 2013 Android Open Source Project
06-24 05:59:31.095 I/FFmpegExtractor(  286): FFmpegExtrator, url: android-source:0xe74aca00, format_name: ogg, format_long_name: Ogg
06-24 05:59:31.095 I/FFmpegExtractor(  286): list the formats suppoted by ffmpeg: 
06-24 05:59:31.095 I/FFmpegExtractor(  286): ========================================
06-24 05:59:31.095 I/FFmpegExtractor(  286): ========================================
06-24 05:59:31.095 I/FFmpegExtractor(  286): adjust mime(application/ogg -> audio/vorbis)
06-24 05:59:31.095 I/FFmpegExtractor(  286): sniff through BetterSniffFFMPEG success
06-24 05:59:31.101 I/MediaPlayerService(  287): MediaPlayerService::getOMX
06-24 05:59:31.102 I/AndroidLoggerFactory(  760): Logger name 'io.swagger.v3.parser.processors.ExternalRefProcessor' exceeds maximum length of 23 characters, using 'i*.s*.v*.p*.p*.Externa*' instead.
06-24 05:59:31.104 I/OMXClient(  590): MuxOMX ctor
06-24 05:59:31.108 I/OMXMaster(  284): makeComponentInstance(OMX.google.vorbis.decoder) in mediacodec process
06-24 05:59:31.118 I/Webrtcd.Service(  760): Webrtc server started on port 6443
06-24 05:59:31.156 I/init    (    1): type=1400 audit(0.0:382): avc: denied { read } for name="httpd" dev="xvda5" ino=3526 scontext=u:r:init:s0 tcontext=u:object_r:httpd_exec:s0 tclass=lnk_file permissive=1
06-24 05:59:31.184 I/init    (    1): type=1400 audit(0.0:383): avc: denied { getattr } for path="/system/xbin/busybox" dev="xvda5" ino=3451 scontext=u:r:init:s0 tcontext=u:object_r:busybox_exec:s0 tclass=file permissive=1
06-24 05:59:31.188 I/init    ( 1241): type=1400 audit(0.0:384): avc: denied { execute } for name="busybox" dev="xvda5" ino=3451 scontext=u:r:init:s0 tcontext=u:object_r:busybox_exec:s0 tclass=file permissive=1
06-24 05:59:31.188 I/init    ( 1241): type=1400 audit(0.0:385): avc: denied { read open } for path="/system/xbin/busybox" dev="xvda5" ino=3451 scontext=u:r:init:s0 tcontext=u:object_r:busybox_exec:s0 tclass=file permissive=1
06-24 05:59:31.188 I/init    ( 1241): type=1400 audit(0.0:386): avc: denied { execute_no_trans } for path="/system/xbin/busybox" dev="xvda5" ino=3451 scontext=u:r:init:s0 tcontext=u:object_r:busybox_exec:s0 tclass=file permissive=1
06-24 05:59:31.192 I/httpd   ( 1241): type=1400 audit(0.0:387): avc: denied { create } for scontext=u:r:init:s0 tcontext=u:r:init:s0 tclass=tcp_socket permissive=1
06-24 05:59:31.192 I/httpd   ( 1241): type=1400 audit(0.0:388): avc: denied { setopt } for scontext=u:r:init:s0 tcontext=u:r:init:s0 tclass=tcp_socket permissive=1
06-24 05:59:31.192 I/httpd   ( 1241): type=1400 audit(0.0:389): avc: denied { bind } for scontext=u:r:init:s0 tcontext=u:r:init:s0 tclass=tcp_socket permissive=1
06-24 05:59:31.192 I/httpd   ( 1241): type=1400 audit(0.0:390): avc: denied { name_bind } for src=80 scontext=u:r:init:s0 tcontext=u:object_r:port:s0 tclass=tcp_socket permissive=1
06-24 05:59:31.192 I/httpd   ( 1241): type=1400 audit(0.0:391): avc: denied { node_bind } for src=80 scontext=u:r:init:s0 tcontext=u:object_r:node:s0 tclass=tcp_socket permissive=1
06-24 05:59:31.192 I/httpd   ( 1241): type=1400 audit(0.0:392): avc: denied { net_bind_service } for capability=10 scontext=u:r:init:s0 tcontext=u:r:init:s0 tclass=capability permissive=1
06-24 05:59:31.192 I/httpd   ( 1241): type=1400 audit(0.0:393): avc: denied { listen } for lport=80 scontext=u:r:init:s0 tcontext=u:r:init:s0 tclass=tcp_socket permissive=1
06-24 05:59:31.192 I/httpd   ( 1241): type=1400 audit(0.0:394): avc: denied { accept } for lport=80 scontext=u:r:init:s0 tcontext=u:r:init:s0 tclass=tcp_socket permissive=1
06-24 05:59:31.411 I/WindowManager(  590): Destroying surface Surface(name=Android is starting) called by com.android.server.wm.WindowStateAnimator.destroySurface:2016 com.android.server.wm.WindowStateAnimator.destroySurfaceLocked:882 com.android.server.wm.WindowState.destroyOrSaveSurface:2100 com.android.server.wm.WindowSurfacePlacer.performSurfacePlacementInner:429 com.android.server.wm.WindowSurfacePlacer.performSurfacePlacementLoop:232 com.android.server.wm.WindowSurfacePlacer.performSurfacePlacement:180 com.android.server.wm.WindowManagerService$H.handleMessage:8092 android.os.Handler.dispatchMessage:102 
06-24 05:59:31.412 I/ActivityManager(  590): Config changes=3 {1.0 310mcc270mnc [en_US] ldltr sw600dp w600dp h952dp 160dpi lrg port finger qwerty/v/v -nav/h s.7}
06-24 05:59:31.419 W/art     (  590): Long monitor contention with owner Binder:590_3 (698) at void com.android.server.am.ActivityManagerService.updateConfiguration(android.content.res.Configuration)(ActivityManagerService.java:18789) waiters=1 in boolean com.android.server.am.ActivityManagerService.isUserRunning(int, int) for 336ms
06-24 05:59:31.420 I/Binder:743_1(  757): type=1400 audit(0.0:395): avc: denied { sendto } for path="/dev/socket/logdw" scontext=u:r:radio:s0 tcontext=u:r:init:s0 tclass=unix_dgram_socket permissive=1
06-24 05:59:31.420 W/art     (  590): Long monitor contention with owner Binder:590_3 (698) at void com.android.server.am.ActivityManagerService.updateConfiguration(android.content.res.Configuration)(ActivityManagerService.java:18789) waiters=2 in android.content.Intent com.android.server.am.ActivityManagerService.registerReceiver(android.app.IApplicationThread, java.lang.String, android.content.IIntentReceiver, android.content.IntentFilter, java.lang.String, int) for 335ms
06-24 05:59:31.420 W/art     (  590): Long monitor contention with owner Binder:590_3 (698) at void com.android.server.am.ActivityManagerService.updateConfiguration(android.content.res.Configuration)(ActivityManagerService.java:18789) waiters=3 in android.content.pm.UserInfo com.android.server.am.UserController.getCurrentUser() for 334ms
06-24 05:59:31.420 W/art     (  590): Long monitor contention with owner Binder:590_3 (698) at void com.android.server.am.ActivityManagerService.updateConfiguration(android.content.res.Configuration)(ActivityManagerService.java:18789) waiters=5 in android.content.Intent com.android.server.am.ActivityManagerService.registerReceiver(android.app.IApplicationThread, java.lang.String, android.content.IIntentReceiver, android.content.IntentFilter, java.lang.String, int) for 263ms
06-24 05:59:31.420 W/art     (  590): Long monitor contention with owner Binder:590_3 (698) at void com.android.server.am.ActivityManagerService.updateConfiguration(android.content.res.Configuration)(ActivityManagerService.java:18789) waiters=6 in java.lang.String com.android.server.am.ActivityManagerService.checkContentProviderAccess(java.lang.String, int) for 225ms
06-24 05:59:31.420 W/art     (  590): Long monitor contention with owner Binder:590_3 (698) at void com.android.server.am.ActivityManagerService.updateConfiguration(android.content.res.Configuration)(ActivityManagerService.java:18789) waiters=7 in void com.android.server.am.ActivityStack$ActivityStackHandler.handleMessage(android.os.Message) for 133ms
06-24 05:59:31.452 I/Choreographer( 1068): Skipped 31 frames!  The application may be doing too much work on its main thread.
06-24 05:59:31.459 I/GnssLocationProvider(  590): WakeLock acquired by sendMessage(12, 0, null)
06-24 05:59:31.460 I/lmkd    (  270): type=1400 audit(0.0:396): avc: denied { read } for path="socket:[13361]" dev="sockfs" ino=13361 scontext=u:r:lmkd:s0 tcontext=u:r:init:s0 tclass=unix_stream_socket permissive=1
06-24 05:59:31.460 I/GnssLocationProvider(  590): WakeLock released by handleMessage(12, 0, null)
06-24 05:59:31.480 I/Telephony(  743): PstnIncomingCallNotifier: Unregistering: Handler (com.android.internal.telephony.GsmCdmaPhone) {2f9ea1d}
06-24 05:59:31.481 E/PhoneInterfaceManager(  743): [PhoneIntfMgr] getIccId: No UICC
06-24 05:59:31.487 I/Telecom (  590): PhoneAccountRegistrar: [ComponentInfo{com.android.phone/com.android.services.telephony.TelephonyConnectionService}, [e0184adedf913b076626646d3f52c3b49c39ad6d], UserHandle{0}(addr: tel:*********** -> tel:)(icon: Icon(typ=BITMAP size=19x24) -> Icon(typ=BITMAP size=19x24))(subAddr: tel:*********** -> tel:)]: TSI.rPA@AA4
06-24 05:59:31.487 I/Telecom (  590): : Sending phone-account registered intent as user: TSI.rPA@AA4
06-24 05:59:31.488 I/ndroid.systemui(  671): type=1400 audit(0.0:397): avc: denied { sendto } for path="/dev/socket/logdw" scontext=u:r:platform_app:s0:c512,c768 tcontext=u:r:init:s0 tclass=unix_dgram_socket permissive=1
06-24 05:59:31.490 I/Telephony(  743): AccountEntry: Registered phoneAccount: [[ ] PhoneAccount: ComponentInfo{com.android.phone/com.android.services.telephony.TelephonyConnectionService}, [e0184adedf913b076626646d3f52c3b49c39ad6d], UserHandle{0} Capabilities: CallProvider MultiUser PlaceEmerg SimSub  Schemes: tel voicemail  Extras: null] with handle: ComponentInfo{com.android.phone/com.android.services.telephony.TelephonyConnectionService}, [e0184adedf913b076626646d3f52c3b49c39ad6d], UserHandle{0}
06-24 05:59:31.490 I/Telephony(  743): PstnIncomingCallNotifier: Registering: Handler (com.android.internal.telephony.GsmCdmaPhone) {2f9ea1d}
06-24 05:59:31.491 I/CameraManagerGlobal(  671): Connecting to camera service
06-24 05:59:31.495 I/OpenGLRenderer( 1068): Initialized EGL, version 1.4
06-24 05:59:31.500 I/cameraserver(  279): type=1400 audit(0.0:398): avc: denied { sendto } for path="/dev/socket/logdw" scontext=u:r:cameraserver:s0 tcontext=u:r:init:s0 tclass=unix_dgram_socket permissive=1
06-24 05:59:31.501 I/CameraService(  279): getCameraCharacteristics: Switching to HAL1 shim implementation...
06-24 05:59:31.501 I/CameraService(  279): CameraService::connect call (PID -1 "cameraserver", camera ID 0) for HAL version default and Camera API version 1
06-24 05:59:31.502 E/CameraService(  279): getCameraPriorityFromProcState: Received invalid process state -1 from ActivityManagerService!
06-24 05:59:31.540 I/wpa_supplicant(  810): type=1400 audit(0.0:399): avc: denied { read } for path="/dev/socket/wpa_wlan0" scontext=u:r:wpa:s0 tcontext=u:r:init:s0 tclass=unix_dgram_socket permissive=1
06-24 05:59:31.540 I/wpa_supplicant(  810): type=1400 audit(0.0:400): avc: denied { getopt } for path="/dev/socket/wpa_wlan0" scontext=u:r:wpa:s0 tcontext=u:r:init:s0 tclass=unix_dgram_socket permissive=1
06-24 05:59:31.548 I/art     ( 1068): Starting a blocking GC Explicit
06-24 05:59:31.566 I/art     ( 1068): Explicit concurrent mark sweep GC freed 8905(591KB) AllocSpace objects, 0(0B) LOS objects, 40% free, 2MB/4MB, paused 69us total 17.975ms
06-24 05:59:31.569 E/linker  (  287): library /system/lib/libavcodec.so with text relocation is whitelisted
06-24 05:59:31.569 W/linker  (  287): /system/lib/libavcodec.so has text relocations. This is wasting memory and prevents security hardening. Please fix.
06-24 05:59:31.569 E/linker  (  287): library /system/lib/libavcodec.so with text relocation is whitelisted
06-24 05:59:31.570 I/art     ( 1068): Starting a blocking GC Explicit
06-24 05:59:31.571 E/linker  (  287): library /system/lib/libswresample.so with text relocation is whitelisted
06-24 05:59:31.571 W/linker  (  287): /system/lib/libswresample.so has text relocations. This is wasting memory and prevents security hardening. Please fix.
06-24 05:59:31.571 E/linker  (  287): library /system/lib/libswresample.so with text relocation is whitelisted
06-24 05:59:31.571 E/WVMExtractor(  287): Failed to open libwvm.so: dlopen failed: library "libwvm.so" not found
06-24 05:59:31.579 I/art     ( 1068): Explicit concurrent mark sweep GC freed 3831(229KB) AllocSpace objects, 0(0B) LOS objects, 40% free, 2MB/4MB, paused 72us total 8.725ms
06-24 05:59:31.587 I/FFmpegExtractor(  286): android-source:0xe74afc00
06-24 05:59:31.587 I/GnssLocationProvider(  590): WakeLock acquired by sendMessage(12, 0, null)
06-24 05:59:31.589 I/GnssLocationProvider(  590): WakeLock released by handleMessage(12, 0, null)
06-24 05:59:31.589 I/FFMPEG  (  286): Input #0, ogg, from 'android-source:0xe74afc00':
06-24 05:59:31.589 I/FFMPEG  (  286):   Duration: 00:00:00.42, start: 0.000000, bitrate: 113 kb/s
06-24 05:59:31.589 I/FFMPEG  (  286):     Stream #0:0: Audio: vorbis, 48000 Hz, mono, fltp, 48 kb/s
06-24 05:59:31.589 I/FFMPEG  (  286):     Metadata:
06-24 05:59:31.589 I/FFMPEG  (  286):       TITLE           : Camera Shutter
06-24 05:59:31.589 I/FFMPEG  (  286):       ARTIST          : (c) 2012 Android Open Source Project
06-24 05:59:31.589 I/FFmpegExtractor(  286): FFmpegExtrator, url: android-source:0xe74afc00, format_name: ogg, format_long_name: Ogg
06-24 05:59:31.589 I/FFmpegExtractor(  286): list the formats suppoted by ffmpeg: 
06-24 05:59:31.589 I/FFmpegExtractor(  286): ========================================
06-24 05:59:31.589 I/FFmpegExtractor(  286): ========================================
06-24 05:59:31.589 I/FFmpegExtractor(  286): adjust mime(application/ogg -> audio/vorbis)
06-24 05:59:31.589 I/FFmpegExtractor(  286): sniff through BetterSniffFFMPEG success
06-24 05:59:31.589 I/WindowManager(  590): Destroying surface Surface(name=com.android.launcher3/com.android.launcher3.Launcher) called by com.android.server.wm.WindowStateAnimator.destroySurface:2016 com.android.server.wm.WindowStateAnimator.destroySurfaceLocked:882 com.android.server.wm.WindowState.removeLocked:1456 com.android.server.wm.WindowManagerService.removeWindowInnerLocked:2485 com.android.server.wm.WindowManagerService.removeWindowLocked:2443 com.android.server.wm.WindowManagerService.removeWindowLocked:2312 com.android.server.wm.WindowManagerService.removeWindow:2307 com.android.server.wm.Session.remove:202 
06-24 05:59:31.601 I/Telephony(  743): PstnIncomingCallNotifier: Unregistering: Handler (com.android.internal.telephony.GsmCdmaPhone) {2f9ea1d}
06-24 05:59:31.608 E/PhoneInterfaceManager(  743): [PhoneIntfMgr] getIccId: No UICC
06-24 05:59:31.616 W/art     ( 1263): Unexpected CPU variant for X86 using defaults: x86_64
06-24 05:59:31.618 I/ActivityManager(  590): Start proc 1263:com.android.quicksearchbox/u0a57 for broadcast com.android.quicksearchbox/.SearchWidgetProvider
06-24 05:59:31.619 I/FFmpegExtractor(  286): android-source:0xe74ae800
06-24 05:59:31.620 I/Telecom (  590): PhoneAccountRegistrar: [ComponentInfo{com.android.phone/com.android.services.telephony.TelephonyConnectionService}, [e0184adedf913b076626646d3f52c3b49c39ad6d], UserHandle{0}(icon: Icon(typ=BITMAP size=19x24) -> Icon(typ=BITMAP size=19x24))]: TSI.rPA@ABI
06-24 05:59:31.620 I/Telecom (  590): : Sending phone-account registered intent as user: TSI.rPA@ABI
06-24 05:59:31.626 I/Telephony(  743): AccountEntry: Registered phoneAccount: [[ ] PhoneAccount: ComponentInfo{com.android.phone/com.android.services.telephony.TelephonyConnectionService}, [e0184adedf913b076626646d3f52c3b49c39ad6d], UserHandle{0} Capabilities: CallProvider MultiUser PlaceEmerg SimSub  Schemes: tel voicemail  Extras: null] with handle: ComponentInfo{com.android.phone/com.android.services.telephony.TelephonyConnectionService}, [e0184adedf913b076626646d3f52c3b49c39ad6d], UserHandle{0}
06-24 05:59:31.626 I/Telephony(  743): PstnIncomingCallNotifier: Registering: Handler (com.android.internal.telephony.GsmCdmaPhone) {2f9ea1d}
06-24 05:59:31.627 I/FFMPEG  (  286): Input #0, ogg, from 'android-source:0xe74ae800':
06-24 05:59:31.627 I/FFMPEG  (  286):   Duration: 00:00:00.54, start: 0.000000, bitrate: 95 kb/s
06-24 05:59:31.627 I/FFMPEG  (  286):     Stream #0:0: Audio: vorbis, 48000 Hz, mono, fltp, 48 kb/s
06-24 05:59:31.627 I/FFMPEG  (  286):     Metadata:
06-24 05:59:31.627 I/FFMPEG  (  286):       TITLE           : Video Record
06-24 05:59:31.627 I/FFMPEG  (  286):       ARTIST          : (c) 2012 Android Open Source Project
06-24 05:59:31.627 I/FFmpegExtractor(  286): FFmpegExtrator, url: android-source:0xe74ae800, format_name: ogg, format_long_name: Ogg
06-24 05:59:31.627 I/FFmpegExtractor(  286): list the formats suppoted by ffmpeg: 
06-24 05:59:31.627 I/FFmpegExtractor(  286): ========================================
06-24 05:59:31.627 I/FFmpegExtractor(  286): ========================================
06-24 05:59:31.627 I/FFmpegExtractor(  286): adjust mime(application/ogg -> audio/vorbis)
06-24 05:59:31.627 I/FFmpegExtractor(  286): sniff through BetterSniffFFMPEG success
06-24 05:59:31.636 I/FFmpegExtractor(  286): android-source:0xe74b2e00
06-24 05:59:31.637 I/FFMPEG  (  286): Input #0, ogg, from 'android-source:0xe74b2e00':
06-24 05:59:31.637 I/FFMPEG  (  286):   Duration: 00:00:00.51, start: 0.000000, bitrate: 101 kb/s
06-24 05:59:31.637 I/FFMPEG  (  286):     Stream #0:0: Audio: vorbis, 48000 Hz, mono, fltp, 48 kb/s
06-24 05:59:31.637 I/FFMPEG  (  286):     Metadata:
06-24 05:59:31.637 I/FFMPEG  (  286):       TITLE           : Video Stop
06-24 05:59:31.637 I/FFMPEG  (  286):       ARTIST          : (c) 2012 Android Open Source Project
06-24 05:59:31.637 I/FFmpegExtractor(  286): FFmpegExtrator, url: android-source:0xe74b2e00, format_name: ogg, format_long_name: Ogg
06-24 05:59:31.637 I/FFmpegExtractor(  286): list the formats suppoted by ffmpeg: 
06-24 05:59:31.637 I/FFmpegExtractor(  286): ========================================
06-24 05:59:31.637 I/FFmpegExtractor(  286): ========================================
06-24 05:59:31.637 I/FFmpegExtractor(  286): adjust mime(application/ogg -> audio/vorbis)
06-24 05:59:31.637 I/FFmpegExtractor(  286): sniff through BetterSniffFFMPEG success
06-24 05:59:31.641 W/System  ( 1263): ClassLoader referenced unknown path: /system/app/QuickSearchBox/lib/x86_64
06-24 05:59:31.654 I/CameraFlashlight(  279): Opening camera 0
06-24 05:59:31.655 I/CameraFlashlight(  279): Destroying camera 0
06-24 05:59:31.655 I/CameraService(  279): disconnect: Disconnected client for camera 0 for PID 279
06-24 05:59:31.662 I/GnssLocationProvider(  590): WakeLock acquired by sendMessage(12, 0, null)
06-24 05:59:31.663 E/GnssLocationProvider(  590): no AGPS interface in set_agps_server
06-24 05:59:31.663 I/GnssLocationProvider(  590): WakeLock released by handleMessage(12, 0, null)
06-24 05:59:31.673 I/CameraService(  279): getCameraCharacteristics: Switching to HAL1 shim implementation...
06-24 05:59:31.673 I/CameraService(  279): CameraService::connect call (PID -1 "cameraserver", camera ID 1) for HAL version default and Camera API version 1
06-24 05:59:31.673 E/CameraService(  279): getCameraPriorityFromProcState: Received invalid process state -1 from ActivityManagerService!
06-24 05:59:31.700 I/FFmpegExtractor(  286): android-source:0xe74ae800
06-24 05:59:31.702 I/FFMPEG  (  286): Input #0, ogg, from 'android-source:0xe74ae800':
06-24 05:59:31.702 I/FFMPEG  (  286):   Duration: 00:00:00.42, start: 0.000000, bitrate: 113 kb/s
06-24 05:59:31.702 I/FFMPEG  (  286):     Stream #0:0: Audio: vorbis, 48000 Hz, mono, fltp, 48 kb/s
06-24 05:59:31.702 I/FFMPEG  (  286):     Metadata:
06-24 05:59:31.702 I/FFMPEG  (  286):       TITLE           : Camera Shutter
06-24 05:59:31.702 I/FFMPEG  (  286):       ARTIST          : (c) 2012 Android Open Source Project
06-24 05:59:31.702 I/FFmpegExtractor(  286): FFmpegExtrator, url: android-source:0xe74ae800, format_name: ogg, format_long_name: Ogg
06-24 05:59:31.702 I/FFmpegExtractor(  286): list the formats suppoted by ffmpeg: 
06-24 05:59:31.702 I/FFmpegExtractor(  286): ========================================
06-24 05:59:31.702 I/FFmpegExtractor(  286): ========================================
06-24 05:59:31.702 I/FFmpegExtractor(  286): adjust mime(application/ogg -> audio/vorbis)
06-24 05:59:31.702 I/FFmpegExtractor(  286): sniff through BetterSniffFFMPEG success
06-24 05:59:31.705 I/FFmpegExtractor(  286): android-source:0xe74b2e00
06-24 05:59:31.706 I/FFMPEG  (  286): Input #0, ogg, from 'android-source:0xe74b2e00':
06-24 05:59:31.706 I/FFMPEG  (  286):   Duration: 00:00:00.54, start: 0.000000, bitrate: 95 kb/s
06-24 05:59:31.706 I/FFMPEG  (  286):     Stream #0:0: Audio: vorbis, 48000 Hz, mono, fltp, 48 kb/s
06-24 05:59:31.706 I/FFMPEG  (  286):     Metadata:
06-24 05:59:31.706 I/FFMPEG  (  286):       TITLE           : Video Record
06-24 05:59:31.706 I/FFMPEG  (  286):       ARTIST          : (c) 2012 Android Open Source Project
06-24 05:59:31.706 I/FFmpegExtractor(  286): FFmpegExtrator, url: android-source:0xe74b2e00, format_name: ogg, format_long_name: Ogg
06-24 05:59:31.706 I/FFmpegExtractor(  286): list the formats suppoted by ffmpeg: 
06-24 05:59:31.706 I/FFmpegExtractor(  286): ========================================
06-24 05:59:31.706 I/FFmpegExtractor(  286): ========================================
06-24 05:59:31.706 I/FFmpegExtractor(  286): adjust mime(application/ogg -> audio/vorbis)
06-24 05:59:31.706 I/FFmpegExtractor(  286): sniff through BetterSniffFFMPEG success
06-24 05:59:31.709 I/FFmpegExtractor(  286): android-source:0xe8ce2400
06-24 05:59:31.711 I/FFMPEG  (  286): Input #0, ogg, from 'android-source:0xe8ce2400':
06-24 05:59:31.711 I/FFMPEG  (  286):   Duration: 00:00:00.51, start: 0.000000, bitrate: 101 kb/s
06-24 05:59:31.711 I/FFMPEG  (  286):     Stream #0:0: Audio: vorbis, 48000 Hz, mono, fltp, 48 kb/s
06-24 05:59:31.711 I/FFMPEG  (  286):     Metadata:
06-24 05:59:31.711 I/FFMPEG  (  286):       TITLE           : Video Stop
06-24 05:59:31.711 I/FFMPEG  (  286):       ARTIST          : (c) 2012 Android Open Source Project
06-24 05:59:31.711 I/FFmpegExtractor(  286): FFmpegExtrator, url: android-source:0xe8ce2400, format_name: ogg, format_long_name: Ogg
06-24 05:59:31.711 I/FFmpegExtractor(  286): list the formats suppoted by ffmpeg: 
06-24 05:59:31.711 I/FFmpegExtractor(  286): ========================================
06-24 05:59:31.711 I/FFmpegExtractor(  286): ========================================
06-24 05:59:31.711 I/FFmpegExtractor(  286): adjust mime(application/ogg -> audio/vorbis)
06-24 05:59:31.711 I/FFmpegExtractor(  286): sniff through BetterSniffFFMPEG success
06-24 05:59:31.712 I/CameraFlashlight(  279): Opening camera 1
06-24 05:59:31.713 I/CameraFlashlight(  279): Destroying camera 1
06-24 05:59:31.713 I/CameraService(  279): disconnect: Disconnected client for camera 1 for PID 279
06-24 05:59:31.719 I/StatusBar(  671): isKeyguardShowing() called before startKeyguard(), returning true
06-24 05:59:31.719 W/StatusBar(  671): isKeyguardSecure() called before startKeyguard(), returning false
06-24 05:59:31.719 W/StatusBar(  671): java.lang.Throwable
06-24 05:59:31.719 W/StatusBar(  671): 	at com.android.systemui.statusbar.BaseStatusBar.isKeyguardSecure(BaseStatusBar.java:2609)
06-24 05:59:31.719 W/StatusBar(  671): 	at com.android.systemui.statusbar.BaseStatusBar.isCameraAllowedByAdmin(BaseStatusBar.java:2632)
06-24 05:59:31.719 W/StatusBar(  671): 	at com.android.systemui.statusbar.phone.KeyguardBottomAreaView.updateCameraVisibility(KeyguardBottomAreaView.java:302)
06-24 05:59:31.719 W/StatusBar(  671): 	at com.android.systemui.statusbar.phone.KeyguardBottomAreaView.setPhoneStatusBar(KeyguardBottomAreaView.java:269)
06-24 05:59:31.719 W/StatusBar(  671): 	at com.android.systemui.statusbar.phone.PhoneStatusBar.makeStatusBarView(PhoneStatusBar.java:874)
06-24 05:59:31.719 W/StatusBar(  671): 	at com.android.systemui.statusbar.phone.PhoneStatusBar.addStatusBarWindow(PhoneStatusBar.java:3248)
06-24 05:59:31.719 W/StatusBar(  671): 	at com.android.systemui.statusbar.phone.PhoneStatusBar.createAndAddWindows(PhoneStatusBar.java:3244)
06-24 05:59:31.719 W/StatusBar(  671): 	at com.android.systemui.statusbar.BaseStatusBar.start(BaseStatusBar.java:752)
06-24 05:59:31.719 W/StatusBar(  671): 	at com.android.systemui.statusbar.phone.PhoneStatusBar.start(PhoneStatusBar.java:657)
06-24 05:59:31.719 W/StatusBar(  671): 	at com.android.systemui.statusbar.SystemBars.createStatusBarFromConfig(SystemBars.java:106)
06-24 05:59:31.719 W/StatusBar(  671): 	at com.android.systemui.statusbar.SystemBars.onNoService(SystemBars.java:58)
06-24 05:59:31.719 W/StatusBar(  671): 	at com.android.systemui.statusbar.ServiceMonitor.startService(ServiceMonitor.java:230)
06-24 05:59:31.719 W/StatusBar(  671): 	at com.android.systemui.statusbar.ServiceMonitor.-wrap5(ServiceMonitor.java)
06-24 05:59:31.719 W/StatusBar(  671): 	at com.android.systemui.statusbar.ServiceMonitor$1.handleMessage(ServiceMonitor.java:73)
06-24 05:59:31.719 W/StatusBar(  671): 	at android.os.Handler.dispatchMessage(Handler.java:102)
06-24 05:59:31.719 W/StatusBar(  671): 	at android.os.Looper.loop(Looper.java:154)
06-24 05:59:31.719 W/StatusBar(  671): 	at android.app.ActivityThread.main(ActivityThread.java:6077)
06-24 05:59:31.719 W/StatusBar(  671): 	at java.lang.reflect.Method.invoke(Native Method)
06-24 05:59:31.719 W/StatusBar(  671): 	at com.android.internal.os.ZygoteInit$MethodAndArgsCaller.run(ZygoteInit.java:865)
06-24 05:59:31.719 W/StatusBar(  671): 	at com.android.internal.os.ZygoteInit.main(ZygoteInit.java:755)
06-24 05:59:31.719 I/StatusBar(  671): isKeyguardShowing() called before startKeyguard(), returning true
06-24 05:59:31.719 W/StatusBar(  671): isKeyguardSecure() called before startKeyguard(), returning false
06-24 05:59:31.719 W/StatusBar(  671): java.lang.Throwable
06-24 05:59:31.719 W/StatusBar(  671): 	at com.android.systemui.statusbar.BaseStatusBar.isKeyguardSecure(BaseStatusBar.java:2609)
