--------- beginning of main
06-24 05:59:10.744 W/auditd  (  111): type=2000 audit(0.0:1): initialized
06-24 05:59:11.600 I/auditd  (  111): type=1403 audit(0.0:2): policy loaded auid=4294967295 ses=4294967295
06-24 05:59:11.692 I/init    (   88): type=1400 audit(0.0:3): avc: denied { execute_no_trans } for path="/init" dev="rootfs" ino=7811 scontext=u:r:init:s0 tcontext=u:object_r:init_exec:s0 tclass=file permissive=1
06-24 05:59:11.692 I/ueventd (   88): type=1400 audit(0.0:4): avc: denied { create } for name="__kmsg__" scontext=u:r:init:s0 tcontext=u:object_r:device:s0 tclass=chr_file permissive=1
06-24 05:59:11.692 I/ueventd (   88): type=1400 audit(0.0:5): avc: denied { unlink } for name="__kmsg__" dev="tmpfs" ino=1040 scontext=u:r:init:s0 tcontext=u:object_r:device:s0 tclass=chr_file permissive=1
06-24 05:59:11.692 I/ueventd (   88): type=1400 audit(0.0:6): avc: denied { create } for scontext=u:r:init:s0 tcontext=u:r:init:s0 tclass=netlink_kobject_uevent_socket permissive=1
06-24 05:59:11.692 I/ueventd (   88): type=1400 audit(0.0:7): avc: denied { setopt } for scontext=u:r:init:s0 tcontext=u:r:init:s0 tclass=netlink_kobject_uevent_socket permissive=1
06-24 05:59:11.692 I/ueventd (   88): type=1400 audit(0.0:8): avc: denied { bind } for scontext=u:r:init:s0 tcontext=u:r:init:s0 tclass=netlink_kobject_uevent_socket permissive=1
06-24 05:59:11.692 I/ueventd (   88): type=1400 audit(0.0:9): avc: denied { read } for scontext=u:r:init:s0 tcontext=u:r:init:s0 tclass=netlink_kobject_uevent_socket permissive=1
06-24 05:59:11.692 I/ueventd (   88): type=1400 audit(0.0:10): avc: denied { create } for name="rtc0" scontext=u:r:init:s0 tcontext=u:object_r:rtc_device:s0 tclass=chr_file permissive=1
06-24 05:59:15.436 I/vold    (  122): type=1400 audit(0.0:68): avc: denied { read write } for path="socket:[8239]" dev="sockfs" ino=8239 scontext=u:r:vold:s0 tcontext=u:r:init:s0 tclass=unix_stream_socket permissive=1
06-24 05:59:15.528 I/debuggerd64(  121): type=1400 audit(0.0:69): avc: denied { sendto } for path="/dev/socket/logdw" scontext=u:r:debuggerd:s0 tcontext=u:r:init:s0 tclass=unix_dgram_socket permissive=1
06-24 05:59:15.530 I/        (  121): debuggerd: starting
06-24 05:59:15.620 I/vold    (  122): type=1400 audit(0.0:70): avc: denied { sendto } for path="/dev/socket/logdw" scontext=u:r:vold:s0 tcontext=u:r:init:s0 tclass=unix_dgram_socket permissive=1
--------- beginning of system
06-24 05:59:15.622 I/vold    (  122): Vold 3.0 (the awakening) firing up
06-24 05:59:15.766 I/        (  120): debuggerd: starting
06-24 05:59:15.892 I/vold    (  122): type=1400 audit(0.0:71): avc: denied { listen } for path="/dev/socket/vold" scontext=u:r:vold:s0 tcontext=u:r:init:s0 tclass=unix_stream_socket permissive=1
06-24 05:59:15.892 I/ueventd (   88): type=1400 audit(0.0:72): avc: denied { relabelfrom } for name="ram0" dev="tmpfs" ino=8110 scontext=u:r:init:s0 tcontext=u:object_r:ram_device:s0 tclass=blk_file permissive=1
06-24 05:59:15.892 I/ueventd (   88): type=1400 audit(0.0:73): avc: denied { relabelto } for name="ram0" dev="tmpfs" ino=8110 scontext=u:r:init:s0 tcontext=u:object_r:ram_device:s0 tclass=blk_file permissive=1
06-24 05:59:15.908 I/vdc     (  123): type=1400 audit(0.0:74): avc: denied { connectto } for path="/dev/socket/cryptd" scontext=u:r:vdc:s0 tcontext=u:r:init:s0 tclass=unix_stream_socket permissive=1
06-24 05:59:15.908 I/vold    (  128): type=1400 audit(0.0:75): avc: denied { accept } for path="/dev/socket/cryptd" scontext=u:r:vold:s0 tcontext=u:r:init:s0 tclass=unix_stream_socket permissive=1
06-24 05:59:15.908 I/vold    (  128): type=1400 audit(0.0:76): avc: denied { getopt } for path="/dev/socket/cryptd" scontext=u:r:vold:s0 tcontext=u:r:init:s0 tclass=unix_stream_socket permissive=1
06-24 05:59:15.912 I/ueventd (   88): type=1400 audit(0.0:77): avc: denied { relabelfrom } for name="xvda" dev="tmpfs" ino=1050 scontext=u:r:init:s0 tcontext=u:object_r:block_device:s0 tclass=blk_file permissive=1
06-24 05:59:15.912 I/ueventd (   88): type=1400 audit(0.0:78): avc: denied { relabelto } for name="xvda" dev="tmpfs" ino=1050 scontext=u:r:init:s0 tcontext=u:object_r:block_device:s0 tclass=blk_file permissive=1
06-24 05:59:16.044 I/ueventd (   88): type=1400 audit(0.0:79): avc: denied { relabelfrom } for name="loop0" dev="tmpfs" ino=8120 scontext=u:r:init:s0 tcontext=u:object_r:loop_device:s0 tclass=blk_file permissive=1
06-24 05:59:16.044 I/ueventd (   88): type=1400 audit(0.0:80): avc: denied { relabelto } for name="loop0" dev="tmpfs" ino=8120 scontext=u:r:init:s0 tcontext=u:object_r:loop_device:s0 tclass=blk_file permissive=1
06-24 05:59:16.046 I/vdc     (    1): 200 123 Command succeeded
06-24 05:59:16.100 I/tzdatacheck(  129): type=1400 audit(0.0:81): avc: denied { sendto } for path="/dev/socket/logdw" scontext=u:r:tzdatacheck:s0 tcontext=u:r:init:s0 tclass=unix_dgram_socket permissive=1
06-24 05:59:16.100 I//system/bin/tzdatacheck(  129): tzdata file /data/misc/zoneinfo/current/tzdata does not exist. No action required.
06-24 05:59:16.108 I/ueventd (   88): type=1400 audit(0.0:82): avc: denied { read } for scontext=u:r:init:s0 tcontext=u:r:init:s0 tclass=netlink_kobject_uevent_socket permissive=1
06-24 05:59:16.220 I/init    (    1): type=1400 audit(0.0:83): avc: denied { read } for name="httpd" dev="xvda5" ino=3526 scontext=u:r:init:s0 tcontext=u:object_r:httpd_exec:s0 tclass=lnk_file permissive=1
06-24 05:59:16.220 I/init    (    1): type=1400 audit(0.0:84): avc: denied { getattr } for path="/system/xbin/busybox" dev="xvda5" ino=3451 scontext=u:r:init:s0 tcontext=u:object_r:busybox_exec:s0 tclass=file permissive=1
06-24 05:59:16.268 I/init    (  133): type=1400 audit(0.0:85): avc: denied { execute } for name="busybox" dev="xvda5" ino=3451 scontext=u:r:init:s0 tcontext=u:object_r:busybox_exec:s0 tclass=file permissive=1
06-24 05:59:16.288 I/init    (  133): type=1400 audit(0.0:86): avc: denied { read open } for path="/system/xbin/busybox" dev="xvda5" ino=3451 scontext=u:r:init:s0 tcontext=u:object_r:busybox_exec:s0 tclass=file permissive=1
06-24 05:59:16.288 I/init    (  133): type=1400 audit(0.0:87): avc: denied { execute_no_trans } for path="/system/xbin/busybox" dev="xvda5" ino=3451 scontext=u:r:init:s0 tcontext=u:object_r:busybox_exec:s0 tclass=file permissive=1
06-24 05:59:16.328 I/cp      (  134): type=1400 audit(0.0:88): avc: denied { read } for name="www" dev="xvda7" ino=7939 scontext=u:r:toolbox:s0 tcontext=u:object_r:system_data_file:s0 tclass=dir permissive=1
06-24 05:59:16.332 I/cp      (  134): type=1400 audit(0.0:89): avc: denied { open } for path="/data/www" dev="xvda7" ino=7939 scontext=u:r:toolbox:s0 tcontext=u:object_r:system_data_file:s0 tclass=dir permissive=1
06-24 05:59:16.368 I/cp      (  134): type=1400 audit(0.0:90): avc: denied { write } for name="definition.v1.yaml" dev="xvda7" ino=7941 scontext=u:r:toolbox:s0 tcontext=u:object_r:system_data_file:s0 tclass=file permissive=1
06-24 05:59:16.368 I/cp      (  134): type=1400 audit(0.0:91): avc: denied { open } for path="/data/www/api/definition.v1.yaml" dev="xvda7" ino=7941 scontext=u:r:toolbox:s0 tcontext=u:object_r:system_data_file:s0 tclass=file permissive=1
06-24 05:59:16.408 I/sshd    (  132): type=1400 audit(0.0:92): avc: denied { sendto } for path="/dev/socket/logdw" scontext=u:r:start-ssh:s0 tcontext=u:r:init:s0 tclass=unix_dgram_socket permissive=1
06-24 05:59:16.411 I//system/bin/sshd(  132): Server listening on :: port 22.
06-24 05:59:16.411 I//system/bin/sshd(  132): Server listening on 0.0.0.0 port 22.
06-24 05:59:16.411 E//system/bin/sshd(  132): error: Couldn't create pid file "/var/run/sshd.pid": No such file or directory
06-24 05:59:16.432 I/httpd   (  133): type=1400 audit(0.0:93): avc: denied { create } for scontext=u:r:init:s0 tcontext=u:r:init:s0 tclass=tcp_socket permissive=1
06-24 05:59:16.432 I/httpd   (  133): type=1400 audit(0.0:94): avc: denied { setopt } for scontext=u:r:init:s0 tcontext=u:r:init:s0 tclass=tcp_socket permissive=1
06-24 05:59:16.432 I/httpd   (  133): type=1400 audit(0.0:95): avc: denied { bind } for scontext=u:r:init:s0 tcontext=u:r:init:s0 tclass=tcp_socket permissive=1
06-24 05:59:16.432 I/httpd   (  133): type=1400 audit(0.0:96): avc: denied { name_bind } for src=80 scontext=u:r:init:s0 tcontext=u:object_r:port:s0 tclass=tcp_socket permissive=1
06-24 05:59:16.432 I/httpd   (  133): type=1400 audit(0.0:97): avc: denied { node_bind } for src=80 scontext=u:r:init:s0 tcontext=u:object_r:node:s0 tclass=tcp_socket permissive=1
06-24 05:59:16.432 I/httpd   (  133): type=1400 audit(0.0:98): avc: denied { net_bind_service } for capability=10 scontext=u:r:init:s0 tcontext=u:r:init:s0 tclass=capability permissive=1
06-24 05:59:16.432 I/httpd   (  133): type=1400 audit(0.0:99): avc: denied { listen } for lport=80 scontext=u:r:init:s0 tcontext=u:r:init:s0 tclass=tcp_socket permissive=1
06-24 05:59:16.472 I/httpd   (  133): type=1400 audit(0.0:100): avc: denied { accept } for lport=80 scontext=u:r:init:s0 tcontext=u:r:init:s0 tclass=tcp_socket permissive=1
06-24 05:59:17.544 I/logd    (  115): type=1400 audit(0.0:102): avc: denied { getopt } for path="/dev/socket/logd" scontext=u:r:logd:s0 tcontext=u:r:init:s0 tclass=unix_stream_socket permissive=1
06-24 05:59:17.544 I/logd.control(  115): type=1400 audit(0.0:103): avc: denied { sendto } for path="/dev/socket/logdw" scontext=u:r:logd:s0 tcontext=u:r:init:s0 tclass=unix_dgram_socket permissive=1
06-24 05:59:17.648 I/init    (  144): type=1400 audit(0.0:104): avc: denied { execute_no_trans } for path="/sbin/adbd" dev="rootfs" ino=7825 scontext=u:r:init:s0 tcontext=u:object_r:rootfs:s0 tclass=file permissive=1
06-24 05:59:17.648 I/adbd    (  144): type=1400 audit(0.0:105): avc: denied { write } for name="property_service" dev="tmpfs" ino=7994 scontext=u:r:init:s0 tcontext=u:object_r:property_socket:s0 tclass=sock_file permissive=1
06-24 05:59:17.680 I/gatekeeperd(  142): type=1400 audit(0.0:106): avc: denied { sendto } for path="/dev/socket/logdw" scontext=u:r:gatekeeperd:s0 tcontext=u:r:init:s0 tclass=unix_dgram_socket permissive=1
06-24 05:59:17.682 I/gatekeeperd(  142): Starting gatekeeperd...
06-24 05:59:17.720 I/perfprofd(  143): type=1400 audit(0.0:107): avc: denied { sendto } for path="/dev/socket/logdw" scontext=u:r:perfprofd:s0 tcontext=u:r:init:s0 tclass=unix_dgram_socket permissive=1
06-24 05:59:17.721 I/perfprofd(  143): starting Android Wide Profiling daemon
06-24 05:59:17.730 E/perfprofd(  143): unable to open configuration file /data/data/com.google.android.gms/files/perfprofd.conf
06-24 05:59:17.730 I/perfprofd(  143): random seed set to 616669293
06-24 05:59:18.228 I/ueventd (   88): type=1400 audit(0.0:108): avc: denied { create } for name="fb0" scontext=u:r:init:s0 tcontext=u:object_r:graphics_device:s0 tclass=chr_file permissive=1
06-24 05:59:18.428 I/diskeventd(  257): type=1400 audit(0.0:109): avc: denied { create } for scontext=u:r:init:s0 tcontext=u:r:init:s0 tclass=netlink_kobject_uevent_socket permissive=1
06-24 05:59:18.428 I/diskeventd(  257): type=1400 audit(0.0:110): avc: denied { setopt } for scontext=u:r:init:s0 tcontext=u:r:init:s0 tclass=netlink_kobject_uevent_socket permissive=1
06-24 05:59:18.428 I/diskeventd(  257): type=1400 audit(0.0:111): avc: denied { bind } for scontext=u:r:init:s0 tcontext=u:r:init:s0 tclass=netlink_kobject_uevent_socket permissive=1
06-24 05:59:18.428 I/diskeventd(  257): type=1400 audit(0.0:112): avc: denied { getopt } for scontext=u:r:init:s0 tcontext=u:r:init:s0 tclass=netlink_kobject_uevent_socket permissive=1
06-24 05:59:18.512 I/logwrapper(  263): type=1400 audit(0.0:113): avc: denied { read write } for path="socket:[9092]" dev="sockfs" ino=9092 scontext=u:r:logwrapper:s0 tcontext=u:r:init:s0 tclass=unix_stream_socket permissive=1
06-24 05:59:18.512 I/logwrapper(  263): type=1400 audit(0.0:114): avc: denied { read write } for name="0" dev="devpts" ino=3 scontext=u:r:logwrapper:s0 tcontext=u:object_r:devpts:s0 tclass=chr_file permissive=1
06-24 05:59:18.512 I/logwrapper(  263): type=1400 audit(0.0:115): avc: denied { open } for path="/dev/pts/0" dev="devpts" ino=3 scontext=u:r:logwrapper:s0 tcontext=u:object_r:devpts:s0 tclass=chr_file permissive=1
06-24 05:59:18.512 I/logwrapper(  264): type=1400 audit(0.0:116): avc: denied { execute } for name="genybaseband" dev="xvda5" ino=339 scontext=u:r:logwrapper:s0 tcontext=u:object_r:genybaseband_exec:s0 tclass=file permissive=1
06-24 05:59:18.512 I/logwrapper(  264): type=1400 audit(0.0:117): avc: denied { read open } for path="/system/bin/genybaseband" dev="xvda5" ino=339 scontext=u:r:logwrapper:s0 tcontext=u:object_r:genybaseband_exec:s0 tclass=file permissive=1
06-24 05:59:18.512 I/logwrapper(  264): type=1400 audit(0.0:118): avc: denied { execute_no_trans } for path="/system/bin/genybaseband" dev="xvda5" ino=339 scontext=u:r:logwrapper:s0 tcontext=u:object_r:genybaseband_exec:s0 tclass=file permissive=1
06-24 05:59:18.516 I/genybaseband(  264): type=1400 audit(0.0:119): avc: denied { getattr } for path="/system/bin/genybaseband" dev="xvda5" ino=339 scontext=u:r:logwrapper:s0 tcontext=u:object_r:genybaseband_exec:s0 tclass=file permissive=1
06-24 05:59:18.516 I/genybaseband(  264): type=1400 audit(0.0:120): avc: denied { create } for scontext=u:r:logwrapper:s0 tcontext=u:r:logwrapper:s0 tclass=tcp_socket permissive=1
06-24 05:59:18.516 I/genybaseband(  264): type=1400 audit(0.0:121): avc: denied { connect } for scontext=u:r:logwrapper:s0 tcontext=u:r:logwrapper:s0 tclass=tcp_socket permissive=1
06-24 05:59:18.516 I/genybaseband(  264): type=1400 audit(0.0:122): avc: denied { name_connect } for dest=6379 scontext=u:r:logwrapper:s0 tcontext=u:object_r:port:s0 tclass=tcp_socket permissive=1
06-24 05:59:18.516 I/genybaseband(  264): type=1400 audit(0.0:123): avc: denied { getopt } for laddr=127.0.0.1 lport=46408 faddr=127.0.0.1 fport=6379 scontext=u:r:logwrapper:s0 tcontext=u:r:logwrapper:s0 tclass=tcp_socket permissive=1
06-24 05:59:18.516 I/genybaseband(  264): type=1400 audit(0.0:124): avc: denied { setopt } for laddr=127.0.0.1 lport=46408 faddr=127.0.0.1 fport=6379 scontext=u:r:logwrapper:s0 tcontext=u:r:logwrapper:s0 tclass=tcp_socket permissive=1
06-24 05:59:18.516 I/genybaseband(  264): type=1400 audit(0.0:125): avc: denied { listen } for path="/dev/socket/baseband_ril" scontext=u:r:logwrapper:s0 tcontext=u:r:init:s0 tclass=unix_stream_socket permissive=1
06-24 05:59:18.516 I/genybaseband(  264): type=1400 audit(0.0:126): avc: denied { accept } for path="/dev/socket/baseband_ril" scontext=u:r:logwrapper:s0 tcontext=u:r:init:s0 tclass=unix_stream_socket permissive=1
06-24 05:59:18.520 W/baseband-redis(  264): Redis message not properly formated
06-24 05:59:18.660 I/crond   (  267): crond: crond (busybox 1.22.1 bionic) started, log level 8
06-24 05:59:18.836 I/init    (    1): type=1400 audit(0.0:135): avc: denied { getattr } for path="/system/xbin/su" dev="xvda5" ino=3656 scontext=u:r:init:s0 tcontext=u:object_r:su_exec:s0 tclass=file permissive=1
06-24 05:59:18.840 I/healthd (  290): type=1400 audit(0.0:136): avc: denied { block_suspend } for capability=36 scontext=u:r:init:s0 tcontext=u:r:init:s0 tclass=capability2 permissive=1
06-24 05:59:18.840 I/init    (  281): type=1400 audit(0.0:137): avc: denied { execute } for name="su" dev="xvda5" ino=3656 scontext=u:r:init:s0 tcontext=u:object_r:su_exec:s0 tclass=file permissive=1
06-24 05:59:18.840 I/init    (  281): type=1400 audit(0.0:138): avc: denied { read open } for path="/system/xbin/su" dev="xvda5" ino=3656 scontext=u:r:init:s0 tcontext=u:object_r:su_exec:s0 tclass=file permissive=1
06-24 05:59:18.840 I/init    (  281): type=1400 audit(0.0:139): avc: denied { execute_no_trans } for path="/system/xbin/su" dev="xvda5" ino=3656 scontext=u:r:init:s0 tcontext=u:object_r:su_exec:s0 tclass=file permissive=1
06-24 05:59:18.840 I/rild    (  289): type=1400 audit(0.0:140): avc: denied { read write } for path="socket:[1908]" dev="sockfs" ino=1908 scontext=u:r:rild:s0 tcontext=u:r:init:s0 tclass=unix_stream_socket permissive=1
06-24 05:59:18.844 I/init    (  278): type=1400 audit(0.0:141): avc: denied { create } for name="audio_out" scontext=u:r:init:s0 tcontext=u:object_r:socket_device:s0 tclass=sock_file permissive=1
06-24 05:59:18.844 I/init    (  278): type=1400 audit(0.0:142): avc: denied { setattr } for name="audio_out" dev="tmpfs" ino=1990 scontext=u:r:init:s0 tcontext=u:object_r:socket_device:s0 tclass=sock_file permissive=1
06-24 05:59:18.848 I/installd(  282): type=1400 audit(0.0:143): avc: denied { read write } for path="socket:[1941]" dev="sockfs" ino=1941 scontext=u:r:installd:s0 tcontext=u:r:init:s0 tclass=unix_stream_socket permissive=1
06-24 05:59:18.852 I/audioserver(  278): type=1400 audit(0.0:144): avc: denied { read write } for path="socket:[1981]" dev="sockfs" ino=1981 scontext=u:r:audioserver:s0 tcontext=u:r:init:s0 tclass=unix_stream_socket permissive=1
06-24 05:59:18.852 I/installd(  282): type=1400 audit(0.0:145): avc: denied { sendto } for path="/dev/socket/logdw" scontext=u:r:installd:s0 tcontext=u:r:init:s0 tclass=unix_dgram_socket permissive=1
06-24 05:59:18.852 I/app_process32(  277): type=1400 audit(0.0:146): avc: denied { read write } for path="socket:[1996]" dev="sockfs" ino=1996 scontext=u:r:zygote:s0 tcontext=u:r:init:s0 tclass=unix_stream_socket permissive=1
06-24 05:59:18.854 I/        (  282): installd firing up
06-24 05:59:18.856 I/installd(  282): type=1400 audit(0.0:147): avc: denied { listen } for path="/dev/socket/installd" scontext=u:r:installd:s0 tcontext=u:r:init:s0 tclass=unix_stream_socket permissive=1
06-24 05:59:18.856 I/installd(  282): type=1400 audit(0.0:148): avc: denied { accept } for path="/dev/socket/installd" scontext=u:r:installd:s0 tcontext=u:r:init:s0 tclass=unix_stream_socket permissive=1
06-24 05:59:18.856 I/vinput  (  274): type=1400 audit(0.0:149): avc: denied { sendto } for path="/dev/socket/logdw" scontext=u:r:vinput:s0 tcontext=u:r:init:s0 tclass=unix_dgram_socket permissive=1
06-24 05:59:18.856 I/rild    (  289): type=1400 audit(0.0:150): avc: denied { sendto } for path="/dev/socket/logdw" scontext=u:r:rild:s0 tcontext=u:r:init:s0 tclass=unix_dgram_socket permissive=1
06-24 05:59:18.856 I/lmkd    (  270): type=1400 audit(0.0:151): avc: denied { read write } for path="socket:[2015]" dev="sockfs" ino=2015 scontext=u:r:lmkd:s0 tcontext=u:r:init:s0 tclass=unix_stream_socket permissive=1
06-24 05:59:18.860 I/lmkd    (  270): type=1400 audit(0.0:152): avc: denied { listen } for path="/dev/socket/lmkd" scontext=u:r:lmkd:s0 tcontext=u:r:init:s0 tclass=unix_stream_socket permissive=1
06-24 05:59:18.860 I/lmkd    (  270): type=1400 audit(0.0:153): avc: denied { sendto } for path="/dev/socket/logdw" scontext=u:r:lmkd:s0 tcontext=u:r:init:s0 tclass=unix_dgram_socket permissive=1
06-24 05:59:18.862 I/lowmemorykiller(  270): Using in-kernel low memory killer interface
06-24 05:59:18.862 W/vinput  (  274): Empty command, we ignore it
06-24 05:59:18.863 W/vinput  (  274): Vinput: Publish command vinput status ready configured:0 has no receiver
06-24 05:59:18.864 I/rild    (  289): type=1400 audit(0.0:154): avc: denied { listen } for path="/dev/socket/rild" scontext=u:r:rild:s0 tcontext=u:r:init:s0 tclass=unix_stream_socket permissive=1
06-24 05:59:18.869 I/keystore(  283): Found keymaster0 module Keymaster OpenSSL HAL, version 2
06-24 05:59:18.869 I/SoftKeymaster(  283): system/keymaster/soft_keymaster_device.cpp, Line 131: Creating device
06-24 05:59:18.869 I/keystore(  283): Keymaster0 module is software-only.  Using SoftKeymasterDevice instead.
06-24 05:59:18.869 I/SoftKeymaster(  283): system/keymaster/soft_keymaster_device.cpp, Line 131: Creating device
06-24 05:59:18.876 E/network_profile_handler(  271): init_all_network_profile_state: wlan: wlan0 phone:rmnet0
06-24 05:59:18.876 I/network_profile(  271): Redis connect
06-24 05:59:18.876 I/network_profile(  271): Redis PUB: network_profile status ready
06-24 05:59:18.876 I/network_profile(  271): Redis read thread
06-24 05:59:18.876 I/network_profile(  271): Redis read wait
06-24 05:59:18.876 W/network_profile(  271): message not properly formated
06-24 05:59:18.885 I/Netd    (  288): Netd 1.0 starting
06-24 05:59:19.012 I/SurfaceFlinger(  275): SurfaceFlinger is starting
06-24 05:59:19.040 I/SurfaceFlinger(  275): SurfaceFlinger's main thread ready to run. Initializing graphics H/W...
06-24 05:59:19.064 E/libEGL  (  275): load_driver(/vendor/lib64/egl/libGLES_swiftshader.so): dlopen failed: library "/vendor/lib64/egl/libGLES_swiftshader.so" not found
06-24 05:59:19.292 I/mediacodec(  284): @@@ mediacodecservice starting
06-24 05:59:19.293 W/        (  284): No seccomp filter defined for this architecture.
06-24 05:59:19.294 I/cameraserver(  279): ServiceManager: 0xe6e1afc0
06-24 05:59:19.295 I/CameraService(  279): CameraService started (pid=279)
06-24 05:59:19.295 I/CameraService(  279): CameraService process starting
06-24 05:59:19.295 W/BatteryNotifier(  279): batterystats service unavailable!
06-24 05:59:19.295 W/BatteryNotifier(  279): batterystats service unavailable!
06-24 05:59:19.303 E/EmulatedCamera_Factory(  279): 2 cameras are being emulated.
06-24 05:59:19.303 E/EmulatedCamera_HotplugThread(  279): createFileIfNotExists: Could not create file '/data/misc/media/emulator.camera.hotplug.0', error: 'Permission denied' (13)
06-24 05:59:19.303 E/EmulatedCamera_HotplugThread(  279): createFileIfNotExists: Could not create file '/data/misc/media/emulator.camera.hotplug.1', error: 'Permission denied' (13)
06-24 05:59:19.303 E/cutils-trace(  279): Error opening trace file: Permission denied (13)
06-24 05:59:19.303 I/CameraService(  279): Loaded "Emulated Camera Module" camera module
06-24 05:59:19.303 E/CameraService(  279): setUpVendorTags: Vendor tag operations not fully defined. Ignoring definitions.
06-24 05:59:19.303 I/CameraFlashlight(  279): Opening camera 0
06-24 05:59:19.304 I/ServiceManager(  279): Waiting for service SurfaceFlinger...
06-24 05:59:19.313 I/        (  278): sMaxFastTracks = 8
06-24 05:59:19.314 I/audioserver(  278): ServiceManager: 0xee41afc0
06-24 05:59:19.314 W/BatteryNotifier(  278): batterystats service unavailable!
06-24 05:59:19.314 I/AudioFlinger(  278): Using default 3000 mSec as standby time.
06-24 05:59:19.315 I/AudioPolicyService(  278): AudioPolicyService CSTOR in new mode
06-24 05:59:19.316 I/APM::ConfigParsingUtils(  278): loadAudioPolicyConfig() loaded /system/etc/audio_policy.conf
06-24 05:59:19.370 E/genymotion_audio(  278): Fail to get mixer ctl: Master Playback Switch
06-24 05:59:19.370 E/genymotion_audio(  278): Fail to get mixer ctl: Master Playback Volume
06-24 05:59:19.370 E/genymotion_audio(  278): Fail to get mixer ctl: PCM Playback Switch
06-24 05:59:19.370 E/genymotion_audio(  278): Fail to get mixer ctl: PCM Playback Volume
06-24 05:59:19.370 E/genymotion_audio(  278): Fail to get mixer ctl: Capture Switch
06-24 05:59:19.370 E/genymotion_audio(  278): Fail to get mixer ctl: Capture Volume
06-24 05:59:19.370 I/genymotion_audio(  278): Starting audio input server
06-24 05:59:19.370 I/genymotion_audio(  278): Starting input server...
06-24 05:59:19.370 I/genymotion_audio(  278): pcm dump: lock server init ret: 0
06-24 05:59:19.370 I/genymotion_audio(  278): pcm dump: init input buffer with 1764 frames of 4 bytes
06-24 05:59:19.370 I/genymotion_audio(  278): Starting input pcm server
06-24 05:59:19.370 I/AudioFlinger(  278): loadHwModule() Loaded primary audio interface from Generic audio HW HAL (audio) handle 10
06-24 05:59:19.370 I/AudioFlinger(  278): openOutput(), module 10 Device 2, SamplingRate 44100, Format 0x000001, Channels 3, flags 2
06-24 05:59:19.371 I/genymotion_audio(  278): Starting pcm out server
06-24 05:59:19.371 W/AudioFlinger(  278): HAL output buffer size is 661 frames but AudioMixer requires multiples of 16 frames
06-24 05:59:19.371 I/AudioFlinger(  278): HAL output buffer size 661 frames, normal sink buffer size 1056 frames
06-24 05:59:19.378 I/BufferProvider(  278): found effect "Multichannel Downmix To Stereo" from The Android Open Source Project
06-24 05:59:19.378 I/AudioFlinger(  278): Using module 10 has the primary audio interface
06-24 05:59:19.379 I/genymotion_audio(  278): Input server: Trying to get unix socket
06-24 05:59:19.379 I/genymotion_audio(  278): Input server: done, checking...
06-24 05:59:19.379 I/genymotion_audio(  278): Input server: socket is okay, listening on it...
06-24 05:59:19.379 I/genymotion_audio(  278): Input server: done listening
06-24 05:59:19.379 I/genymotion_audio(  278): Input server waiting for connection
06-24 05:59:19.384 I/genymotion_audio(  278): out sampling rate 0
06-24 05:59:19.394 W//system/bin/mediaextractor(  286): libminijail: allowing syscall: socketcall
06-24 05:59:19.394 W//system/bin/mediaextractor(  286): libminijail: allowing syscall: writev
06-24 05:59:19.394 W//system/bin/mediaextractor(  286): libminijail: allowing syscall: fcntl64
06-24 05:59:19.394 W//system/bin/mediaextractor(  286): libminijail: allowing syscall: clock_gettime
06-24 05:59:19.395 W//system/bin/mediaextractor(  286): libminijail: logging seccomp filter failures
06-24 05:59:19.398 I/mediaserver(  285): ServiceManager: 0xe9dbc040
06-24 05:59:19.412 I/mediaserver(  287): ServiceManager: 0xf3ebc040
06-24 05:59:19.435 W/BatteryNotifier(  287): batterystats service unavailable!
06-24 05:59:19.442 I/AudioFlinger(  278): AudioFlinger's thread 0xede9bb40 ready to run
06-24 05:59:19.442 W/BatteryNotifier(  278): batterystats service unavailable!
06-24 05:59:19.442 W/BatteryNotifier(  278): batterystats service unavailable!
06-24 05:59:19.465 W/BatteryNotifier(  278): batterystats service unavailable!
06-24 05:59:19.465 W/AudioFlinger(  278): no wake lock to update, system not ready yet
06-24 05:59:19.465 E/cutils-trace(  278): Error opening trace file: Permission denied (13)
06-24 05:59:19.465 I/genymotion_audio(  278): pcm dump: lock init ret: 0
06-24 05:59:19.465 I/genymotion_audio(  278): pcm dump: in->pcm_config.rate: 44100
06-24 05:59:19.465 I/genymotion_audio(  278): pcm dump: in->pcm_config.period_size: 441
06-24 05:59:19.465 I/genymotion_audio(  278): pcm dump: in->pcm_config.period_count: 4
06-24 05:59:19.465 I/genymotion_audio(  278): pcm dump: in->pcm_config.channels: 2
06-24 05:59:19.465 I/genymotion_audio(  278): pcm dump: to byte: 2
06-24 05:59:19.465 I/genymotion_audio(  278): in_read_worker: Start.  channels 2 format 0 rate 44100
06-24 05:59:19.465 I/genymotion_audio(  278): in_read_worker dump: in->pcm_config.period_size: 441
06-24 05:59:19.465 I/genymotion_audio(  278): in_read_worker dump: in->pcm_config.period_count: 4
06-24 05:59:19.465 I/genymotion_audio(  278): in_read_worker dump: in->pcm_config.channels: 2
06-24 05:59:19.465 I/genymotion_audio(  278): in_read_worker dump: to byte: 2
06-24 05:59:19.465 I/genymotion_audio(  278): in_read_worker standby/restart
06-24 05:59:19.468 I/AudioFlinger(  278): AudioFlinger's thread 0xed783840 ready to run
06-24 05:59:19.486 E/FastThread(  278): did not receive expected priority boost
06-24 05:59:19.526 I/RadioService(  278): RadioService
06-24 05:59:19.526 I/RadioService(  278): onFirstRef
06-24 05:59:19.526 E/RadioService(  278): couldn't load radio module radio.primary (No such file or directory)
06-24 05:59:19.545 E/SoundTriggerHwService(  278): couldn't load sound trigger module sound_trigger.primary (No such file or directory)
06-24 05:59:19.551 I/gralloc (  275): using (fd=11)
06-24 05:59:19.551 I/gralloc (  275): id           = Virtual FB
06-24 05:59:19.551 I/gralloc (  275): xres         = 600 px
06-24 05:59:19.551 I/gralloc (  275): yres         = 1024 px
06-24 05:59:19.551 I/gralloc (  275): xres_virtual = 600 px
06-24 05:59:19.551 I/gralloc (  275): yres_virtual = 2048 px
06-24 05:59:19.551 I/gralloc (  275): bpp          = 32
06-24 05:59:19.551 I/gralloc (  275): r            = 16:8
06-24 05:59:19.551 I/gralloc (  275): g            =  8:8
06-24 05:59:19.551 I/gralloc (  275): b            =  0:8
06-24 05:59:19.551 I/gralloc (  275): width        = 95 mm (160.421051 dpi)
06-24 05:59:19.551 I/gralloc (  275): height       = 162 mm (160.553085 dpi)
06-24 05:59:19.551 I/gralloc (  275): refresh rate = 60.00 Hz
06-24 05:59:19.552 E/SurfaceFlinger(  275): hwcomposer module not found
06-24 05:59:19.552 I/SurfaceFlinger(  275): Trying a simpler query for non-RGBA_8888
06-24 05:59:19.552 I/SurfaceFlinger(  275): EGL information: format=0x5
06-24 05:59:19.552 I/SurfaceFlinger(  275): vendor    : Android
06-24 05:59:19.552 I/SurfaceFlinger(  275): version   : 1.4 Android META-EGL
06-24 05:59:19.552 I/SurfaceFlinger(  275): extensions: EGL_KHR_get_all_proc_addresses EGL_ANDROID_presentation_time EGL_KHR_swap_buffers_with_damage EGL_ANDROID_create_native_client_buffer EGL_ANDROID_front_buffer_auto_refresh EGL_KHR_image_base EGL_KHR_gl_texture_2D_image EGL_KHR_gl_texture_cubemap_image EGL_KHR_gl_renderbuffer_image EGL_KHR_fence_sync EGL_KHR_create_context EGL_ANDROID_recordable 
06-24 05:59:19.552 I/SurfaceFlinger(  275): Client API: OpenGL_ES
06-24 05:59:19.552 I/SurfaceFlinger(  275): EGLSurface: 8-8-8-8, config=0x2f
06-24 05:59:19.567 I/SurfaceFlinger(  275): OpenGL ES informations: format=0x5
06-24 05:59:19.567 I/SurfaceFlinger(  275): vendor    : Google Inc.
06-24 05:59:19.567 I/SurfaceFlinger(  275): renderer  : Google SwiftShader
06-24 05:59:19.567 I/SurfaceFlinger(  275): version   : OpenGL ES 2.0 SwiftShader 3.3.0.2
06-24 05:59:19.567 I/SurfaceFlinger(  275): extensions: GL_OES_compressed_ETC1_RGB8_texture GL_OES_depth24 GL_OES_depth32 GL_OES_depth_texture GL_OES_depth_texture_cube_map GL_OES_EGL_image GL_OES_EGL_image_external GL_OES_EGL_sync GL_OES_element_index_uint GL_OES_framebuffer_object GL_OES_packed_depth_stencil GL_OES_rgb8_rgba8 GL_OES_standard_derivatives GL_OES_texture_float GL_OES_texture_float_linear GL_OES_texture_half_float GL_OES_texture_half_float_linear GL_OES_texture_npot GL_OES_texture_3D GL_OES_vertex_half_float GL_EXT_blend_minmax GL_EXT_color_buffer_half_float GL_EXT_draw_buffers GL_EXT_instanced_arrays GL_EXT_occlusion_query_boolean GL_EXT_read_format_bgra GL_EXT_texture_filter_anisotropic GL_EXT_texture_format_BGRA8888 GL_EXT_texture_rg GL_ANGLE_framebuffer_blit GL_ANGLE_framebuffer_multisample GL_ANGLE_instanced_arrays GL_CHROMIUM_texture_filtering_hint GL_NV_fence GL_NV_framebuffer_blit GL_NV_read_depth 
06-24 05:59:19.567 I/SurfaceFlinger(  275): GL_MAX_TEXTURE_SIZE = 8192
06-24 05:59:19.567 I/SurfaceFlinger(  275): GL_MAX_VIEWPORT_DIMS = 8192
06-24 05:59:19.567 E/cutils-trace(  275): Error opening trace file: Permission denied (13)
06-24 05:59:19.703 W/gatekeeperd(  142): falling back to software GateKeeper
06-24 05:59:19.789 E/libEGL  (  389): load_driver(/vendor/lib64/egl/libGLES_swiftshader.so): dlopen failed: library "/vendor/lib64/egl/libGLES_swiftshader.so" not found
06-24 05:59:19.803 E/cutils-trace(  389): Error opening trace file: Permission denied (13)
06-24 05:59:19.840 I/healthd (  290): type=1400 audit(0.0:202): avc: denied { call } for scontext=u:r:init:s0 tcontext=u:r:servicemanager:s0 tclass=binder permissive=1
06-24 05:59:19.860 I/healthd (  290): type=1400 audit(0.0:203): avc: denied { transfer } for scontext=u:r:init:s0 tcontext=u:r:servicemanager:s0 tclass=binder permissive=1
06-24 05:59:19.860 I/servicemanager(  272): type=1400 audit(0.0:204): avc: denied { search } for name="290" dev="proc" ino=1950 scontext=u:r:servicemanager:s0 tcontext=u:r:init:s0 tclass=dir permissive=1
06-24 05:59:19.860 I/servicemanager(  272): type=1400 audit(0.0:205): avc: denied { read } for name="current" dev="proc" ino=11359 scontext=u:r:servicemanager:s0 tcontext=u:r:init:s0 tclass=file permissive=1
06-24 05:59:19.860 I/servicemanager(  272): type=1400 audit(0.0:206): avc: denied { open } for path="/proc/290/attr/current" dev="proc" ino=11359 scontext=u:r:servicemanager:s0 tcontext=u:r:init:s0 tclass=file permissive=1
06-24 05:59:19.860 I/servicemanager(  272): type=1400 audit(0.0:207): avc: denied { getattr } for scontext=u:r:servicemanager:s0 tcontext=u:r:init:s0 tclass=process permissive=1
06-24 05:59:19.860 I/servicemanager(  272): type=1400 audit(0.0:208): avc: denied { sendto } for path="/dev/socket/logdw" scontext=u:r:servicemanager:s0 tcontext=u:r:init:s0 tclass=unix_dgram_socket permissive=1
06-24 05:59:19.860 I/healthd (  290): type=1400 audit(0.0:209): avc: denied { block_suspend } for capability=36 scontext=u:r:init:s0 tcontext=u:r:init:s0 tclass=capability2 permissive=1
06-24 05:59:19.860 I/healthd (  290): type=1400 audit(0.0:210): avc: denied { create } for scontext=u:r:init:s0 tcontext=u:r:init:s0 tclass=netlink_kobject_uevent_socket permissive=1
06-24 05:59:19.860 I/healthd (  290): type=1400 audit(0.0:211): avc: denied { setopt } for scontext=u:r:init:s0 tcontext=u:r:init:s0 tclass=netlink_kobject_uevent_socket permissive=1
06-24 05:59:19.860 I/healthd (  290): type=1400 audit(0.0:212): avc: denied { bind } for scontext=u:r:init:s0 tcontext=u:r:init:s0 tclass=netlink_kobject_uevent_socket permissive=1
06-24 05:59:19.860 I/healthd (  290): type=1400 audit(0.0:213): avc: denied { read } for name="/" dev="fuse" ino=1 scontext=u:r:init:s0 tcontext=u:object_r:fuse:s0 tclass=dir permissive=1
06-24 05:59:19.860 I/healthd (  290): type=1400 audit(0.0:214): avc: denied { open } for path="/dev/pipe/battery" dev="fuse" ino=1 scontext=u:r:init:s0 tcontext=u:object_r:fuse:s0 tclass=dir permissive=1
06-24 05:59:19.863 E/SELinux (  272): avc:  denied  { add } for service=batteryproperties pid=290 uid=0 scontext=u:r:init:s0 tcontext=u:object_r:batteryproperties_service:s0 tclass=service_manager permissive=1
06-24 05:59:19.864 I/healthd (  290): type=1400 audit(0.0:215): avc: denied { read } for name="type" dev="fuse" ino=3 scontext=u:r:init:s0 tcontext=u:object_r:fuse:s0 tclass=file permissive=1
06-24 05:59:19.864 I/healthd (  290): type=1400 audit(0.0:216): avc: denied { open } for path="/dev/pipe/battery/AC/type" dev="fuse" ino=3 scontext=u:r:init:s0 tcontext=u:object_r:fuse:s0 tclass=file permissive=1
06-24 05:59:19.864 I/healthd (  290): type=1400 audit(0.0:217): avc: denied { write } for name="kmsg" dev="tmpfs" ino=8013 scontext=u:r:init:s0 tcontext=u:object_r:kmsg_device:s0 tclass=chr_file permissive=1
06-24 05:59:20.076 I/BootAnimation(  407): type=1400 audit(0.0:218): avc: denied { execmem } for scontext=u:r:bootanim:s0 tcontext=u:r:bootanim:s0 tclass=process permissive=1
06-24 05:59:20.156 I/netd    (  288): type=1400 audit(0.0:219): avc: denied { sendto } for path="/dev/socket/logdw" scontext=u:r:netd:s0 tcontext=u:r:init:s0 tclass=unix_dgram_socket permissive=1
06-24 05:59:20.156 I/iptables(  288): iptables v1.4.20: Couldn't find target `fw_dozable'
06-24 05:59:20.156 I/iptables(  288): 
06-24 05:59:20.156 I/iptables(  288): Try `iptables -h' or 'iptables --help' for more information.
06-24 05:59:20.156 I/iptables(  288): iptables terminated by exit(2)
06-24 05:59:20.156 E/Netd    (  288): exec() res=0, status=512 for /system/bin/iptables -w -t filter -D fw_INPUT -j fw_dozable 
06-24 05:59:20.158 I/ip6tables(  288): ip6tables v1.4.20: Couldn't find target `fw_dozable'
06-24 05:59:20.158 I/ip6tables(  288): 
06-24 05:59:20.158 I/ip6tables(  288): Try `ip6tables -h' or 'ip6tables --help' for more information.
06-24 05:59:20.164 I/iptables-restor(  522): type=1400 audit(0.0:220): avc: denied { module_request } for kmod="ipt_owner" scontext=u:r:netd:s0 tcontext=u:r:kernel:s0 tclass=system permissive=1
06-24 05:59:20.164 I/ip6tables(  288): ip6tables terminated by exit(2)
06-24 05:59:20.164 E/Netd    (  288): exec() res=0, status=512 for /system/bin/ip6tables -w -t filter -D fw_INPUT -j fw_dozable 
06-24 05:59:20.166 E/Netd    (  288): /system/bin/iptables-restore failed with res=0, status=256
06-24 05:59:20.169 E/Netd    (  288): /system/bin/ip6tables-restore failed with res=0, status=256
06-24 05:59:20.170 I/iptables(  288): iptables v1.4.20: Couldn't find target `fw_standby'
06-24 05:59:20.170 I/iptables(  288): 
06-24 05:59:20.171 I/iptables(  288): Try `iptables -h' or 'iptables --help' for more information.
06-24 05:59:20.176 I/iptables(  288): iptables terminated by exit(2)
06-24 05:59:20.176 E/Netd    (  288): exec() res=0, status=512 for /system/bin/iptables -w -t filter -D fw_INPUT -j fw_standby 
06-24 05:59:20.178 I/ip6tables(  288): ip6tables v1.4.20: Couldn't find target `fw_standby'
06-24 05:59:20.178 I/ip6tables(  288): 
06-24 05:59:20.178 I/ip6tables(  288): Try `ip6tables -h' or 'ip6tables --help' for more information.
06-24 05:59:20.184 I/ip6tables(  288): ip6tables terminated by exit(2)
06-24 05:59:20.184 E/Netd    (  288): exec() res=0, status=512 for /system/bin/ip6tables -w -t filter -D fw_INPUT -j fw_standby 
06-24 05:59:20.208 I/iptables(  288): iptables v1.4.20: Couldn't find target `fw_powersave'
06-24 05:59:20.208 I/iptables(  288): 
06-24 05:59:20.208 I/iptables(  288): Try `iptables -h' or 'iptables --help' for more information.
06-24 05:59:20.220 I/iptables(  288): iptables terminated by exit(2)
06-24 05:59:20.220 E/Netd    (  288): exec() res=0, status=512 for /system/bin/iptables -w -t filter -D fw_INPUT -j fw_powersave 
06-24 05:59:20.228 I/ip6tables(  288): ip6tables v1.4.20: Couldn't find target `fw_powersave'
06-24 05:59:20.228 I/ip6tables(  288): 
06-24 05:59:20.228 I/ip6tables(  288): Try `ip6tables -h' or 'ip6tables --help' for more information.
06-24 05:59:20.240 I/ip6tables(  288): ip6tables terminated by exit(2)
06-24 05:59:20.240 E/Netd    (  288): exec() res=0, status=512 for /system/bin/ip6tables -w -t filter -D fw_INPUT -j fw_powersave 
06-24 05:59:20.252 E/Netd    (  288): /system/bin/iptables-restore failed with res=0, status=256
06-24 05:59:20.300 E/Netd    (  288): /system/bin/ip6tables-restore failed with res=0, status=256
06-24 05:59:20.334 E/Netd    (  288): /system/bin/iptables-restore failed with res=0, status=256
06-24 05:59:20.336 E/Netd    (  288): /system/bin/ip6tables-restore failed with res=0, status=256
06-24 05:59:20.348 I/netd    (  288): type=1400 audit(0.0:221): avc: denied { sys_module } for capability=16 scontext=u:r:netd:s0 tcontext=u:r:netd:s0 tclass=capability permissive=1
06-24 05:59:20.351 E/Netd    (  288): cannot find interface dummy0
06-24 05:59:20.351 E/Netd    (  288): Unable to create netlink socket: Protocol not supported
06-24 05:59:20.351 E/Netd    (  288): Unable to open quota socket
06-24 05:59:20.353 I/CameraFlashlight(  279): Destroying camera 0
06-24 05:59:20.353 I/CameraFlashlight(  279): Opening camera 1
06-24 05:59:20.353 I/CameraFlashlight(  279): Destroying camera 1
06-24 05:59:20.354 I/ServiceManager(  279): Waiting for service media.camera.proxy...
06-24 05:59:21.000 I/zygote  (  277): type=1400 audit(0.0:223): avc: denied { sendto } for path="/dev/socket/logdw" scontext=u:r:zygote:s0 tcontext=u:r:init:s0 tclass=unix_dgram_socket permissive=1
06-24 05:59:21.044 I/zygote  (  277): type=1400 audit(0.0:224): avc: denied { write } for name="trace_marker" dev="tracefs" ino=40 scontext=u:r:zygote:s0 tcontext=u:object_r:debugfs_tracing:s0 tclass=file permissive=1
06-24 05:59:21.044 I/zygote  (  277): type=1400 audit(0.0:225): avc: denied { open } for path="/sys/kernel/debug/tracing/trace_marker" dev="tracefs" ino=40 scontext=u:r:zygote:s0 tcontext=u:object_r:debugfs_tracing:s0 tclass=file permissive=1
06-24 05:59:21.096 I/art     (  277): option[0]=-Xzygote
06-24 05:59:21.096 I/art     (  277): option[1]=-Xstacktracefile:/data/anr/traces.txt
06-24 05:59:21.096 I/art     (  277): option[2]=exit
06-24 05:59:21.096 I/art     (  277): option[3]=vfprintf
06-24 05:59:21.096 I/art     (  277): option[4]=sensitiveThread
06-24 05:59:21.096 I/art     (  277): option[5]=-verbose:gc
06-24 05:59:21.096 I/art     (  277): option[6]=-Xms8m
06-24 05:59:21.096 I/art     (  277): option[7]=-Xmx512m
06-24 05:59:21.096 I/art     (  277): option[8]=-XX:HeapGrowthLimit=192m
06-24 05:59:21.096 I/art     (  277): option[9]=-XX:HeapMinFree=512k
06-24 05:59:21.096 I/art     (  277): option[10]=-XX:HeapMaxFree=8m
06-24 05:59:21.096 I/art     (  277): option[11]=-XX:HeapTargetUtilization=0.75
06-24 05:59:21.096 I/art     (  277): option[12]=-Xusejit:true
06-24 05:59:21.096 I/art     (  277): option[13]=-Xjitsaveprofilinginfo
06-24 05:59:21.096 I/art     (  277): option[14]=-agentlib:jdwp=transport=dt_android_adb,suspend=n,server=y
06-24 05:59:21.096 I/art     (  277): option[15]=-Xlockprofthreshold:500
06-24 05:59:21.096 I/art     (  277): option[16]=-Ximage-compiler-option
06-24 05:59:21.096 I/art     (  277): option[17]=--runtime-arg
06-24 05:59:21.096 I/art     (  277): option[18]=-Ximage-compiler-option
06-24 05:59:21.096 I/art     (  277): option[19]=-Xms64m
06-24 05:59:21.096 I/art     (  277): option[20]=-Ximage-compiler-option
06-24 05:59:21.096 I/art     (  277): option[21]=--runtime-arg
06-24 05:59:21.096 I/art     (  277): option[22]=-Ximage-compiler-option
06-24 05:59:21.096 I/art     (  277): option[23]=-Xmx64m
06-24 05:59:21.096 I/art     (  277): option[24]=-Ximage-compiler-option
06-24 05:59:21.096 I/art     (  277): option[25]=--image-classes=/system/etc/preloaded-classes
06-24 05:59:21.096 I/art     (  277): option[26]=-Ximage-compiler-option
06-24 05:59:21.096 I/art     (  277): option[27]=--compiled-classes=/system/etc/compiled-classes
06-24 05:59:21.096 I/art     (  277): option[28]=-Xcompiler-option
06-24 05:59:21.096 I/art     (  277): option[29]=--runtime-arg
06-24 05:59:21.096 I/art     (  277): option[30]=-Xcompiler-option
06-24 05:59:21.096 I/art     (  277): option[31]=-Xms64m
06-24 05:59:21.096 I/art     (  277): option[32]=-Xcompiler-option
06-24 05:59:21.096 I/art     (  277): option[33]=--runtime-arg
06-24 05:59:21.096 I/art     (  277): option[34]=-Xcompiler-option
06-24 05:59:21.096 I/art     (  277): option[35]=-Xmx512m
06-24 05:59:21.096 I/art     (  277): option[36]=-Ximage-compiler-option
06-24 05:59:21.096 I/art     (  277): option[37]=--instruction-set-variant=x86
06-24 05:59:21.096 I/art     (  277): option[38]=-Xcompiler-option
06-24 05:59:21.096 I/art     (  277): option[39]=--instruction-set-variant=x86
06-24 05:59:21.096 I/art     (  277): option[40]=-Ximage-compiler-option
06-24 05:59:21.096 I/art     (  277): option[41]=--instruction-set-features=default
06-24 05:59:21.096 I/art     (  277): option[42]=-Xcompiler-option
06-24 05:59:21.096 I/art     (  277): option[43]=--instruction-set-features=default
06-24 05:59:21.096 I/art     (  277): option[44]=-Duser.locale=en-US
06-24 05:59:21.096 I/art     (  277): option[45]=--cpu-abilist=x86
06-24 05:59:21.096 I/art     (  277): option[46]=-Xfingerprint:Android/cloud/cloud:7.0/NBD92Y/1313:userdebug/test-keys
06-24 05:59:21.306 I/art     (  276): option[0]=-Xzygote
06-24 05:59:21.306 I/art     (  276): option[1]=-Xstacktracefile:/data/anr/traces.txt
06-24 05:59:21.306 I/art     (  276): option[2]=exit
06-24 05:59:21.306 I/art     (  276): option[3]=vfprintf
06-24 05:59:21.306 I/art     (  276): option[4]=sensitiveThread
06-24 05:59:21.306 I/art     (  276): option[5]=-verbose:gc
06-24 05:59:21.306 I/art     (  276): option[6]=-Xms8m
06-24 05:59:21.306 I/art     (  276): option[7]=-Xmx512m
06-24 05:59:21.306 I/art     (  276): option[8]=-XX:HeapGrowthLimit=192m
06-24 05:59:21.306 I/art     (  276): option[9]=-XX:HeapMinFree=512k
06-24 05:59:21.306 I/art     (  276): option[10]=-XX:HeapMaxFree=8m
06-24 05:59:21.306 I/art     (  276): option[11]=-XX:HeapTargetUtilization=0.75
06-24 05:59:21.306 I/art     (  276): option[12]=-Xusejit:true
06-24 05:59:21.306 I/art     (  276): option[13]=-Xjitsaveprofilinginfo
06-24 05:59:21.306 I/art     (  276): option[14]=-agentlib:jdwp=transport=dt_android_adb,suspend=n,server=y
06-24 05:59:21.306 I/art     (  276): option[15]=-Xlockprofthreshold:500
06-24 05:59:21.306 I/art     (  276): option[16]=-Ximage-compiler-option
06-24 05:59:21.306 I/art     (  276): option[17]=--runtime-arg
06-24 05:59:21.306 I/art     (  276): option[18]=-Ximage-compiler-option
06-24 05:59:21.306 I/art     (  276): option[19]=-Xms64m
06-24 05:59:21.306 I/art     (  276): option[20]=-Ximage-compiler-option
06-24 05:59:21.306 I/art     (  276): option[21]=--runtime-arg
06-24 05:59:21.306 I/art     (  276): option[22]=-Ximage-compiler-option
06-24 05:59:21.306 I/art     (  276): option[23]=-Xmx64m
06-24 05:59:21.306 I/art     (  276): option[24]=-Ximage-compiler-option
06-24 05:59:21.306 I/art     (  276): option[25]=--image-classes=/system/etc/preloaded-classes
06-24 05:59:21.306 I/art     (  276): option[26]=-Ximage-compiler-option
06-24 05:59:21.306 I/art     (  276): option[27]=--compiled-classes=/system/etc/compiled-classes
06-24 05:59:21.306 I/art     (  276): option[28]=-Xcompiler-option
06-24 05:59:21.306 I/art     (  276): option[29]=--runtime-arg
06-24 05:59:21.306 I/art     (  276): option[30]=-Xcompiler-option
06-24 05:59:21.306 I/art     (  276): option[31]=-Xms64m
06-24 05:59:21.306 I/art     (  276): option[32]=-Xcompiler-option
06-24 05:59:21.306 I/art     (  276): option[33]=--runtime-arg
06-24 05:59:21.306 I/art     (  276): option[34]=-Xcompiler-option
06-24 05:59:21.306 I/art     (  276): option[35]=-Xmx512m
06-24 05:59:21.306 I/art     (  276): option[36]=-Ximage-compiler-option
06-24 05:59:21.306 I/art     (  276): option[37]=--instruction-set-variant=x86_64
06-24 05:59:21.306 I/art     (  276): option[38]=-Xcompiler-option
06-24 05:59:21.306 I/art     (  276): option[39]=--instruction-set-variant=x86_64
06-24 05:59:21.306 I/art     (  276): option[40]=-Ximage-compiler-option
06-24 05:59:21.306 I/art     (  276): option[41]=--instruction-set-features=default
06-24 05:59:21.306 I/art     (  276): option[42]=-Xcompiler-option
06-24 05:59:21.306 I/art     (  276): option[43]=--instruction-set-features=default
06-24 05:59:21.306 I/art     (  276): option[44]=-Duser.locale=en-US
06-24 05:59:21.306 I/art     (  276): option[45]=--cpu-abilist=x86_64
06-24 05:59:21.306 I/art     (  276): option[46]=-Xfingerprint:Android/cloud/cloud:7.0/NBD92Y/1313:userdebug/test-keys
06-24 05:59:21.352 I/cameraserver(  279): type=1400 audit(0.0:226): avc: denied { sendto } for path="/dev/socket/logdw" scontext=u:r:cameraserver:s0 tcontext=u:r:init:s0 tclass=unix_dgram_socket permissive=1
06-24 05:59:21.354 I/ServiceManager(  279): Waiting for service media.camera.proxy...
06-24 05:59:22.354 I/ServiceManager(  279): Waiting for service media.camera.proxy...
06-24 05:59:22.472 I/AudioOut_D(  362): type=1400 audit(0.0:227): avc: denied { sendto } for path="/dev/socket/logdw" scontext=u:r:audioserver:s0 tcontext=u:r:init:s0 tclass=unix_dgram_socket permissive=1
06-24 05:59:22.474 W/BatteryNotifier(  278): batterystats service unavailable!
06-24 05:59:22.716 E/memtrack(  276): Couldn't load memtrack module (No such file or directory)
06-24 05:59:22.716 E/android.os.Debug(  276): failed to load memtrack module: -2
06-24 05:59:22.718 I/Radio-JNI(  276): register_android_hardware_Radio DONE
06-24 05:59:22.845 I/SamplingProfilerIntegration(  276): Profiling disabled.
06-24 05:59:22.872 I/main    (  276): type=1400 audit(0.0:228): avc: denied { listen } for path="/dev/socket/zygote" scontext=u:r:zygote:s0 tcontext=u:r:init:s0 tclass=unix_stream_socket permissive=1
06-24 05:59:22.874 I/Zygote  (  276): Installing ICU cache reference pinning...
06-24 05:59:22.875 I/Zygote  (  276): Preloading ICU data...
06-24 05:59:22.908 E/memtrack(  277): Couldn't load memtrack module (No such file or directory)
06-24 05:59:22.908 E/android.os.Debug(  277): failed to load memtrack module: -2
06-24 05:59:22.909 I/Radio-JNI(  277): register_android_hardware_Radio DONE
06-24 05:59:23.027 I/Zygote  (  276): Preloading classes...
06-24 05:59:23.046 I/SamplingProfilerIntegration(  277): Profiling disabled.
06-24 05:59:23.048 I/Zygote  (  277): Installing ICU cache reference pinning...
06-24 05:59:23.048 I/Zygote  (  277): Preloading ICU data...
06-24 05:59:23.109 I/Zygote  (  277): Preloading classes...
06-24 05:59:23.354 I/ServiceManager(  279): Waiting for service media.camera.proxy...
06-24 05:59:23.504 E/Typeface(  277): Error mapping font file /system/fonts/DroidSansFallback.ttf
06-24 05:59:23.504 E/Typeface(  276): Error mapping font file /system/fonts/DroidSansFallback.ttf
06-24 05:59:23.757 I/art     (  277): Thread[1,tid=277,Native,Thread*=0xf1f8b400,peer=0x12c060d0,"main"] recursive attempt to load library "/system/lib/libmedia_jni.so"
06-24 05:59:23.757 I/art     (  277): Thread[1,tid=277,Native,Thread*=0xf1f8b400,peer=0x12c060d0,"main"] recursive attempt to load library "/system/lib/libmedia_jni.so"
06-24 05:59:23.757 I/art     (  277): Thread[1,tid=277,Native,Thread*=0xf1f8b400,peer=0x12c060d0,"main"] recursive attempt to load library "/system/lib/libmedia_jni.so"
06-24 05:59:23.765 I/art     (  276): Thread[1,tid=276,Native,Thread*=0x7ffbf3095a00,peer=0x12c060d0,"main"] recursive attempt to load library "/system/lib64/libmedia_jni.so"
06-24 05:59:23.766 I/art     (  276): Thread[1,tid=276,Native,Thread*=0x7ffbf3095a00,peer=0x12c060d0,"main"] recursive attempt to load library "/system/lib64/libmedia_jni.so"
06-24 05:59:23.766 I/art     (  276): Thread[1,tid=276,Native,Thread*=0x7ffbf3095a00,peer=0x12c060d0,"main"] recursive attempt to load library "/system/lib64/libmedia_jni.so"
06-24 05:59:23.816 E/linker  (  277): library /system/lib/libavcodec.so with text relocation is whitelisted
06-24 05:59:23.816 W/linker  (  277): /system/lib/libavcodec.so has text relocations. This is wasting memory and prevents security hardening. Please fix.
06-24 05:59:23.816 E/linker  (  277): library /system/lib/libavcodec.so with text relocation is whitelisted
06-24 05:59:23.848 I/main    (  277): type=1400 audit(0.0:229): avc: denied { execmod } for path="/system/lib/libavcodec.so" dev="xvda5" ino=2166 scontext=u:r:zygote:s0 tcontext=u:object_r:system_file:s0 tclass=file permissive=1
