06-24 05:59:23.882 E/linker  (  277): library /system/lib/libswresample.so with text relocation is whitelisted
06-24 05:59:23.882 W/linker  (  277): /system/lib/libswresample.so has text relocations. This is wasting memory and prevents security hardening. Please fix.
06-24 05:59:23.882 E/linker  (  277): library /system/lib/libswresample.so with text relocation is whitelisted
06-24 05:59:24.049 I/System  (  276): Loaded time zone names for "" in 14ms (13ms in ICU)
06-24 05:59:24.059 I/System  (  276): Loaded time zone names for "en_US" in 10ms (9ms in ICU)
06-24 05:59:24.077 I/Zygote  (  276): ...preloaded 4161 classes in 1050ms.
06-24 05:59:24.078 I/art     (  276): VMRuntime.preloadDexCaches starting
06-24 05:59:24.105 I/System  (  277): Loaded time zone names for "" in 7ms (7ms in ICU)
06-24 05:59:24.110 I/System  (  277): Loaded time zone names for "en_US" in 5ms (4ms in ICU)
06-24 05:59:24.123 I/Zygote  (  277): ...preloaded 4161 classes in 1014ms.
06-24 05:59:24.123 I/art     (  277): VMRuntime.preloadDexCaches starting
06-24 05:59:24.145 I/art     (  276): VMRuntime.preloadDexCaches strings total=282418 before=39296 after=39296
06-24 05:59:24.145 I/art     (  276): VMRuntime.preloadDexCaches types total=23493 before=7835 after=7862
06-24 05:59:24.145 I/art     (  276): VMRuntime.preloadDexCaches fields total=111426 before=40635 after=40849
06-24 05:59:24.145 I/art     (  276): VMRuntime.preloadDexCaches methods total=196896 before=82193 after=82753
06-24 05:59:24.145 I/art     (  276): VMRuntime.preloadDexCaches finished
06-24 05:59:24.163 I/art     (  277): VMRuntime.preloadDexCaches strings total=282418 before=39296 after=39296
06-24 05:59:24.163 I/art     (  277): VMRuntime.preloadDexCaches types total=23493 before=7835 after=7862
06-24 05:59:24.163 I/art     (  277): VMRuntime.preloadDexCaches fields total=111426 before=40635 after=40849
06-24 05:59:24.163 I/art     (  277): VMRuntime.preloadDexCaches methods total=196896 before=82193 after=82753
06-24 05:59:24.163 I/art     (  277): VMRuntime.preloadDexCaches finished
06-24 05:59:24.354 I/ServiceManager(  279): Waiting for service media.camera.proxy...
06-24 05:59:24.492 I/Zygote  (  276): Preloading resources...
06-24 05:59:24.492 I/Zygote  (  277): Preloading resources...
06-24 05:59:24.510 W/Resources(  276): Preloaded drawable resource #0x1080298 (android:drawable/editbox_dropdown_background_dark) that varies with configuration!!
06-24 05:59:24.540 W/Resources(  276): Preloaded drawable resource #0x108030a (android:drawable/ic_clear_disabled) that varies with configuration!!
06-24 05:59:24.540 W/Resources(  276): Preloaded drawable resource #0x108030f (android:drawable/ic_clear_normal) that varies with configuration!!
06-24 05:59:24.540 W/Resources(  277): Preloaded drawable resource #0x1080298 (android:drawable/editbox_dropdown_background_dark) that varies with configuration!!
06-24 05:59:24.541 W/Resources(  276): Preloaded drawable resource #0x1080344 (android:drawable/ic_go) that varies with configuration!!
06-24 05:59:24.543 W/Resources(  276): Preloaded drawable resource #0x1080038 (android:drawable/ic_menu_close_clear_cancel) that varies with configuration!!
06-24 05:59:24.543 W/Resources(  276): Preloaded drawable resource #0x1080045 (android:drawable/ic_menu_more) that varies with configuration!!
06-24 05:59:24.544 W/Resources(  277): Preloaded drawable resource #0x108030a (android:drawable/ic_clear_disabled) that varies with configuration!!
06-24 05:59:24.544 W/Resources(  277): Preloaded drawable resource #0x108030f (android:drawable/ic_clear_normal) that varies with configuration!!
06-24 05:59:24.545 W/Resources(  277): Preloaded drawable resource #0x1080344 (android:drawable/ic_go) that varies with configuration!!
06-24 05:59:24.545 W/Resources(  277): Preloaded drawable resource #0x1080038 (android:drawable/ic_menu_close_clear_cancel) that varies with configuration!!
06-24 05:59:24.546 W/Resources(  276): Preloaded drawable resource #0x10804d2 (android:drawable/menu_background_fill_parent_width) that varies with configuration!!
06-24 05:59:24.546 W/Resources(  277): Preloaded drawable resource #0x1080045 (android:drawable/ic_menu_more) that varies with configuration!!
06-24 05:59:24.548 W/Resources(  277): Preloaded drawable resource #0x10804d2 (android:drawable/menu_background_fill_parent_width) that varies with configuration!!
06-24 05:59:24.560 W/Resources(  276): Preloaded drawable resource #0x1080765 (android:drawable/text_edit_paste_window) that varies with configuration!!
06-24 05:59:24.562 W/Resources(  277): Preloaded drawable resource #0x1080765 (android:drawable/text_edit_paste_window) that varies with configuration!!
06-24 05:59:24.562 W/Resources(  276): Preloaded drawable resource #0x1080096 (android:drawable/toast_frame) that varies with configuration!!
06-24 05:59:24.562 I/Zygote  (  276): ...preloaded 114 resources in 71ms.
06-24 05:59:24.562 W/Resources(  277): Preloaded drawable resource #0x1080096 (android:drawable/toast_frame) that varies with configuration!!
06-24 05:59:24.562 I/Zygote  (  277): ...preloaded 114 resources in 71ms.
06-24 05:59:24.564 I/Zygote  (  277): ...preloaded 41 resources in 1ms.
06-24 05:59:24.564 I/Zygote  (  276): ...preloaded 41 resources in 2ms.
06-24 05:59:24.564 E/libEGL  (  277): load_driver(/vendor/lib/egl/libGLES_swiftshader.so): dlopen failed: library "/vendor/lib/egl/libGLES_swiftshader.so" not found
06-24 05:59:24.565 E/libEGL  (  276): load_driver(/vendor/lib64/egl/libGLES_swiftshader.so): dlopen failed: library "/vendor/lib64/egl/libGLES_swiftshader.so" not found
06-24 05:59:24.583 I/Zygote  (  276): Preloading shared libraries...
06-24 05:59:24.591 I/Zygote  (  276): Uninstalled ICU cache reference pinning...
06-24 05:59:24.593 I/Zygote  (  276): Installed AndroidKeyStoreProvider in 2ms.
06-24 05:59:24.597 I/Zygote  (  276): Warmed up JCA providers in 4ms.
06-24 05:59:24.597 I/art     (  276): Starting a blocking GC Explicit
06-24 05:59:24.600 I/art     (  276): Explicit concurrent mark sweep GC freed 6694(380KB) AllocSpace objects, 0(0B) LOS objects, 39% free, 2MB/4MB, paused 33us total 3.403ms
06-24 05:59:24.600 I/art     (  276): Starting a blocking GC Explicit
06-24 05:59:24.603 I/art     (  276): Explicit concurrent mark sweep GC freed 484(13KB) AllocSpace objects, 0(0B) LOS objects, 40% free, 2MB/3MB, paused 28us total 2.759ms
06-24 05:59:24.616 I/art     (  276): Starting a blocking GC HeapTrim
06-24 05:59:24.617 I/art     (  276): Starting a blocking GC Background
06-24 05:59:24.624 I/main    (  276): type=1400 audit(0.0:230): avc: denied { getattr } for path="/sys/kernel/debug/tracing/trace_marker" dev="tracefs" ino=40 scontext=u:r:zygote:s0 tcontext=u:object_r:debugfs_tracing:s0 tclass=file permissive=1
06-24 05:59:24.628 I/main    (  276): type=1400 audit(0.0:231): avc: denied { getattr } for path="socket:[2006]" dev="sockfs" ino=2006 scontext=u:r:zygote:s0 tcontext=u:r:init:s0 tclass=unix_stream_socket permissive=1
06-24 05:59:24.629 I/Zygote  (  276): System server process 590 has been created
06-24 05:59:24.630 I/Zygote  (  276): Accepting command socket connections
06-24 05:59:24.828 I/Zygote  (  277): Preloading shared libraries...
06-24 05:59:24.836 I/Zygote  (  277): Uninstalled ICU cache reference pinning...
06-24 05:59:24.838 I/Zygote  (  277): Installed AndroidKeyStoreProvider in 2ms.
06-24 05:59:24.843 I/Zygote  (  277): Warmed up JCA providers in 4ms.
06-24 05:59:24.843 I/art     (  277): Starting a blocking GC Explicit
06-24 05:59:24.847 I/art     (  277): Explicit concurrent mark sweep GC freed 5714(323KB) AllocSpace objects, 0(0B) LOS objects, 39% free, 2MB/3MB, paused 42us total 4.026ms
06-24 05:59:24.847 I/art     (  277): Starting a blocking GC Explicit
06-24 05:59:24.850 I/art     (  277): Explicit concurrent mark sweep GC freed 25(704B) AllocSpace objects, 0(0B) LOS objects, 39% free, 2MB/3MB, paused 38us total 3.463ms
06-24 05:59:24.868 I/main    (  277): type=1400 audit(0.0:232): avc: denied { accept } for path="/dev/socket/zygote_secondary" scontext=u:r:zygote:s0 tcontext=u:r:init:s0 tclass=unix_stream_socket permissive=1
06-24 05:59:24.868 I/main    (  277): type=1400 audit(0.0:233): avc: denied { getopt } for path="/dev/socket/zygote_secondary" scontext=u:r:zygote:s0 tcontext=u:r:init:s0 tclass=unix_stream_socket permissive=1
06-24 05:59:24.868 I/Zygote  (  277): Accepting command socket connections
06-24 05:59:24.888 I/main    (  277): type=1400 audit(0.0:234): avc: denied { setopt } for path="/dev/socket/zygote_secondary" scontext=u:r:zygote:s0 tcontext=u:r:init:s0 tclass=unix_stream_socket permissive=1
06-24 05:59:24.888 I/main    (  277): type=1400 audit(0.0:235): avc: denied { read } for path="/dev/socket/zygote_secondary" scontext=u:r:zygote:s0 tcontext=u:r:init:s0 tclass=unix_stream_socket permissive=1
06-24 05:59:24.888 I/main    (  277): type=1400 audit(0.0:236): avc: denied { write } for path="/dev/socket/zygote_secondary" scontext=u:r:zygote:s0 tcontext=u:r:init:s0 tclass=unix_stream_socket permissive=1
06-24 05:59:24.888 I/main    (  590): type=1400 audit(0.0:237): avc: denied { sendto } for path="/dev/socket/logdw" scontext=u:r:system_server:s0 tcontext=u:r:init:s0 tclass=unix_dgram_socket permissive=1
06-24 05:59:24.888 I/installd(  282): type=1400 audit(0.0:238): avc: denied { sendto } for path="/dev/socket/logdw" scontext=u:r:installd:s0 tcontext=u:r:init:s0 tclass=unix_dgram_socket permissive=1
06-24 05:59:24.888 I/installd(  282): type=1400 audit(0.0:239): avc: denied { read } for path="socket:[9250]" dev="sockfs" ino=9250 scontext=u:r:installd:s0 tcontext=u:r:init:s0 tclass=unix_stream_socket permissive=1
06-24 05:59:24.888 I/installd(  282): type=1400 audit(0.0:240): avc: denied { write } for path="socket:[9250]" dev="sockfs" ino=9250 scontext=u:r:installd:s0 tcontext=u:r:init:s0 tclass=unix_stream_socket permissive=1
06-24 05:59:24.899 I/Zygote  (  590): Process: zygote socket opened, supported ABIS: x86
06-24 05:59:24.899 I/InstallerConnection(  590): connecting...
06-24 05:59:24.900 I/        (  282): new connection
06-24 05:59:25.072 I/installd(  282): type=1400 audit(0.0:241): avc: denied { accept } for path="/dev/socket/installd" scontext=u:r:installd:s0 tcontext=u:r:init:s0 tclass=unix_stream_socket permissive=1
06-24 05:59:25.074 I/InstallerConnection(  590): disconnecting...
06-24 05:59:25.074 E/        (  282): eof
06-24 05:59:25.074 E/        (  282): failed to read size
06-24 05:59:25.074 I/        (  282): closing connection
06-24 05:59:25.195 I/SystemServer(  590): Entered the Android system server!
06-24 05:59:25.406 I/SystemServiceManager(  590): Starting com.android.server.pm.Installer
06-24 05:59:25.459 I/Installer(  590): Waiting for installd to be ready.
06-24 05:59:25.459 I/InstallerConnection(  590): connecting...
06-24 05:59:25.459 I/        (  282): new connection
06-24 05:59:25.459 I/SystemServiceManager(  590): Starting com.android.server.am.ActivityManagerService$Lifecycle
06-24 05:59:25.470 I/ActivityManager(  590): Memory class: 192
06-24 05:59:25.472 I/ServiceThread(  590): Enabled StrictMode logging for ActivityManager looper.
06-24 05:59:25.473 I/ServiceThread(  590): Enabled StrictMode logging for android.ui looper.
06-24 05:59:25.553 I/IntentFirewall(  590): Read new rules (A:0 B:0 S:0)
06-24 05:59:25.556 I/ServiceThread(  590): Enabled StrictMode logging for android.display looper.
06-24 05:59:25.561 I/SystemServiceManager(  590): Starting com.android.server.power.PowerManagerService
06-24 05:59:25.562 I/ServiceThread(  590): Enabled StrictMode logging for PowerManagerService looper.
06-24 05:59:25.563 W/libsuspend(  590): Error writing 'on' to /sys/power/state: Function not implemented
06-24 05:59:25.563 I/libsuspend(  590): Selected autosleep
06-24 05:59:25.564 I/SystemServiceManager(  590): Starting com.android.server.lights.LightsService
06-24 05:59:25.567 I/SystemServiceManager(  590): Starting com.android.server.display.DisplayManagerService
06-24 05:59:25.570 I/SystemServiceManager(  590): Starting phase 100
06-24 05:59:25.572 I/surfaceflinger(  275): type=1400 audit(0.0:242): avc: denied { sendto } for path="/dev/socket/logdw" scontext=u:r:surfaceflinger:s0 tcontext=u:r:init:s0 tclass=unix_dgram_socket permissive=1
06-24 05:59:25.572 I/DisplayManagerService(  590): Display device added: DisplayDeviceInfo{"Built-in Screen": uniqueId="local:0", 600 x 1024, modeId 1, defaultModeId 1, supportedModes [{id=1, width=600, height=1024, fps=60.000004}], colorTransformId 1, defaultColorTransformId 1, supportedColorTransforms [{id=1, colorTransform=0}], HdrCapabilities android.view.Display$HdrCapabilities@3b2e5d2, density 160, 160.0 x 160.0 dpi, appVsyncOff 0, presDeadline 17666666, touch INTERNAL, rotation 0, type BUILT_IN, state UNKNOWN, FLAG_DEFAULT_DISPLAY, FLAG_ROTATES_WITH_CONTENT, FLAG_SECURE, FLAG_SUPPORTS_PROTECTED_BUFFERS}
06-24 05:59:25.592 I/DisplayManagerService(  590): Display device changed state: "Built-in Screen", ON
06-24 05:59:25.593 I/SystemServer(  590): StartPackageManagerService
06-24 05:59:25.645 W/SystemConfig(  590): No directory /system/etc/sysconfig, skipping
06-24 05:59:25.695 E/art     (  590): DexFile_getDexOptNeeded file '/system/framework/org.apache.http.legacy.jar' does not exist
06-24 05:59:25.695 W/PackageManager(  590): Library not found: /system/framework/org.apache.http.legacy.jar
06-24 05:59:25.762 E/art     (  590): DexFile_getDexOptNeeded file '/system/framework/org.apache.http.legacy.jar' does not exist
06-24 05:59:25.762 W/PackageManager(  590): Library not found: /system/framework/org.apache.http.legacy.jar
06-24 05:59:25.774 W/PackageManager(  590): Failed to parse /system/framework/oat: Missing base APK in /system/framework/oat
06-24 05:59:25.774 W/PackageManager(  590): Failed to parse /system/framework/x86: Missing base APK in /system/framework/x86
06-24 05:59:25.774 W/PackageManager(  590): Failed to parse /system/framework/x86_64: Missing base APK in /system/framework/x86_64
06-24 05:59:25.862 W/PackageParser(  590): No actions in intent filter at /system/priv-app/Contacts/Contacts.apk Binary XML file line #403
06-24 05:59:25.964 W/PackageParser(  590): No actions in intent filter at /system/priv-app/Dialer/Dialer.apk Binary XML file line #185
06-24 05:59:26.038 W/PackageManager(  590): Permission android.permission.DOWNLOAD_WITHOUT_NOTIFICATION from package com.android.providers.downloads in an unknown group android.permission-group.NETWORK
06-24 05:59:26.156 W/PackageManager(  590): Permission com.android.launcher.permission.INSTALL_SHORTCUT from package com.android.launcher3 in an unknown group android.permission-group.SYSTEM_TOOLS
06-24 05:59:26.156 W/PackageManager(  590): Permission com.android.launcher3.permission.READ_SETTINGS from package com.android.launcher3 in an unknown group android.permission-group.SYSTEM_TOOLS
06-24 05:59:26.156 W/PackageManager(  590): Permission com.android.launcher3.permission.WRITE_SETTINGS from package com.android.launcher3 in an unknown group android.permission-group.SYSTEM_TOOLS
06-24 05:59:26.481 W/PackageParser(  590): Ignoring duplicate uses-permissions/uses-permissions-sdk-m: android.permission.USE_CREDENTIALS in package: com.android.settings at: Binary XML file line #53
06-24 05:59:26.481 W/PackageParser(  590): Ignoring duplicate uses-permissions/uses-permissions-sdk-m: android.permission.READ_SYNC_SETTINGS in package: com.android.settings at: Binary XML file line #58
06-24 05:59:26.481 W/PackageParser(  590): Ignoring duplicate uses-permissions/uses-permissions-sdk-m: android.permission.WRITE_SYNC_SETTINGS in package: com.android.settings at: Binary XML file line #59
06-24 05:59:26.555 W/PackageParser(  590): Ignoring duplicate uses-permissions/uses-permissions-sdk-m: android.permission.INSTALL_GRANT_RUNTIME_PERMISSIONS in package: com.android.shell at: Binary XML file line #102
06-24 05:59:26.601 W/PackageParser(  590): Ignoring duplicate uses-permissions/uses-permissions-sdk-m: android.permission.CONFIGURE_WIFI_DISPLAY in package: com.android.systemui at: Binary XML file line #123
06-24 05:59:26.905 W/PackageParser(  590): Ignoring duplicate uses-permissions/uses-permissions-sdk-m: android.permission.READ_CONTACTS in package: com.android.bluetooth at: Binary XML file line #61
06-24 05:59:26.905 W/PackageParser(  590): No actions in intent filter at /system/app/Bluetooth/Bluetooth.apk Binary XML file line #222
06-24 05:59:26.949 W/PackageManager(  590): Non-privileged app; cap priority to 0; package: com.android.calendar activity: com.android.calendar.GoogleCalendarUriIntentFilter origPrio: 50
06-24 05:59:27.046 W/PackageManager(  590): Non-privileged app; cap priority to 0; package: com.android.cts.ctsshim activity: com.android.cts.ctsshim.InstallPriority origPrio: 100
06-24 05:59:27.046 W/PackageManager(  590): Non-privileged app; cap priority to 0; package: com.android.cts.ctsshim activity: com.android.cts.ctsshim.InstallPriority origPrio: 100
06-24 05:59:27.046 W/PackageManager(  590): Non-privileged app; cap priority to 0; package: com.android.cts.ctsshim activity: com.android.cts.ctsshim.InstallPriority origPrio: 100
06-24 05:59:27.046 W/PackageManager(  590): Non-privileged app; cap priority to 0; package: com.android.cts.ctsshim activity: com.android.cts.ctsshim.InstallPriority origPrio: 100
06-24 05:59:27.046 W/PackageManager(  590): Non-privileged app; cap priority to 0; package: com.android.cts.ctsshim activity: com.android.cts.ctsshim.InstallPriority origPrio: 100
06-24 05:59:27.304 W/PackageParser(  590): Ignoring duplicate uses-permissions/uses-permissions-sdk-m: android.permission.WRITE_CONTACTS in package: com.android.email at: Binary XML file line #40
06-24 05:59:27.402 W/PackageParser(  590): Unknown element under <application>: permission at /system/app/Gallery2/Gallery2.apk Binary XML file line #238
06-24 05:59:27.402 W/PackageParser(  590): Unknown element under <application>: permission at /system/app/Gallery2/Gallery2.apk Binary XML file line #241
06-24 05:59:27.757 W/PackageParser(  590): No actions in intent filter at /data/app/ApiDemos/ApiDemos.apk Binary XML file line #3144
06-24 05:59:27.757 W/PackageParser(  590): No actions in intent filter at /data/app/ApiDemos/ApiDemos.apk Binary XML file line #3150
06-24 05:59:27.758 W/PackageManager(  590): Package com.example.android.apis desires unavailable shared library com.example.will.never.exist; ignoring!
06-24 05:59:27.758 I/SELinux (  590): SELinux: Loaded file_contexts contexts from /file_contexts.bin.
06-24 05:59:27.764 W/PackageManager(  590): Protected action; cap priority to 0; package: com.android.cts.priv.ctsshim activity: com.android.cts.priv.ctsshim.InstallPriority origPrio: 100
06-24 05:59:27.764 W/PackageManager(  590): Protected action; cap priority to 0; package: com.android.cts.priv.ctsshim activity: com.android.cts.priv.ctsshim.InstallPriority origPrio: 100
06-24 05:59:27.764 W/PackageManager(  590): Protected action; cap priority to 0; package: com.android.cts.priv.ctsshim activity: com.android.cts.priv.ctsshim.InstallPriority origPrio: 100
06-24 05:59:27.764 W/PackageManager(  590): Protected action; cap priority to 0; package: com.android.cts.priv.ctsshim activity: com.android.cts.priv.ctsshim.InstallPriority origPrio: 100
06-24 05:59:27.764 W/PackageManager(  590): Protected action; cap priority to 0; package: com.android.packageinstaller activity: com.android.packageinstaller.PackageInstallerActivity origPrio: 1
06-24 05:59:27.764 W/PackageManager(  590): Package com.android.gallery3d desires unavailable shared library com.google.android.media.effects; ignoring!
06-24 05:59:27.764 W/PackageManager(  590): Package com.android.gallery3d desires unavailable shared library com.google.android.media.effects; ignoring!
06-24 05:59:27.764 W/PackageManager(  590): Package com.example.android.apis desires unavailable shared library com.example.will.never.exist; ignoring!
06-24 05:59:27.764 I/PackageManager(  590): Adjusting ABI for com.genymotion.systempatcher to x86_64 (requirer=android, scannedPackage=null)
06-24 05:59:27.764 I/PackageManager(  590): Adjusting ABI for com.android.inputdevices to x86_64 (requirer=android, scannedPackage=null)
06-24 05:59:27.764 I/PackageManager(  590): Adjusting ABI for com.genymobile.genymotionacme to x86_64 (requirer=android, scannedPackage=null)
06-24 05:59:27.764 I/PackageManager(  590): Adjusting ABI for com.genymotion.genyd to x86_64 (requirer=android, scannedPackage=null)
06-24 05:59:27.765 I/PackageManager(  590): Adjusting ABI for com.genymotion.superuser to x86_64 (requirer=android, scannedPackage=null)
06-24 05:59:27.765 I/PackageManager(  590): Adjusting ABI for com.android.wallpaperbackup to x86_64 (requirer=android, scannedPackage=null)
06-24 05:59:27.765 I/PackageManager(  590): Adjusting ABI for com.android.server.telecom to x86_64 (requirer=android, scannedPackage=null)
06-24 05:59:27.765 I/PackageManager(  590): Adjusting ABI for com.android.keychain to x86_64 (requirer=android, scannedPackage=null)
06-24 05:59:27.765 I/PackageManager(  590): Adjusting ABI for com.android.providers.settings to x86_64 (requirer=android, scannedPackage=null)
06-24 05:59:27.765 I/PackageManager(  590): Adjusting ABI for com.android.settings to x86_64 (requirer=android, scannedPackage=null)
06-24 05:59:27.765 I/PackageManager(  590): Adjusting ABI for com.android.location.fused to x86_64 (requirer=android, scannedPackage=null)
06-24 05:59:27.765 I/PackageManager(  590): Time to scan packages: 2.076 seconds
06-24 05:59:27.765 W/PackageManager(  590): Unknown permission com.google.android.googleapps.permission.GOOGLE_AUTH in package com.android.providers.calendar
06-24 05:59:27.765 W/PackageManager(  590): Unknown permission com.google.android.googleapps.permission.GOOGLE_AUTH.cl in package com.android.providers.calendar
06-24 05:59:27.765 W/PackageManager(  590): Not granting permission android.permission.GLOBAL_SEARCH to package com.android.quicksearchbox (protectionLevel=18 flags=0x3808be45)
06-24 05:59:27.766 W/PackageManager(  590): Not granting permission android.permission.WRITE_EXTERNAL_STORAGE to package gov.nasa.arc.astrobee.android.gs.manager because it was previously installed without
06-24 05:59:27.766 W/PackageManager(  590): Not granting permission android.permission.READ_EXTERNAL_STORAGE to package gov.nasa.arc.astrobee.android.gs.manager because it was previously installed without
06-24 05:59:27.766 W/PackageManager(  590): Not granting permission android.permission.BIND_WALLPAPER to package com.android.camera2 (protectionLevel=18 flags=0x3058bc45)
06-24 05:59:27.766 W/PackageManager(  590): Unknown permission com.android.launcher.permission.READ_SETTINGS in package com.android.launcher3
06-24 05:59:27.766 W/PackageManager(  590): Unknown permission com.android.launcher.permission.WRITE_SETTINGS in package com.android.launcher3
06-24 05:59:27.766 W/PackageManager(  590): Unknown permission com.google.android.googleapps.permission.GOOGLE_AUTH.mail in package com.android.calendar
06-24 05:59:27.766 W/PackageManager(  590): Unknown permission com.android.launcher.permission.READ_SETTINGS in package com.android.onetimeinitializer
06-24 05:59:27.766 W/PackageManager(  590): Unknown permission com.android.launcher.permission.WRITE_SETTINGS in package com.android.onetimeinitializer
06-24 05:59:27.766 W/PackageManager(  590): Unknown permission com.google.android.permission.INSTALL_WEARABLE_PACKAGES in package com.android.packageinstaller
06-24 05:59:27.766 W/PackageManager(  590): Not granting permission android.permission.DELETE_PACKAGES to package com.svox.pico (protectionLevel=18 flags=0x3808be45)
06-24 05:59:27.766 W/PackageManager(  590): Not granting permission android.permission.READ_CONTACTS to package com.example.android.apis because it was previously installed without
06-24 05:59:27.766 W/PackageManager(  590): Not granting permission android.permission.WRITE_CONTACTS to package com.example.android.apis because it was previously installed without
06-24 05:59:27.766 W/PackageManager(  590): Not granting permission android.permission.ACCESS_COARSE_LOCATION to package com.example.android.apis because it was previously installed without
06-24 05:59:27.766 W/PackageManager(  590): Not granting permission android.permission.WRITE_EXTERNAL_STORAGE to package com.example.android.apis because it was previously installed without
06-24 05:59:27.766 W/PackageManager(  590): Not granting permission android.permission.SEND_SMS to package com.example.android.apis because it was previously installed without
06-24 05:59:27.766 W/PackageManager(  590): Not granting permission android.permission.RECEIVE_SMS to package com.example.android.apis because it was previously installed without
06-24 05:59:27.766 W/PackageManager(  590): Not granting permission android.permission.RECEIVE_MMS to package com.example.android.apis because it was previously installed without
06-24 05:59:27.766 W/PackageManager(  590): Not granting permission android.permission.READ_SMS to package com.example.android.apis because it was previously installed without
06-24 05:59:27.766 W/PackageManager(  590): Not granting permission android.permission.READ_PHONE_STATE to package com.example.android.apis because it was previously installed without
06-24 05:59:27.766 W/PackageManager(  590): Not granting permission android.permission.RECORD_AUDIO to package com.example.android.apis because it was previously installed without
06-24 05:59:27.766 W/PackageManager(  590): Not granting permission android.permission.CAMERA to package com.example.android.apis because it was previously installed without
06-24 05:59:27.766 W/PackageManager(  590): Not granting permission android.permission.READ_EXTERNAL_STORAGE to package com.example.android.apis because it was previously installed without
06-24 05:59:27.766 W/PackageManager(  590): Unknown permission android.permission.RUN_INSTRUMENTATION in package org.chromium.webview_shell
06-24 05:59:27.766 W/PackageManager(  590): Unknown permission com.google.android.gallery3d.permission.PICASA_STORE in package com.android.dreams.phototable
06-24 05:59:27.766 W/PackageManager(  590): Unknown permission com.google.android.googleapps.permission.GOOGLE_AUTH in package com.android.settings
06-24 05:59:27.766 W/PackageManager(  590): Unknown permission com.android.launcher.permission.READ_SETTINGS in package com.android.settings
06-24 05:59:27.766 W/PackageManager(  590): Unknown permission com.android.launcher.permission.WRITE_SETTINGS in package com.android.settings
06-24 05:59:27.766 W/PackageManager(  590): Unknown permission com.google.android.gallery3d.permission.GALLERY_PROVIDER in package com.android.bluetooth
06-24 05:59:27.766 W/PackageManager(  590): Unknown permission com.google.android.googleapps.permission.ACCESS_GOOGLE_PASSWORD in package com.android.development
06-24 05:59:27.766 W/PackageManager(  590): Unknown permission com.google.android.googleapps.permission.GOOGLE_AUTH in package com.android.development
06-24 05:59:27.766 W/PackageManager(  590): Unknown permission com.google.android.googleapps.permission.GOOGLE_AUTH.ALL_SERVICES in package com.android.development
06-24 05:59:27.766 W/PackageManager(  590): Unknown permission com.google.android.googleapps.permission.GOOGLE_AUTH.YouTubeUser in package com.android.development
06-24 05:59:27.869 E/PackageManager(  590): There should probably be exactly one verifier; found []
06-24 05:59:27.881 I/art     (  590): Starting a blocking GC Explicit
06-24 05:59:27.888 I/art     (  590): Explicit concurrent mark sweep GC freed 6693(528KB) AllocSpace objects, 4(80KB) LOS objects, 33% free, 3MB/5MB, paused 74us total 6.845ms
06-24 05:59:27.890 I/SystemServer(  590): StartOtaDexOptService
06-24 05:59:27.892 I/SystemServer(  590): StartUserManagerService
06-24 05:59:27.892 I/SystemServiceManager(  590): Starting com.android.server.pm.UserManagerService$LifeCycle
06-24 05:59:27.896 I/lmkd    (  270): type=1400 audit(0.0:243): avc: denied { accept } for path="/dev/socket/lmkd" scontext=u:r:lmkd:s0 tcontext=u:r:init:s0 tclass=unix_stream_socket permissive=1
06-24 05:59:27.896 I/lmkd    (  270): type=1400 audit(0.0:244): avc: denied { sendto } for path="/dev/socket/logdw" scontext=u:r:lmkd:s0 tcontext=u:r:init:s0 tclass=unix_dgram_socket permissive=1
06-24 05:59:27.896 I/lmkd    (  270): type=1400 audit(0.0:245): avc: denied { read } for path="socket:[13361]" dev="sockfs" ino=13361 scontext=u:r:lmkd:s0 tcontext=u:r:init:s0 tclass=unix_stream_socket permissive=1
06-24 05:59:27.896 I/lowmemorykiller(  270): ActivityManager connected
06-24 05:59:27.952 I/netd    (  577): type=1400 audit(0.0:246): avc: denied { accept } for path="/dev/socket/fwmarkd" scontext=u:r:netd:s0 tcontext=u:r:init:s0 tclass=unix_stream_socket permissive=1
06-24 05:59:27.952 I/netd    (  577): type=1400 audit(0.0:247): avc: denied { getopt } for path="/dev/socket/fwmarkd" scontext=u:r:netd:s0 tcontext=u:r:init:s0 tclass=unix_stream_socket permissive=1
06-24 05:59:27.952 I/netd    (  577): type=1400 audit(0.0:248): avc: denied { read } for path="/dev/socket/fwmarkd" scontext=u:r:netd:s0 tcontext=u:r:init:s0 tclass=unix_stream_socket permissive=1
06-24 05:59:27.952 I/netd    (  577): type=1400 audit(0.0:249): avc: denied { write } for path="socket:[11647]" dev="sockfs" ino=11647 scontext=u:r:netd:s0 tcontext=u:r:init:s0 tclass=unix_stream_socket permissive=1
06-24 05:59:27.952 I/system_server(  590): type=1400 audit(0.0:250): avc: denied { call } for scontext=u:r:system_server:s0 tcontext=u:r:init:s0 tclass=binder permissive=1
06-24 05:59:27.952 I/system_server(  590): type=1400 audit(0.0:251): avc: denied { transfer } for scontext=u:r:system_server:s0 tcontext=u:r:init:s0 tclass=binder permissive=1
06-24 05:59:27.952 I/healthd (  290): type=1400 audit(0.0:252): avc: denied { call } for scontext=u:r:init:s0 tcontext=u:r:system_server:s0 tclass=binder permissive=1
06-24 05:59:27.954 I/Sensors (  590): Redis connect
06-24 05:59:27.964 E/        (  590): Reporting Mode incorrect: sensor Genymotion Pressure handle=0x00000006 type=6 actual=1 expected=0
06-24 05:59:27.974 I/SystemServiceManager(  590): Starting com.android.server.BatteryService
06-24 05:59:27.974 I/Sensors (  590): Redis read thread
06-24 05:59:27.975 I/Sensors (  590): Redis read wait
06-24 05:59:27.975 W/Sensors (  590): message not properly formated
06-24 05:59:27.977 I/SystemServiceManager(  590): Starting com.android.server.usage.UsageStatsService
06-24 05:59:27.981 I/SystemServiceManager(  590): Starting com.android.server.webkit.WebViewUpdateService
06-24 05:59:27.984 I/SystemServer(  590): Reading configuration...
06-24 05:59:27.984 I/SystemServer(  590): StartSchedulingPolicyService
06-24 05:59:27.984 I/SystemServiceManager(  590): Starting com.android.server.telecom.TelecomLoaderService
06-24 05:59:27.984 I/SystemServer(  590): StartTelephonyRegistry
06-24 05:59:27.986 I/SystemServer(  590): StartEntropyMixer
06-24 05:59:27.986 I/EntropyMixer(  590): Writing entropy...
06-24 05:59:27.991 I/SystemServer(  590): Camera Service
06-24 05:59:27.991 I/SystemServiceManager(  590): Starting com.android.server.camera.CameraService
06-24 05:59:27.993 I/ServiceThread(  590): Enabled StrictMode logging for CameraService_proxy looper.
06-24 05:59:27.993 I/SystemServer(  590): StartAccountManagerService
06-24 05:59:27.994 I/SystemServiceManager(  590): Starting com.android.server.accounts.AccountManagerService$Lifecycle
06-24 05:59:27.995 I/SystemServer(  590): StartContentService
06-24 05:59:27.996 I/SystemServiceManager(  590): Starting com.android.server.content.ContentService$Lifecycle
06-24 05:59:27.997 I/SystemServer(  590): InstallSystemProviders
06-24 05:59:28.000 W/System  (  590): ClassLoader referenced unknown path: /system/priv-app/SettingsProvider/lib/x86_64
06-24 05:59:28.009 I/SystemServer(  590): StartVibratorService
06-24 05:59:28.010 E/        (  590): Vibrator file does not exist : -1
06-24 05:59:28.010 E/        (  590): Vibrator device does not exist. Cannot start vibrator
06-24 05:59:28.010 W/VibratorService(  590): Tried to stop vibrating but there is no vibrator device.
06-24 05:59:28.011 I/SystemServer(  590): StartConsumerIrService
06-24 05:59:28.011 E/ConsumerIrService(  590): Can't open consumer IR HW Module, error: -2
06-24 05:59:28.011 I/SystemServer(  590): StartAlarmManagerService
06-24 05:59:28.011 I/SystemServiceManager(  590): Starting com.android.server.AlarmManagerService
06-24 05:59:28.012 W/AlarmManagerService(  590): no wall clock RTC found
06-24 05:59:28.013 I/SystemServer(  590): InitWatchdog
06-24 05:59:28.013 I/SystemServer(  590): StartInputManagerService
06-24 05:59:28.013 I/InputManager(  590): Initializing input manager, mUseDevInputEventForAudioJack=false
06-24 05:59:28.014 I/SystemServer(  590): StartWindowManagerService
06-24 05:59:28.060 I/WindowManager(  590): No existing display settings /data/system/display_settings.xml; starting empty
06-24 05:59:28.075 I/SystemServer(  590): StartVrManagerService
06-24 05:59:28.075 I/SystemServiceManager(  590): Starting com.android.server.vr.VrManagerService
06-24 05:59:28.092 W/VrManagerService(  590): init_native: Could not open VR hardware module, error No such file or directory (-2).
06-24 05:59:28.094 I/VrManagerService(  590): No VR packages found, disabling VR components
06-24 05:59:28.095 I/InputManager(  590): Starting input manager
06-24 05:59:28.095 I/EventHub(  590): ignoring event id /dev/input/event3 driver ImExPS/2 Generic Explorer Mouse
06-24 05:59:28.096 I/SystemServer(  590): No Bluetooth Service (emulator)
06-24 05:59:28.096 I/SystemServer(  590): ConnectivityMetricsLoggerService
06-24 05:59:28.096 I/SystemServiceManager(  590): Starting com.android.server.connectivity.MetricsLoggerService
06-24 05:59:28.097 I/SystemServer(  590): PinnerService
06-24 05:59:28.097 I/SystemServiceManager(  590): Starting com.android.server.PinnerService
06-24 05:59:28.097 E/PinnerService(  590): Starting PinnerService
06-24 05:59:28.098 I/SystemServiceManager(  590): Starting com.android.server.InputMethodManagerService$Lifecycle
06-24 05:59:28.128 E/EventHub(  590): could not get driver version for /dev/input/mouse0, Not a typewriter
06-24 05:59:28.144 I/lmkd    (  270): type=1400 audit(0.0:253): avc: denied { read } for path="socket:[13361]" dev="sockfs" ino=13361 scontext=u:r:lmkd:s0 tcontext=u:r:init:s0 tclass=unix_stream_socket permissive=1
06-24 05:59:28.145 I/SystemServer(  590): StartAccessibilityManagerService
06-24 05:59:28.168 I/ActivityManager(  590): Config changes=1df8 {1.0 ?mcc?mnc [en_US] ldltr sw600dp w600dp h1024dp 160dpi lrg long port ?uimode ?night -touch -keyb/v/h -nav/h s.2}
06-24 05:59:28.169 I/ActivityManager(  590): Config changes=500 {1.0 ?mcc?mnc [en_US] ldltr sw600dp w600dp h952dp 160dpi lrg port ?uimode ?night -touch -keyb/v/h -nav/h s.3}
06-24 05:59:28.170 I/UsageStatsService(  590): User[0] Rollover scheduled @ 2023-06-25 05:59:28(1687687168168)
06-24 05:59:28.170 E/AppIdleHistory(  590): Unable to read app idle file for user 0
06-24 05:59:28.174 I/SystemServiceManager(  590): Starting com.android.server.MountService$Lifecycle
06-24 05:59:28.180 I/vold    (  127): type=1400 audit(0.0:254): avc: denied { accept } for path="/dev/socket/vold" scontext=u:r:vold:s0 tcontext=u:r:init:s0 tclass=unix_stream_socket permissive=1
06-24 05:59:28.180 I/vold    (  127): type=1400 audit(0.0:255): avc: denied { getopt } for path="/dev/socket/vold" scontext=u:r:vold:s0 tcontext=u:r:init:s0 tclass=unix_stream_socket permissive=1
06-24 05:59:28.180 W/EventHub(  590): Unable to disable kernel key repeat for /dev/input/event1: Function not implemented
06-24 05:59:28.180 I/EventHub(  590): New device: id=1, fd=96, path='/dev/input/event1', name='Sleep Button', classes=0x1, configuration='', keyLayout='/system/usr/keylayout/Generic.kl', keyCharacterMap='/system/usr/keychars/Generic.kcm', builtinKeyboard=false, wakeMechanism=EPOLLWAKEUP, usingClockIoctl=true
06-24 05:59:28.181 W/EventHub(  590): Unable to disable kernel key repeat for /dev/input/event0: Function not implemented
06-24 05:59:28.181 I/EventHub(  590): New device: id=2, fd=99, path='/dev/input/event0', name='Power Button', classes=0x1, configuration='', keyLayout='/system/usr/keylayout/Generic.kl', keyCharacterMap='/system/usr/keychars/Generic.kcm', builtinKeyboard=false, wakeMechanism=EPOLLWAKEUP, usingClockIoctl=true
06-24 05:59:28.182 I/EventHub(  590): New device: id=3, fd=100, path='/dev/input/event2', name='AT Translated Set 2 keyboard', classes=0x3, configuration='', keyLayout='/system/usr/keylayout/AT_Translated_Set_2_keyboard.kl', keyCharacterMap='/system/usr/keychars/Generic.kcm', builtinKeyboard=false, wakeMechanism=EPOLLWAKEUP, usingClockIoctl=true
06-24 05:59:28.182 E/EventHub(  590): could not get driver version for /dev/input/mice, Not a typewriter
06-24 05:59:28.182 I/SystemServiceManager(  590): Starting com.android.server.UiModeManagerService
06-24 05:59:28.183 I/ActivityManager(  590): Config changes=200 {1.0 ?mcc?mnc [en_US] ldltr sw600dp w600dp h952dp 160dpi lrg port -touch -keyb/v/h -nav/h s.4}
06-24 05:59:28.200 I/vold    (  128): type=1400 audit(0.0:256): avc: denied { read } for path="socket:[11722]" dev="sockfs" ino=11722 scontext=u:r:vold:s0 tcontext=u:r:init:s0 tclass=unix_stream_socket permissive=1
06-24 05:59:28.200 I/vold    (  128): type=1400 audit(0.0:257): avc: denied { write } for path="socket:[11722]" dev="sockfs" ino=11722 scontext=u:r:vold:s0 tcontext=u:r:init:s0 tclass=unix_stream_socket permissive=1
06-24 05:59:28.202 W/PackageManager(  590): No disk maintenance in 40886014202; running immediately
06-24 05:59:28.203 I/SystemServer(  590): StartLockSettingsService
06-24 05:59:28.203 I/SystemServiceManager(  590): Starting com.android.server.LockSettingsService$Lifecycle
06-24 05:59:28.208 I/SystemServiceManager(  590): Starting com.android.server.DeviceIdleController
06-24 05:59:28.209 I/SystemServiceManager(  590): Starting com.android.server.devicepolicy.DevicePolicyManagerService$Lifecycle
06-24 05:59:28.210 W/MountService(  590): No primary storage mounted!
06-24 05:59:28.212 I/PackageManager(  590): No secure containers found
06-24 05:59:28.212 W/PackageManager(  590): Unknown permission com.google.android.googleapps.permission.GOOGLE_AUTH in package com.android.providers.calendar
06-24 05:59:28.212 W/PackageManager(  590): Unknown permission com.google.android.googleapps.permission.GOOGLE_AUTH.cl in package com.android.providers.calendar
06-24 05:59:28.212 W/PackageManager(  590): Not granting permission android.permission.GLOBAL_SEARCH to package com.android.quicksearchbox (protectionLevel=18 flags=0x3888be45)
06-24 05:59:28.212 W/PackageManager(  590): Not granting permission android.permission.WRITE_EXTERNAL_STORAGE to package gov.nasa.arc.astrobee.android.gs.manager because it was previously installed without
06-24 05:59:28.212 W/PackageManager(  590): Not granting permission android.permission.READ_EXTERNAL_STORAGE to package gov.nasa.arc.astrobee.android.gs.manager because it was previously installed without
06-24 05:59:28.212 W/PackageManager(  590): Not granting permission android.permission.BIND_WALLPAPER to package com.android.camera2 (protectionLevel=18 flags=0x30d8bc45)
06-24 05:59:28.212 W/PackageManager(  590): Unknown permission com.android.launcher.permission.READ_SETTINGS in package com.android.launcher3
06-24 05:59:28.212 W/PackageManager(  590): Unknown permission com.android.launcher.permission.WRITE_SETTINGS in package com.android.launcher3
06-24 05:59:28.213 W/PackageManager(  590): Unknown permission com.google.android.googleapps.permission.GOOGLE_AUTH.mail in package com.android.calendar
06-24 05:59:28.213 W/PackageManager(  590): Unknown permission com.android.launcher.permission.READ_SETTINGS in package com.android.onetimeinitializer
06-24 05:59:28.213 W/PackageManager(  590): Unknown permission com.android.launcher.permission.WRITE_SETTINGS in package com.android.onetimeinitializer
06-24 05:59:28.213 W/PackageManager(  590): Unknown permission com.google.android.permission.INSTALL_WEARABLE_PACKAGES in package com.android.packageinstaller
06-24 05:59:28.213 W/PackageManager(  590): Not granting permission android.permission.DELETE_PACKAGES to package com.svox.pico (protectionLevel=18 flags=0x3888be45)
06-24 05:59:28.213 W/PackageManager(  590): Not granting permission android.permission.READ_CONTACTS to package com.example.android.apis because it was previously installed without
06-24 05:59:28.213 W/PackageManager(  590): Not granting permission android.permission.WRITE_CONTACTS to package com.example.android.apis because it was previously installed without
06-24 05:59:28.213 W/PackageManager(  590): Not granting permission android.permission.ACCESS_COARSE_LOCATION to package com.example.android.apis because it was previously installed without
06-24 05:59:28.213 W/PackageManager(  590): Not granting permission android.permission.WRITE_EXTERNAL_STORAGE to package com.example.android.apis because it was previously installed without
06-24 05:59:28.213 W/PackageManager(  590): Not granting permission android.permission.SEND_SMS to package com.example.android.apis because it was previously installed without
06-24 05:59:28.213 W/PackageManager(  590): Not granting permission android.permission.RECEIVE_SMS to package com.example.android.apis because it was previously installed without
06-24 05:59:28.213 W/PackageManager(  590): Not granting permission android.permission.RECEIVE_MMS to package com.example.android.apis because it was previously installed without
06-24 05:59:28.213 W/PackageManager(  590): Not granting permission android.permission.READ_SMS to package com.example.android.apis because it was previously installed without
06-24 05:59:28.213 W/PackageManager(  590): Not granting permission android.permission.READ_PHONE_STATE to package com.example.android.apis because it was previously installed without
06-24 05:59:28.213 W/PackageManager(  590): Not granting permission android.permission.RECORD_AUDIO to package com.example.android.apis because it was previously installed without
06-24 05:59:28.213 W/PackageManager(  590): Not granting permission android.permission.CAMERA to package com.example.android.apis because it was previously installed without
06-24 05:59:28.213 W/PackageManager(  590): Not granting permission android.permission.READ_EXTERNAL_STORAGE to package com.example.android.apis because it was previously installed without
06-24 05:59:28.213 W/PackageManager(  590): Unknown permission android.permission.RUN_INSTRUMENTATION in package org.chromium.webview_shell
06-24 05:59:28.213 W/PackageManager(  590): Unknown permission com.google.android.gallery3d.permission.PICASA_STORE in package com.android.dreams.phototable
06-24 05:59:28.213 W/PackageManager(  590): Unknown permission com.google.android.googleapps.permission.GOOGLE_AUTH in package com.android.settings
06-24 05:59:28.213 W/PackageManager(  590): Unknown permission com.android.launcher.permission.READ_SETTINGS in package com.android.settings
06-24 05:59:28.213 W/PackageManager(  590): Unknown permission com.android.launcher.permission.WRITE_SETTINGS in package com.android.settings
06-24 05:59:28.213 W/PackageManager(  590): Unknown permission com.google.android.gallery3d.permission.GALLERY_PROVIDER in package com.android.bluetooth
06-24 05:59:28.213 W/PackageManager(  590): Unknown permission com.google.android.googleapps.permission.ACCESS_GOOGLE_PASSWORD in package com.android.development
06-24 05:59:28.213 W/PackageManager(  590): Unknown permission com.google.android.googleapps.permission.GOOGLE_AUTH in package com.android.development
06-24 05:59:28.213 W/PackageManager(  590): Unknown permission com.google.android.googleapps.permission.GOOGLE_AUTH.ALL_SERVICES in package com.android.development
06-24 05:59:28.213 W/PackageManager(  590): Unknown permission com.google.android.googleapps.permission.GOOGLE_AUTH.YouTubeUser in package com.android.development
06-24 05:59:28.240 I/vold    (  635): type=1400 audit(0.0:258): avc: denied { sendto } for path="/dev/socket/logdw" scontext=u:r:vold:s0 tcontext=u:r:init:s0 tclass=unix_dgram_socket permissive=1
06-24 05:59:28.240 I/SystemServer(  590): StartStatusBarManagerService
06-24 05:59:28.241 I/SystemServer(  590): StartClipboardService
06-24 05:59:28.241 I/SystemServer(  590): StartNetworkManagementService
06-24 05:59:28.241 W/MountService(  590): No primary storage defined yet; hacking together a stub
06-24 05:59:28.241 W/MountService(  590): No primary storage defined yet; hacking together a stub
06-24 05:59:28.242 W/MountService(  590): No primary storage mounted!
06-24 05:59:28.242 I/MountService(  590): Running fstrim idle maintenance
06-24 05:59:28.244 W/vold    (  122): Trim failed on /cache: Operation not supported on transport endpoint
06-24 05:59:28.244 E/VoldConnector(  590): Error handling '662 /cache -1 -1': java.lang.NullPointerException: Attempt to invoke virtual method 'void android.os.DropBoxManager.addText(java.lang.String, java.lang.String)' on a null object reference
06-24 05:59:28.244 W/vold    (  122): Trim failed on /data: Operation not supported on transport endpoint
06-24 05:59:28.245 E/VoldConnector(  590): Error handling '662 /data -1 -1': java.lang.NullPointerException: Attempt to invoke virtual method 'void android.os.DropBoxManager.addText(java.lang.String, java.lang.String)' on a null object reference
06-24 05:59:28.245 I/NetworkManagement(  590): onDaemonConnected()
06-24 05:59:28.245 I/SystemServiceManager(  590): Starting com.android.server.TextServicesManagerService$Lifecycle
06-24 05:59:28.247 I/SystemServer(  590): StartNetworkScoreService
06-24 05:59:28.248 I/SystemServer(  590): StartNetworkStatsService
06-24 05:59:28.251 I/SystemServer(  590): StartNetworkPolicyManagerService
06-24 05:59:28.253 I/SystemServer(  590): No Wi-Fi NAN Service (NAN support Not Present)
06-24 05:59:28.280 I/RenderThread(  633): type=1400 audit(0.0:259): avc: denied { read } for name="fb0" dev="tmpfs" ino=8663 scontext=u:r:system_server:s0 tcontext=u:object_r:graphics_device:s0 tclass=chr_file permissive=1
06-24 05:59:28.280 I/RenderThread(  633): type=1400 audit(0.0:260): avc: denied { open } for path="/dev/graphics/fb0" dev="tmpfs" ino=8663 scontext=u:r:system_server:s0 tcontext=u:object_r:graphics_device:s0 tclass=chr_file permissive=1
06-24 05:59:28.280 I/RenderThread(  633): type=1400 audit(0.0:261): avc: denied { ioctl } for path="/dev/graphics/fb0" dev="tmpfs" ino=8663 ioctlcmd=4600 scontext=u:r:system_server:s0 tcontext=u:object_r:graphics_device:s0 tclass=chr_file permissive=1
06-24 05:59:28.281 I/OpenGLRenderer(  590): Initialized EGL, version 1.4
06-24 05:59:28.304 I/RenderThread(  633): type=1400 audit(0.0:262): avc: denied { execmem } for scontext=u:r:system_server:s0 tcontext=u:r:system_server:s0 tclass=process permissive=1
06-24 05:59:28.305 I/SystemServiceManager(  590): Starting com.android.server.wifi.p2p.WifiP2pService
06-24 05:59:28.340 I/InputReader(  590): Device added: id=-1, name='Virtual', sources=0x00000301
06-24 05:59:28.340 I/InputReader(  590): Device added: id=3, name='AT Translated Set 2 keyboard', sources=0x00000101
06-24 05:59:28.340 I/InputReader(  590): Device added: id=2, name='Power Button', sources=0x00000101
06-24 05:59:28.340 I/InputReader(  590): Device added: id=1, name='Sleep Button', sources=0x00000101
06-24 05:59:28.340 I/InputReader(  590): Reconfiguring input devices.  changes=0x00000004
06-24 05:59:28.340 I/ActivityManager(  590): Config changes=30 {1.0 ?mcc?mnc [en_US] ldltr sw600dp w600dp h952dp 160dpi lrg port -touch qwerty/v/v -nav/h s.5}
06-24 05:59:28.402 I/WifiP2pService(  590): Registering wifip2p
06-24 05:59:28.402 I/SystemServiceManager(  590): Starting com.android.server.wifi.WifiService
06-24 05:59:28.604 I/SurfaceFlinger(  275): Boot is finished (9592 ms)
06-24 05:59:28.636 E/WifiLogger(  590): no ring buffers found
06-24 05:59:28.636 E/WifiLogger(  590): Failed to start packet fate monitoring
06-24 05:59:28.638 I/WifiService(  590): Registering wifi
06-24 05:59:28.640 I/SystemServiceManager(  590): Starting com.android.server.wifi.scanner.WifiScanningService
06-24 05:59:28.640 I/WifiScanningService(  590): Creating wifiscanner
06-24 05:59:28.640 I/WifiScanningService(  590): Publishing wifiscanner
06-24 05:59:28.641 I/SystemServiceManager(  590): Starting com.android.server.wifi.RttService
06-24 05:59:28.656 I/RttService(  590): Creating rttmanager
06-24 05:59:28.656 I/RttService(  590): Starting rttmanager
06-24 05:59:28.657 I/SystemServiceManager(  590): Starting com.android.server.ethernet.EthernetService
06-24 05:59:28.657 I/EthernetServiceImpl(  590): Creating EthernetConfigStore
06-24 05:59:28.657 E/IpConfigStore(  590): Error parsing configuration: java.io.FileNotFoundException: /data/misc/ethernet/ipconfig.txt (No such file or directory)
06-24 05:59:28.658 W/EthernetConfigStore(  590): No Ethernet configuration found. Using default.
06-24 05:59:28.658 I/EthernetServiceImpl(  590): Read stored IP configuration: IP assignment: DHCP
06-24 05:59:28.658 I/EthernetServiceImpl(  590): Proxy settings: NONE
06-24 05:59:28.658 I/EthernetService(  590): Registering service ethernet
06-24 05:59:28.658 I/SystemServer(  590): StartConnectivityService
06-24 05:59:28.662 I/SystemServer(  590): StartNsdService
06-24 05:59:28.674 I/SystemServer(  590): StartUpdateLockService
06-24 05:59:28.674 I/SystemServiceManager(  590): Starting com.android.server.RecoverySystemService
06-24 05:59:28.675 I/SystemServiceManager(  590): Starting com.android.server.notification.NotificationManagerService
06-24 05:59:28.685 I/SystemServiceManager(  590): Starting com.android.server.storage.DeviceStorageMonitorService
06-24 05:59:28.685 I/SystemServer(  590): StartLocationManagerService
